Archive member included to satisfy reference by file (symbol)

/home/dream/02-software/006-gcc-arm-none-eabi/bin/../lib/gcc/arm-none-eabi/10.3.1/../../../../arm-none-eabi/lib/thumb/v7e-m+fp/hard/libstdc++.a(class_type_info.o)
                              CMakeFiles/Autobot_basement1_0.elf.dir/Core/Src/robot.cpp.obj (vtable for __cxxabiv1::__class_type_info)
/home/dream/02-software/006-gcc-arm-none-eabi/bin/../lib/gcc/arm-none-eabi/10.3.1/../../../../arm-none-eabi/lib/thumb/v7e-m+fp/hard/libstdc++.a(del_ops.o)
                              /home/dream/02-software/006-gcc-arm-none-eabi/bin/../lib/gcc/arm-none-eabi/10.3.1/../../../../arm-none-eabi/lib/thumb/v7e-m+fp/hard/libstdc++.a(class_type_info.o) (operator delete(void*, unsigned int))
/home/dream/02-software/006-gcc-arm-none-eabi/bin/../lib/gcc/arm-none-eabi/10.3.1/../../../../arm-none-eabi/lib/thumb/v7e-m+fp/hard/libstdc++.a(pure.o)
                              CMakeFiles/Autobot_basement1_0.elf.dir/Core/Src/robot.cpp.obj (__cxa_pure_virtual)
/home/dream/02-software/006-gcc-arm-none-eabi/bin/../lib/gcc/arm-none-eabi/10.3.1/../../../../arm-none-eabi/lib/thumb/v7e-m+fp/hard/libstdc++.a(si_class_type_info.o)
                              CMakeFiles/Autobot_basement1_0.elf.dir/Core/Src/robot.cpp.obj (vtable for __cxxabiv1::__si_class_type_info)
/home/dream/02-software/006-gcc-arm-none-eabi/bin/../lib/gcc/arm-none-eabi/10.3.1/../../../../arm-none-eabi/lib/thumb/v7e-m+fp/hard/libstdc++.a(tinfo.o)
                              /home/dream/02-software/006-gcc-arm-none-eabi/bin/../lib/gcc/arm-none-eabi/10.3.1/../../../../arm-none-eabi/lib/thumb/v7e-m+fp/hard/libstdc++.a(class_type_info.o) (std::type_info::~type_info())
/home/dream/02-software/006-gcc-arm-none-eabi/bin/../lib/gcc/arm-none-eabi/10.3.1/../../../../arm-none-eabi/lib/thumb/v7e-m+fp/hard/libstdc++.a(del_op.o)
                              /home/dream/02-software/006-gcc-arm-none-eabi/bin/../lib/gcc/arm-none-eabi/10.3.1/../../../../arm-none-eabi/lib/thumb/v7e-m+fp/hard/libstdc++.a(del_ops.o) (operator delete(void*))
/home/dream/02-software/006-gcc-arm-none-eabi/bin/../lib/gcc/arm-none-eabi/10.3.1/../../../../arm-none-eabi/lib/thumb/v7e-m+fp/hard/libstdc++.a(eh_terminate.o)
                              /home/dream/02-software/006-gcc-arm-none-eabi/bin/../lib/gcc/arm-none-eabi/10.3.1/../../../../arm-none-eabi/lib/thumb/v7e-m+fp/hard/libstdc++.a(pure.o) (std::terminate())
/home/dream/02-software/006-gcc-arm-none-eabi/bin/../lib/gcc/arm-none-eabi/10.3.1/../../../../arm-none-eabi/lib/thumb/v7e-m+fp/hard/libstdc++.a(eh_unex_handler.o)
                              /home/dream/02-software/006-gcc-arm-none-eabi/bin/../lib/gcc/arm-none-eabi/10.3.1/../../../../arm-none-eabi/lib/thumb/v7e-m+fp/hard/libstdc++.a(eh_terminate.o) (__cxxabiv1::__unexpected_handler)
/home/dream/02-software/006-gcc-arm-none-eabi/bin/../lib/gcc/arm-none-eabi/10.3.1/../../../../arm-none-eabi/lib/thumb/v7e-m+fp/hard/libstdc++.a(vterminate.o)
                              /home/dream/02-software/006-gcc-arm-none-eabi/bin/../lib/gcc/arm-none-eabi/10.3.1/../../../../arm-none-eabi/lib/thumb/v7e-m+fp/hard/libstdc++.a(eh_terminate.o) (__gnu_cxx::__verbose_terminate_handler())
/home/dream/02-software/006-gcc-arm-none-eabi/bin/../lib/gcc/arm-none-eabi/10.3.1/../../../../arm-none-eabi/lib/thumb/v7e-m+fp/hard/libstdc++.a(cp-demangle.o)
                              /home/dream/02-software/006-gcc-arm-none-eabi/bin/../lib/gcc/arm-none-eabi/10.3.1/../../../../arm-none-eabi/lib/thumb/v7e-m+fp/hard/libstdc++.a(vterminate.o) (__cxa_demangle)
/home/dream/02-software/006-gcc-arm-none-eabi/bin/../lib/gcc/arm-none-eabi/10.3.1/../../../../arm-none-eabi/lib/thumb/v7e-m+fp/hard/libstdc++.a(eh_arm.o)
                              /home/dream/02-software/006-gcc-arm-none-eabi/bin/../lib/gcc/arm-none-eabi/10.3.1/../../../../arm-none-eabi/lib/thumb/v7e-m+fp/hard/libstdc++.a(eh_terminate.o) (__cxa_end_cleanup)
/home/dream/02-software/006-gcc-arm-none-eabi/bin/../lib/gcc/arm-none-eabi/10.3.1/../../../../arm-none-eabi/lib/thumb/v7e-m+fp/hard/libstdc++.a(eh_call.o)
                              /home/dream/02-software/006-gcc-arm-none-eabi/bin/../lib/gcc/arm-none-eabi/10.3.1/../../../../arm-none-eabi/lib/thumb/v7e-m+fp/hard/libstdc++.a(eh_terminate.o) (__cxa_call_unexpected)
/home/dream/02-software/006-gcc-arm-none-eabi/bin/../lib/gcc/arm-none-eabi/10.3.1/../../../../arm-none-eabi/lib/thumb/v7e-m+fp/hard/libstdc++.a(eh_catch.o)
                              /home/dream/02-software/006-gcc-arm-none-eabi/bin/../lib/gcc/arm-none-eabi/10.3.1/../../../../arm-none-eabi/lib/thumb/v7e-m+fp/hard/libstdc++.a(eh_terminate.o) (__cxa_begin_catch)
/home/dream/02-software/006-gcc-arm-none-eabi/bin/../lib/gcc/arm-none-eabi/10.3.1/../../../../arm-none-eabi/lib/thumb/v7e-m+fp/hard/libstdc++.a(eh_exception.o)
[...]
Memory Configuration

Name             Origin             Length             Attributes
RAM              0x0000000020000000 0x0000000000020000 xrw
CCMRAM           0x0000000010000000 0x0000000000010000 xrw
FLASH            0x0000000008000000 0x0000000000100000 xr
*default*        0x0000000000000000 0xffffffffffffffff

Linker script and memory map

LOAD /home/dream/02-software/006-gcc-arm-none-eabi/bin/../lib/gcc/arm-none-eabi/10.3.1/thumb/v7e-m+fp/hard/crti.o
LOAD /home/dream/02-software/006-gcc-arm-none-eabi/bin/../lib/gcc/arm-none-eabi/10.3.1/thumb/v7e-m+fp/hard/crtbegin.o
LOAD /home/dream/02-software/006-gcc-arm-none-eabi/bin/../lib/gcc/arm-none-eabi/10.3.1/../../../../arm-none-eabi/lib/thumb/v7e-m+fp/hard/crt0.o
LOAD CMakeFiles/Autobot_basement1_0.elf.dir/Core/Inc/duration.cpp.obj
LOAD CMakeFiles/Autobot_basement1_0.elf.dir/Core/Inc/time.cpp.obj
LOAD CMakeFiles/Autobot_basement1_0.elf.dir/Core/Src/freertos.c.obj
LOAD CMakeFiles/Autobot_basement1_0.elf.dir/Core/Src/main.c.obj
LOAD CMakeFiles/Autobot_basement1_0.elf.dir/Core/Src/robot.cpp.obj
LOAD CMakeFiles/Autobot_basement1_0.elf.dir/Core/Src/stm32f4xx_hal_msp.c.obj
LOAD CMakeFiles/Autobot_basement1_0.elf.dir/Core/Src/stm32f4xx_hal_timebase_tim.c.obj
LOAD CMakeFiles/Autobot_basement1_0.elf.dir/Core/Src/stm32f4xx_it.c.obj
LOAD CMakeFiles/Autobot_basement1_0.elf.dir/Core/Src/syscalls.c.obj
LOAD CMakeFiles/Autobot_basement1_0.elf.dir/Core/Src/system_stm32f4xx.c.obj
LOAD CMakeFiles/Autobot_basement1_0.elf.dir/Core/stm32Library/algorithm.c.obj
LOAD CMakeFiles/Autobot_basement1_0.elf.dir/Core/stm32Library/communication.c.obj
LOAD CMakeFiles/Autobot_basement1_0.elf.dir/Core/stm32Library/macro.c.obj
LOAD CMakeFiles/Autobot_basement1_0.elf.dir/Core/stm32Library/motorControl.c.obj
LOAD CMakeFiles/Autobot_basement1_0.elf.dir/Core/stm32Library/oled.c.obj
LOAD CMakeFiles/Autobot_basement1_0.elf.dir/Drivers/STM32F4xx_HAL_Driver/Src/stm32f4xx_hal.c.obj
LOAD CMakeFiles/Autobot_basement1_0.elf.dir/Drivers/STM32F4xx_HAL_Driver/Src/stm32f4xx_hal_cortex.c.obj
LOAD CMakeFiles/Autobot_basement1_0.elf.dir/Drivers/STM32F4xx_HAL_Driver/Src/stm32f4xx_hal_dma.c.obj
LOAD CMakeFiles/Autobot_basement1_0.elf.dir/Drivers/STM32F4xx_HAL_Driver/Src/stm32f4xx_hal_dma_ex.c.obj
LOAD CMakeFiles/Autobot_basement1_0.elf.dir/Drivers/STM32F4xx_HAL_Driver/Src/stm32f4xx_hal_exti.c.obj
LOAD CMakeFiles/Autobot_basement1_0.elf.dir/Drivers/STM32F4xx_HAL_Driver/Src/stm32f4xx_hal_flash.c.obj
LOAD CMakeFiles/Autobot_basement1_0.elf.dir/Drivers/STM32F4xx_HAL_Driver/Src/stm32f4xx_hal_flash_ex.c.obj
LOAD CMakeFiles/Autobot_basement1_0.elf.dir/Drivers/STM32F4xx_HAL_Driver/Src/stm32f4xx_hal_flash_ramfunc.c.obj
LOAD CMakeFiles/Autobot_basement1_0.elf.dir/Drivers/STM32F4xx_HAL_Driver/Src/stm32f4xx_hal_gpio.c.obj
LOAD CMakeFiles/Autobot_basement1_0.elf.dir/Drivers/STM32F4xx_HAL_Driver/Src/stm32f4xx_hal_pcd.c.obj
LOAD CMakeFiles/Autobot_basement1_0.elf.dir/Drivers/STM32F4xx_HAL_Driver/Src/stm32f4xx_hal_pcd_ex.c.obj
LOAD CMakeFiles/Autobot_basement1_0.elf.dir/Drivers/STM32F4xx_HAL_Driver/Src/stm32f4xx_hal_pwr.c.obj
LOAD CMakeFiles/Autobot_basement1_0.elf.dir/Drivers/STM32F4xx_HAL_Driver/Src/stm32f4xx_hal_pwr_ex.c.obj
LOAD CMakeFiles/Autobot_basement1_0.elf.dir/Drivers/STM32F4xx_HAL_Driver/Src/stm32f4xx_hal_rcc.c.obj
LOAD CMakeFiles/Autobot_basement1_0.elf.dir/Drivers/STM32F4xx_HAL_Driver/Src/stm32f4xx_hal_rcc_ex.c.obj
LOAD CMakeFiles/Autobot_basement1_0.elf.dir/Drivers/STM32F4xx_HAL_Driver/Src/stm32f4xx_hal_tim.c.obj
LOAD CMakeFiles/Autobot_basement1_0.elf.dir/Drivers/STM32F4xx_HAL_Driver/Src/stm32f4xx_hal_tim_ex.c.obj
LOAD CMakeFiles/Autobot_basement1_0.elf.dir/Drivers/STM32F4xx_HAL_Driver/Src/stm32f4xx_hal_uart.c.obj
LOAD CMakeFiles/Autobot_basement1_0.elf.dir/Drivers/STM32F4xx_HAL_Driver/Src/stm32f4xx_ll_usb.c.obj
LOAD CMakeFiles/Autobot_basement1_0.elf.dir/Middlewares/ST/STM32_USB_Device_Library/Class/CDC/Src/usbd_cdc.c.obj
LOAD CMakeFiles/Autobot_basement1_0.elf.dir/Middlewares/ST/STM32_USB_Device_Library/Core/Src/usbd_core.c.obj
LOAD CMakeFiles/Autobot_basement1_0.elf.dir/Middlewares/ST/STM32_USB_Device_Library/Core/Src/usbd_ctlreq.c.obj
LOAD CMakeFiles/Autobot_basement1_0.elf.dir/Middlewares/ST/STM32_USB_Device_Library/Core/Src/usbd_ioreq.c.obj
LOAD CMakeFiles/Autobot_basement1_0.elf.dir/Middlewares/Third_Party/FreeRTOS/Source/CMSIS_RTOS/cmsis_os.c.obj
LOAD CMakeFiles/Autobot_basement1_0.elf.dir/Middlewares/Third_Party/FreeRTOS/Source/croutine.c.obj
LOAD CMakeFiles/Autobot_basement1_0.elf.dir/Middlewares/Third_Party/FreeRTOS/Source/event_groups.c.obj
LOAD CMakeFiles/Autobot_basement1_0.elf.dir/Middlewares/Third_Party/FreeRTOS/Source/list.c.obj
LOAD CMakeFiles/Autobot_basement1_0.elf.dir/Middlewares/Third_Party/FreeRTOS/Source/portable/GCC/ARM_CM4F/port.c.obj
LOAD CMakeFiles/Autobot_basement1_0.elf.dir/Middlewares/Third_Party/FreeRTOS/Source/portable/MemMang/heap_4.c.obj
LOAD CMakeFiles/Autobot_basement1_0.elf.dir/Middlewares/Third_Party/FreeRTOS/Source/queue.c.obj
LOAD CMakeFiles/Autobot_basement1_0.elf.dir/Middlewares/Third_Party/FreeRTOS/Source/stream_buffer.c.obj
LOAD CMakeFiles/Autobot_basement1_0.elf.dir/Middlewares/Third_Party/FreeRTOS/Source/tasks.c.obj
LOAD CMakeFiles/Autobot_basement1_0.elf.dir/Middlewares/Third_Party/FreeRTOS/Source/timers.c.obj
LOAD CMakeFiles/Autobot_basement1_0.elf.dir/USB_DEVICE/App/usb_device.c.obj
LOAD CMakeFiles/Autobot_basement1_0.elf.dir/USB_DEVICE/App/usbd_cdc_if.c.obj
LOAD CMakeFiles/Autobot_basement1_0.elf.dir/USB_DEVICE/App/usbd_desc.c.obj
LOAD CMakeFiles/Autobot_basement1_0.elf.dir/USB_DEVICE/Target/usbd_conf.c.obj
LOAD CMakeFiles/Autobot_basement1_0.elf.dir/startup/startup_stm32f407xx.s.obj
LOAD /home/dream/02-software/006-gcc-arm-none-eabi/bin/../lib/gcc/arm-none-eabi/10.3.1/../../../../arm-none-eabi/lib/thumb/v7e-m+fp/hard/libstdc++.a
LOAD /home/dream/02-software/006-gcc-arm-none-eabi/bin/../lib/gcc/arm-none-eabi/10.3.1/../../../../arm-none-eabi/lib/thumb/v7e-m+fp/hard/libm.a
START GROUP
LOAD /home/dream/02-software/006-gcc-arm-none-eabi/bin/../lib/gcc/arm-none-eabi/10.3.1/thumb/v7e-m+fp/hard/libgcc.a
LOAD /home/dream/02-software/006-gcc-arm-none-eabi/bin/../lib/gcc/arm-none-eabi/10.3.1/../../../../arm-none-eabi/lib/thumb/v7e-m+fp/hard/libg.a
LOAD /home/dream/02-software/006-gcc-arm-none-eabi/bin/../lib/gcc/arm-none-eabi/10.3.1/../../../../arm-none-eabi/lib/thumb/v7e-m+fp/hard/libc.a
END GROUP
LOAD /home/dream/02-software/006-gcc-arm-none-eabi/bin/../lib/gcc/arm-none-eabi/10.3.1/thumb/v7e-m+fp/hard/crtend.o
LOAD /home/dream/02-software/006-gcc-arm-none-eabi/bin/../lib/gcc/arm-none-eabi/10.3.1/thumb/v7e-m+fp/hard/crtn.o
                0x0000000020020000                _estack = 0x20020000
                0x0000000000000200                _Min_Heap_Size = 0x200
                0x0000000000000400                _Min_Stack_Size = 0x400

.isr_vector     0x0000000008000000      0x188
                0x0000000008000000                . = ALIGN (0x4)
 *(.isr_vector)
 .isr_vector    0x0000000008000000      0x188 CMakeFiles/Autobot_basement1_0.elf.dir/startup/startup_stm32f407xx.s.obj
                0x0000000008000000                g_pfnVectors
                0x0000000008000188                . = ALIGN (0x4)

.text           0x00000000080001c0    0x1600c
                0x00000000080001c0                . = ALIGN (0x4)
 *(.text)
 .text          0x00000000080001c0       0x40 /home/dream/02-software/006-gcc-arm-none-eabi/bin/../lib/gcc/arm-none-eabi/10.3.1/thumb/v7e-m+fp/hard/crtbegin.o
 .text          0x0000000008000200     0x5ee4 /home/dream/02-software/006-gcc-arm-none-eabi/bin/../lib/gcc/arm-none-eabi/10.3.1/../../../../arm-none-eabi/lib/thumb/v7e-m+fp/hard/libstdc++.a(cp-demangle.o)
                0x0000000008005ffc                __cxa_demangle
                0x00000000080060c0                __gcclibcxx_demangle_callback
 .text          0x00000000080060e4      0x378 /home/dream/02-software/006-gcc-arm-none-eabi/bin/../lib/gcc/arm-none-eabi/10.3.1/thumb/v7e-m+fp/hard/libgcc.a(_arm_addsubdf3.o)
                0x00000000080060e4                __aeabi_drsub
                0x00000000080060ec                __aeabi_dsub
                0x00000000080060ec                __subdf3
                0x00000000080060f0                __adddf3
                0x00000000080060f0                __aeabi_dadd
                0x0000000008006368                __aeabi_ui2d
                0x0000000008006368                __floatunsidf
                0x0000000008006388                __floatsidf
                0x0000000008006388                __aeabi_i2d
                0x00000000080063ac                __extendsfdf2
                0x00000000080063ac                __aeabi_f2d
                0x00000000080063f0                __aeabi_ul2d
                0x00000000080063f0                __floatundidf
                0x0000000008006400                __floatdidf
                0x0000000008006400                __aeabi_l2d
 .text          0x000000000800645c       0x50 /home/dream/02-software/006-gcc-arm-none-eabi/bin/../lib/gcc/arm-none-eabi/10.3.1/thumb/v7e-m+fp/hard/libgcc.a(_arm_fixdfsi.o)
                0x000000000800645c                __fixdfsi
                0x000000000800645c                __aeabi_d2iz
 .text          0x00000000080064ac       0x30 /home/dream/02-software/006-gcc-arm-none-eabi/bin/../lib/gcc/arm-none-eabi/10.3.1/thumb/v7e-m+fp/hard/libgcc.a(_aeabi_uldivmod.o)
                0x00000000080064ac                __aeabi_uldivmod
 .text          0x00000000080064dc      0x2d0 /home/dream/02-software/006-gcc-arm-none-eabi/bin/../lib/gcc/arm-none-eabi/10.3.1/thumb/v7e-m+fp/hard/libgcc.a(_udivmoddi4.o)
                0x00000000080064dc                __udivmoddi4
 .text          0x00000000080067ac      0x9d8 /home/dream/02-software/006-gcc-arm-none-eabi/bin/../lib/gcc/arm-none-eabi/10.3.1/thumb/v7e-m+fp/hard/libgcc.a(unwind-arm.o)
                0x0000000008006a54                _Unwind_GetCFA
                0x0000000008006a58                __gnu_Unwind_RaiseException
                0x0000000008006ac0                __gnu_Unwind_ForcedUnwind
                0x0000000008006ad0                __gnu_Unwind_Resume
                0x0000000008006b14                __gnu_Unwind_Resume_or_Rethrow
                0x0000000008006b24                _Unwind_Complete
                0x0000000008006b28                _Unwind_DeleteException
                0x0000000008006b34                _Unwind_VRS_Get
                0x0000000008006b80                _Unwind_VRS_Set
                0x0000000008006bc8                __gnu_Unwind_Backtrace
                0x0000000008006ef4                __aeabi_unwind_cpp_pr0
                0x0000000008006ef8                __aeabi_unwind_cpp_pr1
                0x0000000008006efc                __aeabi_unwind_cpp_pr2
                0x0000000008006f00                _Unwind_VRS_Pop
 .text          0x0000000008007184      0x1ac /home/dream/02-software/006-gcc-arm-none-eabi/bin/../lib/gcc/arm-none-eabi/10.3.1/thumb/v7e-m+fp/hard/libgcc.a(libunwind.o)
                0x0000000008007184                __restore_core_regs
                0x0000000008007184                restore_core_regs
                0x000000000800719c                __gnu_Unwind_Restore_VFP
                0x00000000080071a4                __gnu_Unwind_Save_VFP
                0x00000000080071ac                __gnu_Unwind_Restore_VFP_D
                0x00000000080071b4                __gnu_Unwind_Save_VFP_D
                0x00000000080071bc                __gnu_Unwind_Restore_VFP_D_16_to_31
                0x00000000080071c4                __gnu_Unwind_Save_VFP_D_16_to_31
                0x00000000080071cc                __gnu_Unwind_Restore_WMMXD
                0x0000000008007210                __gnu_Unwind_Save_WMMXD
                0x0000000008007254                __gnu_Unwind_Restore_WMMXC
                0x0000000008007268                __gnu_Unwind_Save_WMMXC
                0x000000000800727c                ___Unwind_RaiseException
                0x000000000800727c                _Unwind_RaiseException
                0x00000000080072a0                ___Unwind_Resume
                0x00000000080072a0                _Unwind_Resume
                0x00000000080072c4                _Unwind_Resume_or_Rethrow
                0x00000000080072c4                ___Unwind_Resume_or_Rethrow
                0x00000000080072e8                ___Unwind_ForcedUnwind
                0x00000000080072e8                _Unwind_ForcedUnwind
                0x000000000800730c                _Unwind_Backtrace
                0x000000000800730c                ___Unwind_Backtrace
 .text          0x0000000008007330      0x350 /home/dream/02-software/006-gcc-arm-none-eabi/bin/../lib/gcc/arm-none-eabi/10.3.1/thumb/v7e-m+fp/hard/libgcc.a(pr-support.o)
                0x0000000008007388                __gnu_unwind_execute
                0x0000000008007634                __gnu_unwind_frame
                0x0000000008007660                _Unwind_GetRegionStart
                0x000000000800766c                _Unwind_GetLanguageSpecificData
 .text          0x0000000008007680        0x4 /home/dream/02-software/006-gcc-arm-none-eabi/bin/../lib/gcc/arm-none-eabi/10.3.1/thumb/v7e-m+fp/hard/libgcc.a(_dvmd_tls.o)
                0x0000000008007680                __aeabi_ldiv0
                0x0000000008007680                __aeabi_idiv0
 *fill*         0x0000000008007684        0xc 
 .text          0x0000000008007690       0xa0 /home/dream/02-software/006-gcc-arm-none-eabi/bin/../lib/gcc/arm-none-eabi/10.3.1/../../../../arm-none-eabi/lib/thumb/v7e-m+fp/hard/libg.a(lib_a-memchr.o)
                0x0000000008007690                memchr
 .text          0x0000000008007730      0x134 /home/dream/02-software/006-gcc-arm-none-eabi/bin/../lib/gcc/arm-none-eabi/10.3.1/../../../../arm-none-eabi/lib/thumb/v7e-m+fp/hard/libg.a(lib_a-memcpy.o)
                0x0000000008007730                memcpy
 *fill*         0x0000000008007864       0x1c 
 .text          0x0000000008007880      0x2dc /home/dream/02-software/006-gcc-arm-none-eabi/bin/../lib/gcc/arm-none-eabi/10.3.1/../../../../arm-none-eabi/lib/thumb/v7e-m+fp/hard/libg.a(lib_a-strcmp.o)
                0x0000000008007888                strcmp
 *fill*         0x0000000008007b5c       0x24 
 .text          0x0000000008007b80       0xdc /home/dream/02-software/006-gcc-arm-none-eabi/bin/../lib/gcc/arm-none-eabi/10.3.1/../../../../arm-none-eabi/lib/thumb/v7e-m+fp/hard/libg.a(lib_a-strlen.o)
                0x0000000008007b80                strlen
 .text          0x0000000008007c5c      0x424 /home/dream/02-software/006-gcc-arm-none-eabi/bin/../lib/gcc/arm-none-eabi/10.3.1/thumb/v7e-m+fp/hard/libgcc.a(_arm_muldivdf3.o)
                0x0000000008007c5c                __aeabi_dmul
                0x0000000008007c5c                __muldf3
                0x0000000008007eb0                __aeabi_ddiv
                0x0000000008007eb0                __divdf3
 .text          0x0000000008008080      0x110 /home/dream/02-software/006-gcc-arm-none-eabi/bin/../lib/gcc/arm-none-eabi/10.3.1/thumb/v7e-m+fp/hard/libgcc.a(_arm_cmpdf2.o)
                0x0000000008008080                __gtdf2
                0x0000000008008080                __gedf2
                0x0000000008008088                __ltdf2
                0x0000000008008088                __ledf2
                0x0000000008008090                __cmpdf2
                0x0000000008008090                __eqdf2
                0x0000000008008090                __nedf2
                0x000000000800810c                __aeabi_cdrcmple
                0x000000000800811c                __aeabi_cdcmple
                0x000000000800811c                __aeabi_cdcmpeq
                0x000000000800812c                __aeabi_dcmpeq
                0x0000000008008140                __aeabi_dcmplt
                0x0000000008008154                __aeabi_dcmple
                0x0000000008008168                __aeabi_dcmpge
                0x000000000800817c                __aeabi_dcmpgt
 .text          0x0000000008008190       0x2c /home/dream/02-software/006-gcc-arm-none-eabi/bin/../lib/gcc/arm-none-eabi/10.3.1/thumb/v7e-m+fp/hard/libgcc.a(_arm_unorddf2.o)
                0x0000000008008190                __aeabi_dcmpun
                0x0000000008008190                __unorddf2
 *(.text*)
 .text._ZN3ros16normalizeSecNSecERmS0_
                0x00000000080081bc       0x2c CMakeFiles/Autobot_basement1_0.elf.dir/Core/Inc/time.cpp.obj
                0x00000000080081bc                ros::normalizeSecNSec(unsigned long&, unsigned long&)
 .text.vApplicationGetIdleTaskMemory
                0x00000000080081e8       0x18 CMakeFiles/Autobot_basement1_0.elf.dir/Core/Src/freertos.c.obj
                0x00000000080081e8                vApplicationGetIdleTaskMemory
 .text.MX_GPIO_Init
                0x0000000008008200       0x68 CMakeFiles/Autobot_basement1_0.elf.dir/Core/Src/main.c.obj
 .text.MX_DMA_Init
                0x0000000008008268       0x44 CMakeFiles/Autobot_basement1_0.elf.dir/Core/Src/main.c.obj
 .text.StartDefaultTask
                0x00000000080082ac       0x2c CMakeFiles/Autobot_basement1_0.elf.dir/Core/Src/main.c.obj
                0x00000000080082ac                StartDefaultTask
 .text.HAL_TIM_PeriodElapsedCallback
                0x00000000080082d8       0x18 CMakeFiles/Autobot_basement1_0.elf.dir/Core/Src/main.c.obj
                0x00000000080082d8                HAL_TIM_PeriodElapsedCallback
 .text.Error_Handler
                0x00000000080082f0        0x4 CMakeFiles/Autobot_basement1_0.elf.dir/Core/Src/main.c.obj
                0x00000000080082f0                Error_Handler
 .text.MX_USART1_UART_Init
                0x00000000080082f4       0x34 CMakeFiles/Autobot_basement1_0.elf.dir/Core/Src/main.c.obj
 .text.MX_USART2_UART_Init
                0x0000000008008328       0x34 CMakeFiles/Autobot_basement1_0.elf.dir/Core/Src/main.c.obj
 .text.SystemClock_Config
                0x000000000800835c       0xa8 CMakeFiles/Autobot_basement1_0.elf.dir/Core/Src/main.c.obj
                0x000000000800835c                SystemClock_Config
 .text.main     0x0000000008008404       0x50 CMakeFiles/Autobot_basement1_0.elf.dir/Core/Src/main.c.obj
                0x0000000008008404                main
 .text._ZNK8std_msgs4Time9serializeEPh
                0x0000000008008454       0x28 CMakeFiles/Autobot_basement1_0.elf.dir/Core/Src/robot.cpp.obj
                0x0000000008008454                std_msgs::Time::serialize(unsigned char*) const
 .text._ZN8std_msgs4Time11deserializeEPh
                0x000000000800847c       0x3c CMakeFiles/Autobot_basement1_0.elf.dir/Core/Src/robot.cpp.obj
                0x000000000800847c                std_msgs::Time::deserialize(unsigned char*)
 .text._ZN8std_msgs4Time7getTypeEv
                0x00000000080084b8        0x8 CMakeFiles/Autobot_basement1_0.elf.dir/Core/Src/robot.cpp.obj
                0x00000000080084b8                std_msgs::Time::getType()
 .text._ZN8std_msgs4Time6getMD5Ev
                0x00000000080084c0        0x8 CMakeFiles/Autobot_basement1_0.elf.dir/Core/Src/robot.cpp.obj
                0x00000000080084c0                std_msgs::Time::getMD5()
 .text._ZN14rosserial_msgs9TopicInfo7getTypeEv
                0x00000000080084c8        0x8 CMakeFiles/Autobot_basement1_0.elf.dir/Core/Src/robot.cpp.obj
                0x00000000080084c8                rosserial_msgs::TopicInfo::getType()
 .text._ZN14rosserial_msgs9TopicInfo6getMD5Ev
                0x00000000080084d0        0x8 CMakeFiles/Autobot_basement1_0.elf.dir/Core/Src/robot.cpp.obj
                0x00000000080084d0                rosserial_msgs::TopicInfo::getMD5()
 .text._ZN14rosserial_msgs3Log7getTypeEv
                0x00000000080084d8        0x8 CMakeFiles/Autobot_basement1_0.elf.dir/Core/Src/robot.cpp.obj
                0x00000000080084d8                rosserial_msgs::Log::getType()
 .text._ZN14rosserial_msgs3Log6getMD5Ev
                0x00000000080084e0        0x8 CMakeFiles/Autobot_basement1_0.elf.dir/Core/Src/robot.cpp.obj
                0x00000000080084e0                rosserial_msgs::Log::getMD5()
 .text._ZN14rosserial_msgs20RequestParamResponse7getTypeEv
                0x00000000080084e8        0x8 CMakeFiles/Autobot_basement1_0.elf.dir/Core/Src/robot.cpp.obj
                0x00000000080084e8                rosserial_msgs::RequestParamResponse::getType()
 .text._ZN14rosserial_msgs20RequestParamResponse6getMD5Ev
                0x00000000080084f0        0x8 CMakeFiles/Autobot_basement1_0.elf.dir/Core/Src/robot.cpp.obj
                0x00000000080084f0                rosserial_msgs::RequestParamResponse::getMD5()
 .text._ZN8std_msgs6String7getTypeEv
                0x00000000080084f8        0x8 CMakeFiles/Autobot_basement1_0.elf.dir/Core/Src/robot.cpp.obj
                0x00000000080084f8                std_msgs::String::getType()
 .text._ZN8std_msgs6String6getMD5Ev
                0x0000000008008500        0x8 CMakeFiles/Autobot_basement1_0.elf.dir/Core/Src/robot.cpp.obj
                0x0000000008008500                std_msgs::String::getMD5()
 .text._ZNK8std_msgs5UInt89serializeEPh
                0x0000000008008508        0x8 CMakeFiles/Autobot_basement1_0.elf.dir/Core/Src/robot.cpp.obj
                0x0000000008008508                std_msgs::UInt8::serialize(unsigned char*) const
 .text._ZN8std_msgs5UInt811deserializeEPh
                0x0000000008008510        0x8 CMakeFiles/Autobot_basement1_0.elf.dir/Core/Src/robot.cpp.obj
                0x0000000008008510                std_msgs::UInt8::deserialize(unsigned char*)
 .text._ZN8std_msgs5UInt87getTypeEv
                0x0000000008008518        0x8 CMakeFiles/Autobot_basement1_0.elf.dir/Core/Src/robot.cpp.obj
                0x0000000008008518                std_msgs::UInt8::getType()
 .text._ZN8std_msgs5UInt86getMD5Ev
                0x0000000008008520        0x8 CMakeFiles/Autobot_basement1_0.elf.dir/Core/Src/robot.cpp.obj
                0x0000000008008520                std_msgs::UInt8::getMD5()
 .text._Z41__static_initialization_and_destruction_0ii
                0x0000000008008528      0x134 CMakeFiles/Autobot_basement1_0.elf.dir/Core/Src/robot.cpp.obj
 .text._ZN3ros10SubscriberIN8std_msgs5UInt8EvE8callbackEPh
                0x000000000800865c        0xe CMakeFiles/Autobot_basement1_0.elf.dir/Core/Src/robot.cpp.obj
                0x000000000800865c                ros::Subscriber<std_msgs::UInt8, void>::callback(unsigned char*)
 .text._ZN3ros10SubscriberIN8std_msgs5UInt8EvE15getEndpointTypeEv
                0x000000000800866a        0x4 CMakeFiles/Autobot_basement1_0.elf.dir/Core/Src/robot.cpp.obj
                0x000000000800866a                ros::Subscriber<std_msgs::UInt8, void>::getEndpointType()
 *fill*         0x000000000800866e        0x2 
 .text._ZN3ros10SubscriberIN8std_msgs5UInt8EvE10getMsgTypeEv
                0x0000000008008670        0x8 CMakeFiles/Autobot_basement1_0.elf.dir/Core/Src/robot.cpp.obj
                0x0000000008008670                ros::Subscriber<std_msgs::UInt8, void>::getMsgType()
 .text._ZN3ros10SubscriberIN8std_msgs5UInt8EvE9getMsgMD5Ev
                0x0000000008008678        0x8 CMakeFiles/Autobot_basement1_0.elf.dir/Core/Src/robot.cpp.obj
                0x0000000008008678                ros::Subscriber<std_msgs::UInt8, void>::getMsgMD5()
 .text._ZN3ros11NodeHandle_I13STM32HardwareLi25ELi25ELi512ELi512EE9connectedEv
                0x0000000008008680        0x6 CMakeFiles/Autobot_basement1_0.elf.dir/Core/Src/robot.cpp.obj
                0x0000000008008680                ros::NodeHandle_<STM32Hardware, 25, 25, 512, 512>::connected()
 .text._ZNK14rosserial_msgs9TopicInfo9serializeEPh
                0x0000000008008686       0xae CMakeFiles/Autobot_basement1_0.elf.dir/Core/Src/robot.cpp.obj
                0x0000000008008686                rosserial_msgs::TopicInfo::serialize(unsigned char*) const
 .text._ZNK14rosserial_msgs3Log9serializeEPh
                0x0000000008008734       0x36 CMakeFiles/Autobot_basement1_0.elf.dir/Core/Src/robot.cpp.obj
                0x0000000008008734                rosserial_msgs::Log::serialize(unsigned char*) const
 .text._ZNK14rosserial_msgs20RequestParamResponse9serializeEPh
                0x000000000800876a       0xf2 CMakeFiles/Autobot_basement1_0.elf.dir/Core/Src/robot.cpp.obj
                0x000000000800876a                rosserial_msgs::RequestParamResponse::serialize(unsigned char*) const
 .text._ZNK8std_msgs6String9serializeEPh
                0x000000000800885c       0x32 CMakeFiles/Autobot_basement1_0.elf.dir/Core/Src/robot.cpp.obj
                0x000000000800885c                std_msgs::String::serialize(unsigned char*) const
 *fill*         0x000000000800888e        0x2 
 .text._Z4led0RKN8std_msgs5UInt8E
                0x0000000008008890       0x2c CMakeFiles/Autobot_basement1_0.elf.dir/Core/Src/robot.cpp.obj
                0x0000000008008890                led0(std_msgs::UInt8 const&)
 .text._ZN3ros11NodeHandle_I13STM32HardwareLi25ELi25ELi512ELi512EE7publishEiPKNS_3MsgE
                0x00000000080088bc       0xd8 CMakeFiles/Autobot_basement1_0.elf.dir/Core/Src/robot.cpp.obj
                0x00000000080088bc                ros::NodeHandle_<STM32Hardware, 25, 25, 512, 512>::publish(int, ros::Msg const*)
 .text._ZN14rosserial_msgs20RequestParamResponse11deserializeEPh
                0x0000000008008994      0x148 CMakeFiles/Autobot_basement1_0.elf.dir/Core/Src/robot.cpp.obj
                0x0000000008008994                rosserial_msgs::RequestParamResponse::deserialize(unsigned char*)
 .text._ZN8std_msgs6String11deserializeEPh
                0x0000000008008adc       0x4c CMakeFiles/Autobot_basement1_0.elf.dir/Core/Src/robot.cpp.obj
                0x0000000008008adc                std_msgs::String::deserialize(unsigned char*)
 .text._ZN14rosserial_msgs3Log11deserializeEPh
                0x0000000008008b28       0x4e CMakeFiles/Autobot_basement1_0.elf.dir/Core/Src/robot.cpp.obj
                0x0000000008008b28                rosserial_msgs::Log::deserialize(unsigned char*)
 .text._ZN14rosserial_msgs9TopicInfo11deserializeEPh
                0x0000000008008b76      0x104 CMakeFiles/Autobot_basement1_0.elf.dir/Core/Src/robot.cpp.obj
                0x0000000008008b76                rosserial_msgs::TopicInfo::deserialize(unsigned char*)
 *fill*         0x0000000008008c7a        0x2 
 .text.setup    0x0000000008008c7c       0x80 CMakeFiles/Autobot_basement1_0.elf.dir/Core/Src/robot.cpp.obj
                0x0000000008008c7c                setup
 .text.HAL_UART_TxCpltCallback
                0x0000000008008cfc       0x74 CMakeFiles/Autobot_basement1_0.elf.dir/Core/Src/robot.cpp.obj
                0x0000000008008cfc                HAL_UART_TxCpltCallback
 .text.HAL_UART_RxCpltCallback
                0x0000000008008d70       0x18 CMakeFiles/Autobot_basement1_0.elf.dir/Core/Src/robot.cpp.obj
                0x0000000008008d70                HAL_UART_RxCpltCallback
 .text._ZN3ros11NodeHandle_I13STM32HardwareLi25ELi25ELi512ELi512EE15negotiateTopicsEv
                0x0000000008008d88       0xe0 CMakeFiles/Autobot_basement1_0.elf.dir/Core/Src/robot.cpp.obj
                0x0000000008008d88                ros::NodeHandle_<STM32Hardware, 25, 25, 512, 512>::negotiateTopics()
 .text._ZN3ros11NodeHandle_I13STM32HardwareLi25ELi25ELi512ELi512EE8spinOnceEv
                0x0000000008008e68      0x350 CMakeFiles/Autobot_basement1_0.elf.dir/Core/Src/robot.cpp.obj
                0x0000000008008e68                ros::NodeHandle_<STM32Hardware, 25, 25, 512, 512>::spinOnce()
 .text.loop     0x00000000080091b8       0x34 CMakeFiles/Autobot_basement1_0.elf.dir/Core/Src/robot.cpp.obj
                0x00000000080091b8                loop
 .text._GLOBAL__sub_I_nh
                0x00000000080091ec        0xe CMakeFiles/Autobot_basement1_0.elf.dir/Core/Src/robot.cpp.obj
 *fill*         0x00000000080091fa        0x2 
 .text.HAL_MspInit
                0x00000000080091fc       0x44 CMakeFiles/Autobot_basement1_0.elf.dir/Core/Src/stm32f4xx_hal_msp.c.obj
                0x00000000080091fc                HAL_MspInit
 .text.HAL_UART_MspInit
                0x0000000008009240      0x150 CMakeFiles/Autobot_basement1_0.elf.dir/Core/Src/stm32f4xx_hal_msp.c.obj
                0x0000000008009240                HAL_UART_MspInit
 .text.HAL_InitTick
                0x0000000008009390       0x7c CMakeFiles/Autobot_basement1_0.elf.dir/Core/Src/stm32f4xx_hal_timebase_tim.c.obj
                0x0000000008009390                HAL_InitTick
 .text.NMI_Handler
                0x000000000800940c        0x2 CMakeFiles/Autobot_basement1_0.elf.dir/Core/Src/stm32f4xx_it.c.obj
                0x000000000800940c                NMI_Handler
 .text.HardFault_Handler
                0x000000000800940e        0x2 CMakeFiles/Autobot_basement1_0.elf.dir/Core/Src/stm32f4xx_it.c.obj
                0x000000000800940e                HardFault_Handler
 .text.MemManage_Handler
                0x0000000008009410        0x2 CMakeFiles/Autobot_basement1_0.elf.dir/Core/Src/stm32f4xx_it.c.obj
                0x0000000008009410                MemManage_Handler
 .text.BusFault_Handler
                0x0000000008009412        0x2 CMakeFiles/Autobot_basement1_0.elf.dir/Core/Src/stm32f4xx_it.c.obj
                0x0000000008009412                BusFault_Handler
 .text.UsageFault_Handler
                0x0000000008009414        0x2 CMakeFiles/Autobot_basement1_0.elf.dir/Core/Src/stm32f4xx_it.c.obj
                0x0000000008009414                UsageFault_Handler
 .text.DebugMon_Handler
                0x0000000008009416        0x2 CMakeFiles/Autobot_basement1_0.elf.dir/Core/Src/stm32f4xx_it.c.obj
                0x0000000008009416                DebugMon_Handler
 .text.DMA1_Stream5_IRQHandler
                0x0000000008009418       0x10 CMakeFiles/Autobot_basement1_0.elf.dir/Core/Src/stm32f4xx_it.c.obj
                0x0000000008009418                DMA1_Stream5_IRQHandler
 .text.DMA1_Stream6_IRQHandler
                0x0000000008009428       0x10 CMakeFiles/Autobot_basement1_0.elf.dir/Core/Src/stm32f4xx_it.c.obj
                0x0000000008009428                DMA1_Stream6_IRQHandler
 .text.USART2_IRQHandler
                0x0000000008009438       0x10 CMakeFiles/Autobot_basement1_0.elf.dir/Core/Src/stm32f4xx_it.c.obj
                0x0000000008009438                USART2_IRQHandler
 .text.TIM8_TRG_COM_TIM14_IRQHandler
                0x0000000008009448       0x10 CMakeFiles/Autobot_basement1_0.elf.dir/Core/Src/stm32f4xx_it.c.obj
                0x0000000008009448                TIM8_TRG_COM_TIM14_IRQHandler
 .text.OTG_FS_IRQHandler
                0x0000000008009458       0x10 CMakeFiles/Autobot_basement1_0.elf.dir/Core/Src/stm32f4xx_it.c.obj
                0x0000000008009458                OTG_FS_IRQHandler
 .text._getpid  0x0000000008009468        0x4 CMakeFiles/Autobot_basement1_0.elf.dir/Core/Src/syscalls.c.obj
                0x0000000008009468                _getpid
 .text._kill    0x000000000800946c       0x10 CMakeFiles/Autobot_basement1_0.elf.dir/Core/Src/syscalls.c.obj
                0x000000000800946c                _kill
 .text._exit    0x000000000800947c        0xc CMakeFiles/Autobot_basement1_0.elf.dir/Core/Src/syscalls.c.obj
                0x000000000800947c                _exit
 .text._read    0x0000000008009488       0x20 CMakeFiles/Autobot_basement1_0.elf.dir/Core/Src/syscalls.c.obj
                0x0000000008009488                _read
 .text._write   0x00000000080094a8       0x1c CMakeFiles/Autobot_basement1_0.elf.dir/Core/Src/syscalls.c.obj
                0x00000000080094a8                _write
 .text._sbrk    0x00000000080094c4       0x3c CMakeFiles/Autobot_basement1_0.elf.dir/Core/Src/syscalls.c.obj
                0x00000000080094c4                _sbrk
 .text._close   0x0000000008009500        0x6 CMakeFiles/Autobot_basement1_0.elf.dir/Core/Src/syscalls.c.obj
                0x0000000008009500                _close
 .text._fstat   0x0000000008009506        0xa CMakeFiles/Autobot_basement1_0.elf.dir/Core/Src/syscalls.c.obj
                0x0000000008009506                _fstat
 .text._isatty  0x0000000008009510        0x4 CMakeFiles/Autobot_basement1_0.elf.dir/Core/Src/syscalls.c.obj
                0x0000000008009510                _isatty
 .text._lseek   0x0000000008009514        0x4 CMakeFiles/Autobot_basement1_0.elf.dir/Core/Src/syscalls.c.obj
                0x0000000008009514                _lseek
 .text.SystemInit
                0x0000000008009518       0x14 CMakeFiles/Autobot_basement1_0.elf.dir/Core/Src/system_stm32f4xx.c.obj
                0x0000000008009518                SystemInit
 .text.__io_putchar
                0x000000000800952c       0x18 CMakeFiles/Autobot_basement1_0.elf.dir/Core/stm32Library/communication.c.obj
                0x000000000800952c                __io_putchar
 .text.OLED_WR_Byte
                0x0000000008009544       0x5c CMakeFiles/Autobot_basement1_0.elf.dir/Core/stm32Library/oled.c.obj
                0x0000000008009544                OLED_WR_Byte
 .text.OLED_Refresh_Gram
                0x00000000080095a0       0x4c CMakeFiles/Autobot_basement1_0.elf.dir/Core/stm32Library/oled.c.obj
                0x00000000080095a0                OLED_Refresh_Gram
 .text.OLED_Clear
                0x00000000080095ec       0x30 CMakeFiles/Autobot_basement1_0.elf.dir/Core/stm32Library/oled.c.obj
                0x00000000080095ec                OLED_Clear
 .text.OLED_DrawPoint
                0x000000000800961c       0x50 CMakeFiles/Autobot_basement1_0.elf.dir/Core/stm32Library/oled.c.obj
                0x000000000800961c                OLED_DrawPoint
 .text.OLED_ShowChar
                0x000000000800966c       0xd8 CMakeFiles/Autobot_basement1_0.elf.dir/Core/stm32Library/oled.c.obj
                0x000000000800966c                OLED_ShowChar
 .text.mypow    0x0000000008009744       0x16 CMakeFiles/Autobot_basement1_0.elf.dir/Core/stm32Library/oled.c.obj
                0x0000000008009744                mypow
 *fill*         0x000000000800975a        0x2 
 .text.OLED_ShowNum
                0x000000000800975c       0x9c CMakeFiles/Autobot_basement1_0.elf.dir/Core/stm32Library/oled.c.obj
                0x000000000800975c                OLED_ShowNum
 .text.OLED_ShowString
                0x00000000080097f8       0x62 CMakeFiles/Autobot_basement1_0.elf.dir/Core/stm32Library/oled.c.obj
                0x00000000080097f8                OLED_ShowString
 *fill*         0x000000000800985a        0x2 
 .text.OLED_Init
                0x000000000800985c      0x178 CMakeFiles/Autobot_basement1_0.elf.dir/Core/stm32Library/oled.c.obj
                0x000000000800985c                OLED_Init
 .text.HAL_Init
                0x00000000080099d4       0x34 CMakeFiles/Autobot_basement1_0.elf.dir/Drivers/STM32F4xx_HAL_Driver/Src/stm32f4xx_hal.c.obj
                0x00000000080099d4                HAL_Init
 .text.HAL_IncTick
                0x0000000008009a08       0x18 CMakeFiles/Autobot_basement1_0.elf.dir/Drivers/STM32F4xx_HAL_Driver/Src/stm32f4xx_hal.c.obj
                0x0000000008009a08                HAL_IncTick
 .text.HAL_GetTick
                0x0000000008009a20        0xc CMakeFiles/Autobot_basement1_0.elf.dir/Drivers/STM32F4xx_HAL_Driver/Src/stm32f4xx_hal.c.obj
                0x0000000008009a20                HAL_GetTick
 .text.HAL_Delay
                0x0000000008009a2c       0x28 CMakeFiles/Autobot_basement1_0.elf.dir/Drivers/STM32F4xx_HAL_Driver/Src/stm32f4xx_hal.c.obj
                0x0000000008009a2c                HAL_Delay
 .text.HAL_NVIC_SetPriorityGrouping
                0x0000000008009a54       0x24 CMakeFiles/Autobot_basement1_0.elf.dir/Drivers/STM32F4xx_HAL_Driver/Src/stm32f4xx_hal_cortex.c.obj
                0x0000000008009a54                HAL_NVIC_SetPriorityGrouping
 .text.HAL_NVIC_SetPriority
                0x0000000008009a78       0x70 CMakeFiles/Autobot_basement1_0.elf.dir/Drivers/STM32F4xx_HAL_Driver/Src/stm32f4xx_hal_cortex.c.obj
                0x0000000008009a78                HAL_NVIC_SetPriority
 .text.HAL_NVIC_EnableIRQ
                0x0000000008009ae8       0x1c CMakeFiles/Autobot_basement1_0.elf.dir/Drivers/STM32F4xx_HAL_Driver/Src/stm32f4xx_hal_cortex.c.obj
                0x0000000008009ae8                HAL_NVIC_EnableIRQ
 .text.DMA_SetConfig
                0x0000000008009b04       0x2c CMakeFiles/Autobot_basement1_0.elf.dir/Drivers/STM32F4xx_HAL_Driver/Src/stm32f4xx_hal_dma.c.obj
 .text.DMA_CalcBaseAndBitshift
                0x0000000008009b30       0x44 CMakeFiles/Autobot_basement1_0.elf.dir/Drivers/STM32F4xx_HAL_Driver/Src/stm32f4xx_hal_dma.c.obj
 .text.DMA_CheckFifoParam
                0x0000000008009b74       0x8e CMakeFiles/Autobot_basement1_0.elf.dir/Drivers/STM32F4xx_HAL_Driver/Src/stm32f4xx_hal_dma.c.obj
 *fill*         0x0000000008009c02        0x2 
 .text.HAL_DMA_Init
                0x0000000008009c04       0xcc CMakeFiles/Autobot_basement1_0.elf.dir/Drivers/STM32F4xx_HAL_Driver/Src/stm32f4xx_hal_dma.c.obj
                0x0000000008009c04                HAL_DMA_Init
 .text.HAL_DMA_Start_IT
                0x0000000008009cd0       0x6a CMakeFiles/Autobot_basement1_0.elf.dir/Drivers/STM32F4xx_HAL_Driver/Src/stm32f4xx_hal_dma.c.obj
                0x0000000008009cd0                HAL_DMA_Start_IT
 .text.HAL_DMA_Abort
                0x0000000008009d3a       0x94 CMakeFiles/Autobot_basement1_0.elf.dir/Drivers/STM32F4xx_HAL_Driver/Src/stm32f4xx_hal_dma.c.obj
                0x0000000008009d3a                HAL_DMA_Abort
 .text.HAL_DMA_Abort_IT
                0x0000000008009dce       0x26 CMakeFiles/Autobot_basement1_0.elf.dir/Drivers/STM32F4xx_HAL_Driver/Src/stm32f4xx_hal_dma.c.obj
                0x0000000008009dce                HAL_DMA_Abort_IT
 .text.HAL_DMA_IRQHandler
                0x0000000008009df4      0x1dc CMakeFiles/Autobot_basement1_0.elf.dir/Drivers/STM32F4xx_HAL_Driver/Src/stm32f4xx_hal_dma.c.obj
                0x0000000008009df4                HAL_DMA_IRQHandler
 .text.HAL_GPIO_Init
                0x0000000008009fd0      0x1e4 CMakeFiles/Autobot_basement1_0.elf.dir/Drivers/STM32F4xx_HAL_Driver/Src/stm32f4xx_hal_gpio.c.obj
                0x0000000008009fd0                HAL_GPIO_Init
 .text.HAL_GPIO_WritePin
                0x000000000800a1b4        0xc CMakeFiles/Autobot_basement1_0.elf.dir/Drivers/STM32F4xx_HAL_Driver/Src/stm32f4xx_hal_gpio.c.obj
                0x000000000800a1b4                HAL_GPIO_WritePin
 .text.HAL_GPIO_TogglePin
                0x000000000800a1c0       0x12 CMakeFiles/Autobot_basement1_0.elf.dir/Drivers/STM32F4xx_HAL_Driver/Src/stm32f4xx_hal_gpio.c.obj
                0x000000000800a1c0                HAL_GPIO_TogglePin
 .text.PCD_WriteEmptyTxFifo
                0x000000000800a1d2       0xd0 CMakeFiles/Autobot_basement1_0.elf.dir/Drivers/STM32F4xx_HAL_Driver/Src/stm32f4xx_hal_pcd.c.obj
 .text.HAL_PCD_Init
                0x000000000800a2a2      0x12e CMakeFiles/Autobot_basement1_0.elf.dir/Drivers/STM32F4xx_HAL_Driver/Src/stm32f4xx_hal_pcd.c.obj
                0x000000000800a2a2                HAL_PCD_Init
 .text.HAL_PCD_Start
                0x000000000800a3d0       0x42 CMakeFiles/Autobot_basement1_0.elf.dir/Drivers/STM32F4xx_HAL_Driver/Src/stm32f4xx_hal_pcd.c.obj
                0x000000000800a3d0                HAL_PCD_Start
 *fill*         0x000000000800a412        0x2 
 .text.PCD_EP_OutXfrComplete_int
                0x000000000800a414       0xf4 CMakeFiles/Autobot_basement1_0.elf.dir/Drivers/STM32F4xx_HAL_Driver/Src/stm32f4xx_hal_pcd.c.obj
 .text.PCD_EP_OutSetupPacket_int
                0x000000000800a508       0x50 CMakeFiles/Autobot_basement1_0.elf.dir/Drivers/STM32F4xx_HAL_Driver/Src/stm32f4xx_hal_pcd.c.obj
 .text.HAL_PCD_IRQHandler
                0x000000000800a558      0x476 CMakeFiles/Autobot_basement1_0.elf.dir/Drivers/STM32F4xx_HAL_Driver/Src/stm32f4xx_hal_pcd.c.obj
                0x000000000800a558                HAL_PCD_IRQHandler
 .text.HAL_PCD_SetAddress
                0x000000000800a9ce       0x28 CMakeFiles/Autobot_basement1_0.elf.dir/Drivers/STM32F4xx_HAL_Driver/Src/stm32f4xx_hal_pcd.c.obj
                0x000000000800a9ce                HAL_PCD_SetAddress
 .text.HAL_PCD_EP_Open
                0x000000000800a9f6       0x8a CMakeFiles/Autobot_basement1_0.elf.dir/Drivers/STM32F4xx_HAL_Driver/Src/stm32f4xx_hal_pcd.c.obj
                0x000000000800a9f6                HAL_PCD_EP_Open
 .text.HAL_PCD_EP_Close
                0x000000000800aa80       0x72 CMakeFiles/Autobot_basement1_0.elf.dir/Drivers/STM32F4xx_HAL_Driver/Src/stm32f4xx_hal_pcd.c.obj
                0x000000000800aa80                HAL_PCD_EP_Close
 .text.HAL_PCD_EP_Receive
                0x000000000800aaf2       0x5e CMakeFiles/Autobot_basement1_0.elf.dir/Drivers/STM32F4xx_HAL_Driver/Src/stm32f4xx_hal_pcd.c.obj
                0x000000000800aaf2                HAL_PCD_EP_Receive
 .text.HAL_PCD_EP_GetRxCount
                0x000000000800ab50       0x12 CMakeFiles/Autobot_basement1_0.elf.dir/Drivers/STM32F4xx_HAL_Driver/Src/stm32f4xx_hal_pcd.c.obj
                0x000000000800ab50                HAL_PCD_EP_GetRxCount
 .text.HAL_PCD_EP_Transmit
                0x000000000800ab62       0x5e CMakeFiles/Autobot_basement1_0.elf.dir/Drivers/STM32F4xx_HAL_Driver/Src/stm32f4xx_hal_pcd.c.obj
                0x000000000800ab62                HAL_PCD_EP_Transmit
 .text.HAL_PCD_EP_SetStall
                0x000000000800abc0       0x88 CMakeFiles/Autobot_basement1_0.elf.dir/Drivers/STM32F4xx_HAL_Driver/Src/stm32f4xx_hal_pcd.c.obj
                0x000000000800abc0                HAL_PCD_EP_SetStall
 .text.HAL_PCD_EP_ClrStall
                0x000000000800ac48       0x76 CMakeFiles/Autobot_basement1_0.elf.dir/Drivers/STM32F4xx_HAL_Driver/Src/stm32f4xx_hal_pcd.c.obj
                0x000000000800ac48                HAL_PCD_EP_ClrStall
 .text.HAL_PCDEx_SetTxFiFo
                0x000000000800acbe       0x4c CMakeFiles/Autobot_basement1_0.elf.dir/Drivers/STM32F4xx_HAL_Driver/Src/stm32f4xx_hal_pcd_ex.c.obj
                0x000000000800acbe                HAL_PCDEx_SetTxFiFo
 .text.HAL_PCDEx_SetRxFiFo
                0x000000000800ad0a        0x8 CMakeFiles/Autobot_basement1_0.elf.dir/Drivers/STM32F4xx_HAL_Driver/Src/stm32f4xx_hal_pcd_ex.c.obj
                0x000000000800ad0a                HAL_PCDEx_SetRxFiFo
 .text.HAL_PCDEx_LPM_Callback
                0x000000000800ad12        0x2 CMakeFiles/Autobot_basement1_0.elf.dir/Drivers/STM32F4xx_HAL_Driver/Src/stm32f4xx_hal_pcd_ex.c.obj
                0x000000000800ad12                HAL_PCDEx_LPM_Callback
 .text.HAL_RCC_OscConfig
                0x000000000800ad14      0x3f8 CMakeFiles/Autobot_basement1_0.elf.dir/Drivers/STM32F4xx_HAL_Driver/Src/stm32f4xx_hal_rcc.c.obj
                0x000000000800ad14                HAL_RCC_OscConfig
 .text.HAL_RCC_GetSysClockFreq
                0x000000000800b10c       0xd4 CMakeFiles/Autobot_basement1_0.elf.dir/Drivers/STM32F4xx_HAL_Driver/Src/stm32f4xx_hal_rcc.c.obj
                0x000000000800b10c                HAL_RCC_GetSysClockFreq
 .text.HAL_RCC_ClockConfig
                0x000000000800b1e0      0x160 CMakeFiles/Autobot_basement1_0.elf.dir/Drivers/STM32F4xx_HAL_Driver/Src/stm32f4xx_hal_rcc.c.obj
                0x000000000800b1e0                HAL_RCC_ClockConfig
 .text.HAL_RCC_GetHCLKFreq
                0x000000000800b340        0xc CMakeFiles/Autobot_basement1_0.elf.dir/Drivers/STM32F4xx_HAL_Driver/Src/stm32f4xx_hal_rcc.c.obj
                0x000000000800b340                HAL_RCC_GetHCLKFreq
 .text.HAL_RCC_GetPCLK1Freq
                0x000000000800b34c       0x20 CMakeFiles/Autobot_basement1_0.elf.dir/Drivers/STM32F4xx_HAL_Driver/Src/stm32f4xx_hal_rcc.c.obj
                0x000000000800b34c                HAL_RCC_GetPCLK1Freq
 .text.HAL_RCC_GetPCLK2Freq
                0x000000000800b36c       0x20 CMakeFiles/Autobot_basement1_0.elf.dir/Drivers/STM32F4xx_HAL_Driver/Src/stm32f4xx_hal_rcc.c.obj
                0x000000000800b36c                HAL_RCC_GetPCLK2Freq
 .text.HAL_RCC_GetClockConfig
                0x000000000800b38c       0x3c CMakeFiles/Autobot_basement1_0.elf.dir/Drivers/STM32F4xx_HAL_Driver/Src/stm32f4xx_hal_rcc.c.obj
                0x000000000800b38c                HAL_RCC_GetClockConfig
 .text.HAL_TIM_Base_MspInit
                0x000000000800b3c8        0x2 CMakeFiles/Autobot_basement1_0.elf.dir/Drivers/STM32F4xx_HAL_Driver/Src/stm32f4xx_hal_tim.c.obj
                0x000000000800b3c8                HAL_TIM_Base_MspInit
 *fill*         0x000000000800b3ca        0x2 
 .text.HAL_TIM_Base_Start_IT
                0x000000000800b3cc       0x88 CMakeFiles/Autobot_basement1_0.elf.dir/Drivers/STM32F4xx_HAL_Driver/Src/stm32f4xx_hal_tim.c.obj
                0x000000000800b3cc                HAL_TIM_Base_Start_IT
 .text.HAL_TIM_OC_DelayElapsedCallback
                0x000000000800b454        0x2 CMakeFiles/Autobot_basement1_0.elf.dir/Drivers/STM32F4xx_HAL_Driver/Src/stm32f4xx_hal_tim.c.obj
                0x000000000800b454                HAL_TIM_OC_DelayElapsedCallback
 .text.HAL_TIM_IC_CaptureCallback
                0x000000000800b456        0x2 CMakeFiles/Autobot_basement1_0.elf.dir/Drivers/STM32F4xx_HAL_Driver/Src/stm32f4xx_hal_tim.c.obj
                0x000000000800b456                HAL_TIM_IC_CaptureCallback
 .text.HAL_TIM_PWM_PulseFinishedCallback
                0x000000000800b458        0x2 CMakeFiles/Autobot_basement1_0.elf.dir/Drivers/STM32F4xx_HAL_Driver/Src/stm32f4xx_hal_tim.c.obj
                0x000000000800b458                HAL_TIM_PWM_PulseFinishedCallback
 .text.HAL_TIM_TriggerCallback
                0x000000000800b45a        0x2 CMakeFiles/Autobot_basement1_0.elf.dir/Drivers/STM32F4xx_HAL_Driver/Src/stm32f4xx_hal_tim.c.obj
                0x000000000800b45a                HAL_TIM_TriggerCallback
 .text.HAL_TIM_IRQHandler
                0x000000000800b45c      0x17a CMakeFiles/Autobot_basement1_0.elf.dir/Drivers/STM32F4xx_HAL_Driver/Src/stm32f4xx_hal_tim.c.obj
                0x000000000800b45c                HAL_TIM_IRQHandler
 *fill*         0x000000000800b5d6        0x2 
 .text.TIM_Base_SetConfig
                0x000000000800b5d8       0xc8 CMakeFiles/Autobot_basement1_0.elf.dir/Drivers/STM32F4xx_HAL_Driver/Src/stm32f4xx_hal_tim.c.obj
                0x000000000800b5d8                TIM_Base_SetConfig
 .text.HAL_TIM_Base_Init
                0x000000000800b6a0       0x58 CMakeFiles/Autobot_basement1_0.elf.dir/Drivers/STM32F4xx_HAL_Driver/Src/stm32f4xx_hal_tim.c.obj
                0x000000000800b6a0                HAL_TIM_Base_Init
 .text.HAL_TIMEx_CommutCallback
                0x000000000800b6f8        0x2 CMakeFiles/Autobot_basement1_0.elf.dir/Drivers/STM32F4xx_HAL_Driver/Src/stm32f4xx_hal_tim_ex.c.obj
                0x000000000800b6f8                HAL_TIMEx_CommutCallback
 .text.HAL_TIMEx_BreakCallback
                0x000000000800b6fa        0x2 CMakeFiles/Autobot_basement1_0.elf.dir/Drivers/STM32F4xx_HAL_Driver/Src/stm32f4xx_hal_tim_ex.c.obj
                0x000000000800b6fa                HAL_TIMEx_BreakCallback
 .text.UART_EndTxTransfer
                0x000000000800b6fc       0x20 CMakeFiles/Autobot_basement1_0.elf.dir/Drivers/STM32F4xx_HAL_Driver/Src/stm32f4xx_hal_uart.c.obj
 .text.UART_EndRxTransfer
                0x000000000800b71c       0x5c CMakeFiles/Autobot_basement1_0.elf.dir/Drivers/STM32F4xx_HAL_Driver/Src/stm32f4xx_hal_uart.c.obj
 .text.UART_Transmit_IT
                0x000000000800b778       0x60 CMakeFiles/Autobot_basement1_0.elf.dir/Drivers/STM32F4xx_HAL_Driver/Src/stm32f4xx_hal_uart.c.obj
 .text.UART_SetConfig
                0x000000000800b7d8      0x110 CMakeFiles/Autobot_basement1_0.elf.dir/Drivers/STM32F4xx_HAL_Driver/Src/stm32f4xx_hal_uart.c.obj
 .text.HAL_UART_Init
                0x000000000800b8e8       0x5e CMakeFiles/Autobot_basement1_0.elf.dir/Drivers/STM32F4xx_HAL_Driver/Src/stm32f4xx_hal_uart.c.obj
                0x000000000800b8e8                HAL_UART_Init
 *fill*         0x000000000800b946        0x2 
 .text.HAL_UART_Transmit_DMA
                0x000000000800b948       0x9c CMakeFiles/Autobot_basement1_0.elf.dir/Drivers/STM32F4xx_HAL_Driver/Src/stm32f4xx_hal_uart.c.obj
                0x000000000800b948                HAL_UART_Transmit_DMA
 .text.UART_DMATransmitCplt
                0x000000000800b9e4       0x4c CMakeFiles/Autobot_basement1_0.elf.dir/Drivers/STM32F4xx_HAL_Driver/Src/stm32f4xx_hal_uart.c.obj
 .text.UART_EndTransmit_IT
                0x000000000800ba30       0x1a CMakeFiles/Autobot_basement1_0.elf.dir/Drivers/STM32F4xx_HAL_Driver/Src/stm32f4xx_hal_uart.c.obj
 .text.HAL_UART_TxHalfCpltCallback
                0x000000000800ba4a        0x2 CMakeFiles/Autobot_basement1_0.elf.dir/Drivers/STM32F4xx_HAL_Driver/Src/stm32f4xx_hal_uart.c.obj
                0x000000000800ba4a                HAL_UART_TxHalfCpltCallback
 .text.UART_DMATxHalfCplt
                0x000000000800ba4c        0xa CMakeFiles/Autobot_basement1_0.elf.dir/Drivers/STM32F4xx_HAL_Driver/Src/stm32f4xx_hal_uart.c.obj
 .text.HAL_UART_RxHalfCpltCallback
                0x000000000800ba56        0x2 CMakeFiles/Autobot_basement1_0.elf.dir/Drivers/STM32F4xx_HAL_Driver/Src/stm32f4xx_hal_uart.c.obj
                0x000000000800ba56                HAL_UART_RxHalfCpltCallback
 .text.HAL_UART_ErrorCallback
                0x000000000800ba58        0x2 CMakeFiles/Autobot_basement1_0.elf.dir/Drivers/STM32F4xx_HAL_Driver/Src/stm32f4xx_hal_uart.c.obj
                0x000000000800ba58                HAL_UART_ErrorCallback
 .text.UART_DMAError
                0x000000000800ba5a       0x58 CMakeFiles/Autobot_basement1_0.elf.dir/Drivers/STM32F4xx_HAL_Driver/Src/stm32f4xx_hal_uart.c.obj
 .text.UART_DMAAbortOnError
                0x000000000800bab2       0x10 CMakeFiles/Autobot_basement1_0.elf.dir/Drivers/STM32F4xx_HAL_Driver/Src/stm32f4xx_hal_uart.c.obj
 .text.HAL_UARTEx_RxEventCallback
                0x000000000800bac2        0x2 CMakeFiles/Autobot_basement1_0.elf.dir/Drivers/STM32F4xx_HAL_Driver/Src/stm32f4xx_hal_uart.c.obj
                0x000000000800bac2                HAL_UARTEx_RxEventCallback
 .text.UART_Receive_IT
                0x000000000800bac4       0xe2 CMakeFiles/Autobot_basement1_0.elf.dir/Drivers/STM32F4xx_HAL_Driver/Src/stm32f4xx_hal_uart.c.obj
 *fill*         0x000000000800bba6        0x2 
 .text.HAL_UART_IRQHandler
                0x000000000800bba8      0x280 CMakeFiles/Autobot_basement1_0.elf.dir/Drivers/STM32F4xx_HAL_Driver/Src/stm32f4xx_hal_uart.c.obj
                0x000000000800bba8                HAL_UART_IRQHandler
 .text.UART_DMARxHalfCplt
                0x000000000800be28       0x1a CMakeFiles/Autobot_basement1_0.elf.dir/Drivers/STM32F4xx_HAL_Driver/Src/stm32f4xx_hal_uart.c.obj
 .text.UART_DMAReceiveCplt
                0x000000000800be42       0x96 CMakeFiles/Autobot_basement1_0.elf.dir/Drivers/STM32F4xx_HAL_Driver/Src/stm32f4xx_hal_uart.c.obj
 .text.UART_Start_Receive_DMA
                0x000000000800bed8       0xa4 CMakeFiles/Autobot_basement1_0.elf.dir/Drivers/STM32F4xx_HAL_Driver/Src/stm32f4xx_hal_uart.c.obj
                0x000000000800bed8                UART_Start_Receive_DMA
 .text.HAL_UART_Receive_DMA
                0x000000000800bf7c       0x38 CMakeFiles/Autobot_basement1_0.elf.dir/Drivers/STM32F4xx_HAL_Driver/Src/stm32f4xx_hal_uart.c.obj
                0x000000000800bf7c                HAL_UART_Receive_DMA
 .text.USB_CoreReset
                0x000000000800bfb4       0x4c CMakeFiles/Autobot_basement1_0.elf.dir/Drivers/STM32F4xx_HAL_Driver/Src/stm32f4xx_ll_usb.c.obj
 .text.USB_CoreInit
                0x000000000800c000       0x8a CMakeFiles/Autobot_basement1_0.elf.dir/Drivers/STM32F4xx_HAL_Driver/Src/stm32f4xx_ll_usb.c.obj
                0x000000000800c000                USB_CoreInit
 *fill*         0x000000000800c08a        0x2 
 .text.USB_SetTurnaroundTime
                0x000000000800c08c       0xe4 CMakeFiles/Autobot_basement1_0.elf.dir/Drivers/STM32F4xx_HAL_Driver/Src/stm32f4xx_ll_usb.c.obj
                0x000000000800c08c                USB_SetTurnaroundTime
 .text.USB_EnableGlobalInt
                0x000000000800c170        0xc CMakeFiles/Autobot_basement1_0.elf.dir/Drivers/STM32F4xx_HAL_Driver/Src/stm32f4xx_ll_usb.c.obj
                0x000000000800c170                USB_EnableGlobalInt
 .text.USB_DisableGlobalInt
                0x000000000800c17c        0xc CMakeFiles/Autobot_basement1_0.elf.dir/Drivers/STM32F4xx_HAL_Driver/Src/stm32f4xx_ll_usb.c.obj
                0x000000000800c17c                USB_DisableGlobalInt
 .text.USB_FlushTxFifo
                0x000000000800c188       0x30 CMakeFiles/Autobot_basement1_0.elf.dir/Drivers/STM32F4xx_HAL_Driver/Src/stm32f4xx_ll_usb.c.obj
                0x000000000800c188                USB_FlushTxFifo
 .text.USB_FlushRxFifo
                0x000000000800c1b8       0x2c CMakeFiles/Autobot_basement1_0.elf.dir/Drivers/STM32F4xx_HAL_Driver/Src/stm32f4xx_ll_usb.c.obj
                0x000000000800c1b8                USB_FlushRxFifo
 .text.USB_SetDevSpeed
                0x000000000800c1e4        0xe CMakeFiles/Autobot_basement1_0.elf.dir/Drivers/STM32F4xx_HAL_Driver/Src/stm32f4xx_ll_usb.c.obj
                0x000000000800c1e4                USB_SetDevSpeed
 *fill*         0x000000000800c1f2        0x2 
 .text.USB_DevInit
                0x000000000800c1f4      0x190 CMakeFiles/Autobot_basement1_0.elf.dir/Drivers/STM32F4xx_HAL_Driver/Src/stm32f4xx_ll_usb.c.obj
                0x000000000800c1f4                USB_DevInit
 .text.USB_GetDevSpeed
                0x000000000800c384       0x22 CMakeFiles/Autobot_basement1_0.elf.dir/Drivers/STM32F4xx_HAL_Driver/Src/stm32f4xx_ll_usb.c.obj
                0x000000000800c384                USB_GetDevSpeed
 .text.USB_ActivateEndpoint
                0x000000000800c3a6       0x9c CMakeFiles/Autobot_basement1_0.elf.dir/Drivers/STM32F4xx_HAL_Driver/Src/stm32f4xx_ll_usb.c.obj
                0x000000000800c3a6                USB_ActivateEndpoint
 *fill*         0x000000000800c442        0x2 
 .text.USB_DeactivateEndpoint
                0x000000000800c444       0xe0 CMakeFiles/Autobot_basement1_0.elf.dir/Drivers/STM32F4xx_HAL_Driver/Src/stm32f4xx_ll_usb.c.obj
                0x000000000800c444                USB_DeactivateEndpoint
 .text.USB_EP0StartXfer
                0x000000000800c524      0x120 CMakeFiles/Autobot_basement1_0.elf.dir/Drivers/STM32F4xx_HAL_Driver/Src/stm32f4xx_ll_usb.c.obj
                0x000000000800c524                USB_EP0StartXfer
 .text.USB_WritePacket
                0x000000000800c644       0x2e CMakeFiles/Autobot_basement1_0.elf.dir/Drivers/STM32F4xx_HAL_Driver/Src/stm32f4xx_ll_usb.c.obj
                0x000000000800c644                USB_WritePacket
 *fill*         0x000000000800c672        0x2 
 .text.USB_EPStartXfer
                0x000000000800c674      0x238 CMakeFiles/Autobot_basement1_0.elf.dir/Drivers/STM32F4xx_HAL_Driver/Src/stm32f4xx_ll_usb.c.obj
                0x000000000800c674                USB_EPStartXfer
 .text.USB_ReadPacket
                0x000000000800c8ac       0x54 CMakeFiles/Autobot_basement1_0.elf.dir/Drivers/STM32F4xx_HAL_Driver/Src/stm32f4xx_ll_usb.c.obj
                0x000000000800c8ac                USB_ReadPacket
 .text.USB_EPSetStall
                0x000000000800c900       0x5a CMakeFiles/Autobot_basement1_0.elf.dir/Drivers/STM32F4xx_HAL_Driver/Src/stm32f4xx_ll_usb.c.obj
                0x000000000800c900                USB_EPSetStall
 .text.USB_EPClearStall
                0x000000000800c95a       0x5c CMakeFiles/Autobot_basement1_0.elf.dir/Drivers/STM32F4xx_HAL_Driver/Src/stm32f4xx_ll_usb.c.obj
                0x000000000800c95a                USB_EPClearStall
 .text.USB_SetDevAddress
                0x000000000800c9b6       0x20 CMakeFiles/Autobot_basement1_0.elf.dir/Drivers/STM32F4xx_HAL_Driver/Src/stm32f4xx_ll_usb.c.obj
                0x000000000800c9b6                USB_SetDevAddress
 .text.USB_DevConnect
                0x000000000800c9d6       0x1c CMakeFiles/Autobot_basement1_0.elf.dir/Drivers/STM32F4xx_HAL_Driver/Src/stm32f4xx_ll_usb.c.obj
                0x000000000800c9d6                USB_DevConnect
 .text.USB_DevDisconnect
                0x000000000800c9f2       0x1c CMakeFiles/Autobot_basement1_0.elf.dir/Drivers/STM32F4xx_HAL_Driver/Src/stm32f4xx_ll_usb.c.obj
                0x000000000800c9f2                USB_DevDisconnect
 .text.USB_ReadInterrupts
                0x000000000800ca0e        0x8 CMakeFiles/Autobot_basement1_0.elf.dir/Drivers/STM32F4xx_HAL_Driver/Src/stm32f4xx_ll_usb.c.obj
                0x000000000800ca0e                USB_ReadInterrupts
 .text.USB_ReadDevAllOutEpInterrupt
                0x000000000800ca16       0x10 CMakeFiles/Autobot_basement1_0.elf.dir/Drivers/STM32F4xx_HAL_Driver/Src/stm32f4xx_ll_usb.c.obj
                0x000000000800ca16                USB_ReadDevAllOutEpInterrupt
 .text.USB_ReadDevAllInEpInterrupt
                0x000000000800ca26       0x10 CMakeFiles/Autobot_basement1_0.elf.dir/Drivers/STM32F4xx_HAL_Driver/Src/stm32f4xx_ll_usb.c.obj
                0x000000000800ca26                USB_ReadDevAllInEpInterrupt
 .text.USB_ReadDevOutEPInterrupt
                0x000000000800ca36       0x12 CMakeFiles/Autobot_basement1_0.elf.dir/Drivers/STM32F4xx_HAL_Driver/Src/stm32f4xx_ll_usb.c.obj
                0x000000000800ca36                USB_ReadDevOutEPInterrupt
 .text.USB_ReadDevInEPInterrupt
                0x000000000800ca48       0x28 CMakeFiles/Autobot_basement1_0.elf.dir/Drivers/STM32F4xx_HAL_Driver/Src/stm32f4xx_ll_usb.c.obj
                0x000000000800ca48                USB_ReadDevInEPInterrupt
 .text.USB_GetMode
                0x000000000800ca70        0x8 CMakeFiles/Autobot_basement1_0.elf.dir/Drivers/STM32F4xx_HAL_Driver/Src/stm32f4xx_ll_usb.c.obj
                0x000000000800ca70                USB_GetMode
 .text.USB_SetCurrentMode
                0x000000000800ca78       0x62 CMakeFiles/Autobot_basement1_0.elf.dir/Drivers/STM32F4xx_HAL_Driver/Src/stm32f4xx_ll_usb.c.obj
                0x000000000800ca78                USB_SetCurrentMode
 .text.USB_ActivateSetup
                0x000000000800cada       0x20 CMakeFiles/Autobot_basement1_0.elf.dir/Drivers/STM32F4xx_HAL_Driver/Src/stm32f4xx_ll_usb.c.obj
                0x000000000800cada                USB_ActivateSetup
 *fill*         0x000000000800cafa        0x2 
 .text.USB_EP0_OutStart
                0x000000000800cafc       0x60 CMakeFiles/Autobot_basement1_0.elf.dir/Drivers/STM32F4xx_HAL_Driver/Src/stm32f4xx_ll_usb.c.obj
                0x000000000800cafc                USB_EP0_OutStart
 .text.USBD_CDC_EP0_RxReady
                0x000000000800cb5c       0x36 CMakeFiles/Autobot_basement1_0.elf.dir/Middlewares/ST/STM32_USB_Device_Library/Class/CDC/Src/usbd_cdc.c.obj
 *fill*         0x000000000800cb92        0x2 
 .text.USBD_CDC_GetFSCfgDesc
                0x000000000800cb94        0xc CMakeFiles/Autobot_basement1_0.elf.dir/Middlewares/ST/STM32_USB_Device_Library/Class/CDC/Src/usbd_cdc.c.obj
 .text.USBD_CDC_GetHSCfgDesc
                0x000000000800cba0        0xc CMakeFiles/Autobot_basement1_0.elf.dir/Middlewares/ST/STM32_USB_Device_Library/Class/CDC/Src/usbd_cdc.c.obj
 .text.USBD_CDC_GetOtherSpeedCfgDesc
                0x000000000800cbac        0xc CMakeFiles/Autobot_basement1_0.elf.dir/Middlewares/ST/STM32_USB_Device_Library/Class/CDC/Src/usbd_cdc.c.obj
 .text.USBD_CDC_GetDeviceQualifierDescriptor
                0x000000000800cbb8        0xc CMakeFiles/Autobot_basement1_0.elf.dir/Middlewares/ST/STM32_USB_Device_Library/Class/CDC/Src/usbd_cdc.c.obj
                0x000000000800cbb8                USBD_CDC_GetDeviceQualifierDescriptor
 .text.USBD_CDC_DataOut
                0x000000000800cbc4       0x2a CMakeFiles/Autobot_basement1_0.elf.dir/Middlewares/ST/STM32_USB_Device_Library/Class/CDC/Src/usbd_cdc.c.obj
 .text.USBD_CDC_DataIn
                0x000000000800cbee       0x6a CMakeFiles/Autobot_basement1_0.elf.dir/Middlewares/ST/STM32_USB_Device_Library/Class/CDC/Src/usbd_cdc.c.obj
 .text.USBD_CDC_Setup
                0x000000000800cc58       0xf4 CMakeFiles/Autobot_basement1_0.elf.dir/Middlewares/ST/STM32_USB_Device_Library/Class/CDC/Src/usbd_cdc.c.obj
 .text.USBD_CDC_DeInit
                0x000000000800cd4c       0x48 CMakeFiles/Autobot_basement1_0.elf.dir/Middlewares/ST/STM32_USB_Device_Library/Class/CDC/Src/usbd_cdc.c.obj
 .text.USBD_CDC_Init
                0x000000000800cd94       0xc2 CMakeFiles/Autobot_basement1_0.elf.dir/Middlewares/ST/STM32_USB_Device_Library/Class/CDC/Src/usbd_cdc.c.obj
 .text.USBD_CDC_RegisterInterface
                0x000000000800ce56        0xe CMakeFiles/Autobot_basement1_0.elf.dir/Middlewares/ST/STM32_USB_Device_Library/Class/CDC/Src/usbd_cdc.c.obj
                0x000000000800ce56                USBD_CDC_RegisterInterface
 .text.USBD_CDC_SetTxBuffer
                0x000000000800ce64       0x16 CMakeFiles/Autobot_basement1_0.elf.dir/Middlewares/ST/STM32_USB_Device_Library/Class/CDC/Src/usbd_cdc.c.obj
                0x000000000800ce64                USBD_CDC_SetTxBuffer
 .text.USBD_CDC_SetRxBuffer
                0x000000000800ce7a       0x12 CMakeFiles/Autobot_basement1_0.elf.dir/Middlewares/ST/STM32_USB_Device_Library/Class/CDC/Src/usbd_cdc.c.obj
                0x000000000800ce7a                USBD_CDC_SetRxBuffer
 .text.USBD_CDC_TransmitPacket
                0x000000000800ce8c       0x34 CMakeFiles/Autobot_basement1_0.elf.dir/Middlewares/ST/STM32_USB_Device_Library/Class/CDC/Src/usbd_cdc.c.obj
                0x000000000800ce8c                USBD_CDC_TransmitPacket
 .text.USBD_CDC_ReceivePacket
                0x000000000800cec0       0x32 CMakeFiles/Autobot_basement1_0.elf.dir/Middlewares/ST/STM32_USB_Device_Library/Class/CDC/Src/usbd_cdc.c.obj
                0x000000000800cec0                USBD_CDC_ReceivePacket
 .text.USBD_Init
                0x000000000800cef2       0x2e CMakeFiles/Autobot_basement1_0.elf.dir/Middlewares/ST/STM32_USB_Device_Library/Core/Src/usbd_core.c.obj
                0x000000000800cef2                USBD_Init
 .text.USBD_RegisterClass
                0x000000000800cf20       0x2e CMakeFiles/Autobot_basement1_0.elf.dir/Middlewares/ST/STM32_USB_Device_Library/Core/Src/usbd_core.c.obj
                0x000000000800cf20                USBD_RegisterClass
 .text.USBD_Start
                0x000000000800cf4e        0x8 CMakeFiles/Autobot_basement1_0.elf.dir/Middlewares/ST/STM32_USB_Device_Library/Core/Src/usbd_core.c.obj
                0x000000000800cf4e                USBD_Start
 .text.USBD_SetClassConfig
                0x000000000800cf56       0x12 CMakeFiles/Autobot_basement1_0.elf.dir/Middlewares/ST/STM32_USB_Device_Library/Core/Src/usbd_core.c.obj
                0x000000000800cf56                USBD_SetClassConfig
 .text.USBD_ClrClassConfig
                0x000000000800cf68       0x10 CMakeFiles/Autobot_basement1_0.elf.dir/Middlewares/ST/STM32_USB_Device_Library/Core/Src/usbd_core.c.obj
                0x000000000800cf68                USBD_ClrClassConfig
 .text.USBD_LL_SetupStage
                0x000000000800cf78       0x58 CMakeFiles/Autobot_basement1_0.elf.dir/Middlewares/ST/STM32_USB_Device_Library/Core/Src/usbd_core.c.obj
                0x000000000800cf78                USBD_LL_SetupStage
 .text.USBD_LL_DataOutStage
                0x000000000800cfd0       0x78 CMakeFiles/Autobot_basement1_0.elf.dir/Middlewares/ST/STM32_USB_Device_Library/Core/Src/usbd_core.c.obj
                0x000000000800cfd0                USBD_LL_DataOutStage
 .text.USBD_LL_DataInStage
                0x000000000800d048       0xbe CMakeFiles/Autobot_basement1_0.elf.dir/Middlewares/ST/STM32_USB_Device_Library/Core/Src/usbd_core.c.obj
                0x000000000800d048                USBD_LL_DataInStage
 .text.USBD_LL_Reset
                0x000000000800d106       0x5a CMakeFiles/Autobot_basement1_0.elf.dir/Middlewares/ST/STM32_USB_Device_Library/Core/Src/usbd_core.c.obj
                0x000000000800d106                USBD_LL_Reset
 .text.USBD_LL_SetSpeed
                0x000000000800d160        0x6 CMakeFiles/Autobot_basement1_0.elf.dir/Middlewares/ST/STM32_USB_Device_Library/Core/Src/usbd_core.c.obj
                0x000000000800d160                USBD_LL_SetSpeed
 .text.USBD_LL_Suspend
                0x000000000800d166       0x14 CMakeFiles/Autobot_basement1_0.elf.dir/Middlewares/ST/STM32_USB_Device_Library/Core/Src/usbd_core.c.obj
                0x000000000800d166                USBD_LL_Suspend
 .text.USBD_LL_Resume
                0x000000000800d17a       0x1a CMakeFiles/Autobot_basement1_0.elf.dir/Middlewares/ST/STM32_USB_Device_Library/Core/Src/usbd_core.c.obj
                0x000000000800d17a                USBD_LL_Resume
 .text.USBD_LL_SOF
                0x000000000800d194       0x28 CMakeFiles/Autobot_basement1_0.elf.dir/Middlewares/ST/STM32_USB_Device_Library/Core/Src/usbd_core.c.obj
                0x000000000800d194                USBD_LL_SOF
 .text.USBD_LL_IsoINIncomplete
                0x000000000800d1bc       0x28 CMakeFiles/Autobot_basement1_0.elf.dir/Middlewares/ST/STM32_USB_Device_Library/Core/Src/usbd_core.c.obj
                0x000000000800d1bc                USBD_LL_IsoINIncomplete
 .text.USBD_LL_IsoOUTIncomplete
                0x000000000800d1e4       0x28 CMakeFiles/Autobot_basement1_0.elf.dir/Middlewares/ST/STM32_USB_Device_Library/Core/Src/usbd_core.c.obj
                0x000000000800d1e4                USBD_LL_IsoOUTIncomplete
 .text.USBD_LL_DevConnected
                0x000000000800d20c        0x4 CMakeFiles/Autobot_basement1_0.elf.dir/Middlewares/ST/STM32_USB_Device_Library/Core/Src/usbd_core.c.obj
                0x000000000800d20c                USBD_LL_DevConnected
 .text.USBD_LL_DevDisconnected
                0x000000000800d210       0x18 CMakeFiles/Autobot_basement1_0.elf.dir/Middlewares/ST/STM32_USB_Device_Library/Core/Src/usbd_core.c.obj
                0x000000000800d210                USBD_LL_DevDisconnected
 .text.USBD_GetLen
                0x000000000800d228       0x14 CMakeFiles/Autobot_basement1_0.elf.dir/Middlewares/ST/STM32_USB_Device_Library/Core/Src/usbd_ctlreq.c.obj
 .text.USBD_SetFeature
                0x000000000800d23c       0x14 CMakeFiles/Autobot_basement1_0.elf.dir/Middlewares/ST/STM32_USB_Device_Library/Core/Src/usbd_ctlreq.c.obj
 .text.USBD_ParseSetupRequest
                0x000000000800d250       0x28 CMakeFiles/Autobot_basement1_0.elf.dir/Middlewares/ST/STM32_USB_Device_Library/Core/Src/usbd_ctlreq.c.obj
                0x000000000800d250                USBD_ParseSetupRequest
 .text.USBD_CtlError
                0x000000000800d278       0x14 CMakeFiles/Autobot_basement1_0.elf.dir/Middlewares/ST/STM32_USB_Device_Library/Core/Src/usbd_ctlreq.c.obj
                0x000000000800d278                USBD_CtlError
 .text.USBD_GetDescriptor
                0x000000000800d28c      0x18a CMakeFiles/Autobot_basement1_0.elf.dir/Middlewares/ST/STM32_USB_Device_Library/Core/Src/usbd_ctlreq.c.obj
 .text.USBD_SetAddress
                0x000000000800d416       0x50 CMakeFiles/Autobot_basement1_0.elf.dir/Middlewares/ST/STM32_USB_Device_Library/Core/Src/usbd_ctlreq.c.obj
 *fill*         0x000000000800d466        0x2 
 .text.USBD_SetConfig
                0x000000000800d468       0xc8 CMakeFiles/Autobot_basement1_0.elf.dir/Middlewares/ST/STM32_USB_Device_Library/Core/Src/usbd_ctlreq.c.obj
 .text.USBD_GetConfig
                0x000000000800d530       0x40 CMakeFiles/Autobot_basement1_0.elf.dir/Middlewares/ST/STM32_USB_Device_Library/Core/Src/usbd_ctlreq.c.obj
 .text.USBD_GetStatus
                0x000000000800d570       0x38 CMakeFiles/Autobot_basement1_0.elf.dir/Middlewares/ST/STM32_USB_Device_Library/Core/Src/usbd_ctlreq.c.obj
 .text.USBD_ClrFeature
                0x000000000800d5a8       0x26 CMakeFiles/Autobot_basement1_0.elf.dir/Middlewares/ST/STM32_USB_Device_Library/Core/Src/usbd_ctlreq.c.obj
 .text.USBD_StdDevReq
                0x000000000800d5ce       0x70 CMakeFiles/Autobot_basement1_0.elf.dir/Middlewares/ST/STM32_USB_Device_Library/Core/Src/usbd_ctlreq.c.obj
                0x000000000800d5ce                USBD_StdDevReq
 .text.USBD_StdItfReq
                0x000000000800d63e       0x68 CMakeFiles/Autobot_basement1_0.elf.dir/Middlewares/ST/STM32_USB_Device_Library/Core/Src/usbd_ctlreq.c.obj
                0x000000000800d63e                USBD_StdItfReq
 .text.USBD_StdEPReq
                0x000000000800d6a6      0x1ec CMakeFiles/Autobot_basement1_0.elf.dir/Middlewares/ST/STM32_USB_Device_Library/Core/Src/usbd_ctlreq.c.obj
                0x000000000800d6a6                USBD_StdEPReq
 .text.USBD_GetString
                0x000000000800d892       0x3a CMakeFiles/Autobot_basement1_0.elf.dir/Middlewares/ST/STM32_USB_Device_Library/Core/Src/usbd_ctlreq.c.obj
                0x000000000800d892                USBD_GetString
 .text.USBD_CtlSendData
                0x000000000800d8cc       0x1a CMakeFiles/Autobot_basement1_0.elf.dir/Middlewares/ST/STM32_USB_Device_Library/Core/Src/usbd_ioreq.c.obj
                0x000000000800d8cc                USBD_CtlSendData
 .text.USBD_CtlContinueSendData
                0x000000000800d8e6       0x10 CMakeFiles/Autobot_basement1_0.elf.dir/Middlewares/ST/STM32_USB_Device_Library/Core/Src/usbd_ioreq.c.obj
                0x000000000800d8e6                USBD_CtlContinueSendData
 .text.USBD_CtlPrepareRx
                0x000000000800d8f6       0x1e CMakeFiles/Autobot_basement1_0.elf.dir/Middlewares/ST/STM32_USB_Device_Library/Core/Src/usbd_ioreq.c.obj
                0x000000000800d8f6                USBD_CtlPrepareRx
 .text.USBD_CtlContinueRx
                0x000000000800d914       0x10 CMakeFiles/Autobot_basement1_0.elf.dir/Middlewares/ST/STM32_USB_Device_Library/Core/Src/usbd_ioreq.c.obj
                0x000000000800d914                USBD_CtlContinueRx
 .text.USBD_CtlSendStatus
                0x000000000800d924       0x16 CMakeFiles/Autobot_basement1_0.elf.dir/Middlewares/ST/STM32_USB_Device_Library/Core/Src/usbd_ioreq.c.obj
                0x000000000800d924                USBD_CtlSendStatus
 .text.USBD_CtlReceiveStatus
                0x000000000800d93a       0x16 CMakeFiles/Autobot_basement1_0.elf.dir/Middlewares/ST/STM32_USB_Device_Library/Core/Src/usbd_ioreq.c.obj
                0x000000000800d93a                USBD_CtlReceiveStatus
 .text.makeFreeRtosPriority
                0x000000000800d950        0xc CMakeFiles/Autobot_basement1_0.elf.dir/Middlewares/Third_Party/FreeRTOS/Source/CMSIS_RTOS/cmsis_os.c.obj
 .text.osKernelStart
                0x000000000800d95c        0xa CMakeFiles/Autobot_basement1_0.elf.dir/Middlewares/Third_Party/FreeRTOS/Source/CMSIS_RTOS/cmsis_os.c.obj
                0x000000000800d95c                osKernelStart
 .text.osThreadCreate
                0x000000000800d966       0x6a CMakeFiles/Autobot_basement1_0.elf.dir/Middlewares/Third_Party/FreeRTOS/Source/CMSIS_RTOS/cmsis_os.c.obj
                0x000000000800d966                osThreadCreate
 .text.osDelay  0x000000000800d9d0        0xe CMakeFiles/Autobot_basement1_0.elf.dir/Middlewares/Third_Party/FreeRTOS/Source/CMSIS_RTOS/cmsis_os.c.obj
                0x000000000800d9d0                osDelay
 .text.vListInitialise
                0x000000000800d9de       0x16 CMakeFiles/Autobot_basement1_0.elf.dir/Middlewares/Third_Party/FreeRTOS/Source/list.c.obj
                0x000000000800d9de                vListInitialise
 .text.vListInitialiseItem
                0x000000000800d9f4        0x6 CMakeFiles/Autobot_basement1_0.elf.dir/Middlewares/Third_Party/FreeRTOS/Source/list.c.obj
                0x000000000800d9f4                vListInitialiseItem
 .text.vListInsertEnd
                0x000000000800d9fa       0x16 CMakeFiles/Autobot_basement1_0.elf.dir/Middlewares/Third_Party/FreeRTOS/Source/list.c.obj
                0x000000000800d9fa                vListInsertEnd
 .text.vListInsert
                0x000000000800da10       0x32 CMakeFiles/Autobot_basement1_0.elf.dir/Middlewares/Third_Party/FreeRTOS/Source/list.c.obj
                0x000000000800da10                vListInsert
 .text.uxListRemove
                0x000000000800da42       0x26 CMakeFiles/Autobot_basement1_0.elf.dir/Middlewares/Third_Party/FreeRTOS/Source/list.c.obj
                0x000000000800da42                uxListRemove
 .text.prvTaskExitError
                0x000000000800da68       0x40 CMakeFiles/Autobot_basement1_0.elf.dir/Middlewares/Third_Party/FreeRTOS/Source/portable/GCC/ARM_CM4F/port.c.obj
 .text.prvPortStartFirstTask
                0x000000000800daa8       0x28 CMakeFiles/Autobot_basement1_0.elf.dir/Middlewares/Third_Party/FreeRTOS/Source/portable/GCC/ARM_CM4F/port.c.obj
 .text.vPortEnableVFP
                0x000000000800dad0       0x14 CMakeFiles/Autobot_basement1_0.elf.dir/Middlewares/Third_Party/FreeRTOS/Source/portable/GCC/ARM_CM4F/port.c.obj
 .text.pxPortInitialiseStack
                0x000000000800dae4       0x2c CMakeFiles/Autobot_basement1_0.elf.dir/Middlewares/Third_Party/FreeRTOS/Source/portable/GCC/ARM_CM4F/port.c.obj
                0x000000000800dae4                pxPortInitialiseStack
 .text.SVC_Handler
                0x000000000800db10       0x24 CMakeFiles/Autobot_basement1_0.elf.dir/Middlewares/Third_Party/FreeRTOS/Source/portable/GCC/ARM_CM4F/port.c.obj
                0x000000000800db10                SVC_Handler
 .text.vPortEnterCritical
                0x000000000800db34       0x44 CMakeFiles/Autobot_basement1_0.elf.dir/Middlewares/Third_Party/FreeRTOS/Source/portable/GCC/ARM_CM4F/port.c.obj
                0x000000000800db34                vPortEnterCritical
 .text.vPortExitCritical
                0x000000000800db78       0x2c CMakeFiles/Autobot_basement1_0.elf.dir/Middlewares/Third_Party/FreeRTOS/Source/portable/GCC/ARM_CM4F/port.c.obj
                0x000000000800db78                vPortExitCritical
 *fill*         0x000000000800dba4        0xc 
 .text.PendSV_Handler
                0x000000000800dbb0       0x64 CMakeFiles/Autobot_basement1_0.elf.dir/Middlewares/Third_Party/FreeRTOS/Source/portable/GCC/ARM_CM4F/port.c.obj
                0x000000000800dbb0                PendSV_Handler
 .text.SysTick_Handler
                0x000000000800dc14       0x2c CMakeFiles/Autobot_basement1_0.elf.dir/Middlewares/Third_Party/FreeRTOS/Source/portable/GCC/ARM_CM4F/port.c.obj
                0x000000000800dc14                SysTick_Handler
 .text.vPortSetupTimerInterrupt
                0x000000000800dc40       0x28 CMakeFiles/Autobot_basement1_0.elf.dir/Middlewares/Third_Party/FreeRTOS/Source/portable/GCC/ARM_CM4F/port.c.obj
                0x000000000800dc40                vPortSetupTimerInterrupt
 .text.xPortStartScheduler
                0x000000000800dc68      0x118 CMakeFiles/Autobot_basement1_0.elf.dir/Middlewares/Third_Party/FreeRTOS/Source/portable/GCC/ARM_CM4F/port.c.obj
                0x000000000800dc68                xPortStartScheduler
 .text.prvHeapInit
                0x000000000800dd80       0x64 CMakeFiles/Autobot_basement1_0.elf.dir/Middlewares/Third_Party/FreeRTOS/Source/portable/MemMang/heap_4.c.obj
 .text.prvInsertBlockIntoFreeList
                0x000000000800dde4       0x64 CMakeFiles/Autobot_basement1_0.elf.dir/Middlewares/Third_Party/FreeRTOS/Source/portable/MemMang/heap_4.c.obj
 .text.pvPortMalloc
                0x000000000800de48       0xfc CMakeFiles/Autobot_basement1_0.elf.dir/Middlewares/Third_Party/FreeRTOS/Source/portable/MemMang/heap_4.c.obj
                0x000000000800de48                pvPortMalloc
 .text.vPortFree
                0x000000000800df44       0x7c CMakeFiles/Autobot_basement1_0.elf.dir/Middlewares/Third_Party/FreeRTOS/Source/portable/MemMang/heap_4.c.obj
                0x000000000800df44                vPortFree
 .text.prvResetNextTaskUnblockTime
                0x000000000800dfc0       0x2c CMakeFiles/Autobot_basement1_0.elf.dir/Middlewares/Third_Party/FreeRTOS/Source/tasks.c.obj
 .text.prvInitialiseNewTask
                0x000000000800dfec       0xa2 CMakeFiles/Autobot_basement1_0.elf.dir/Middlewares/Third_Party/FreeRTOS/Source/tasks.c.obj
 *fill*         0x000000000800e08e        0x2 
 .text.prvInitialiseTaskLists
                0x000000000800e090       0x68 CMakeFiles/Autobot_basement1_0.elf.dir/Middlewares/Third_Party/FreeRTOS/Source/tasks.c.obj
 .text.prvAddNewTaskToReadyList
                0x000000000800e0f8       0xa8 CMakeFiles/Autobot_basement1_0.elf.dir/Middlewares/Third_Party/FreeRTOS/Source/tasks.c.obj
 .text.prvDeleteTCB
                0x000000000800e1a0       0x38 CMakeFiles/Autobot_basement1_0.elf.dir/Middlewares/Third_Party/FreeRTOS/Source/tasks.c.obj
 .text.prvCheckTasksWaitingTermination
                0x000000000800e1d8       0x4c CMakeFiles/Autobot_basement1_0.elf.dir/Middlewares/Third_Party/FreeRTOS/Source/tasks.c.obj
 .text.prvIdleTask
                0x000000000800e224       0x28 CMakeFiles/Autobot_basement1_0.elf.dir/Middlewares/Third_Party/FreeRTOS/Source/tasks.c.obj
 .text.prvAddCurrentTaskToDelayedList
                0x000000000800e24c       0x98 CMakeFiles/Autobot_basement1_0.elf.dir/Middlewares/Third_Party/FreeRTOS/Source/tasks.c.obj
 .text.xTaskCreateStatic
                0x000000000800e2e4       0x76 CMakeFiles/Autobot_basement1_0.elf.dir/Middlewares/Third_Party/FreeRTOS/Source/tasks.c.obj
                0x000000000800e2e4                xTaskCreateStatic
 .text.xTaskCreate
                0x000000000800e35a       0x68 CMakeFiles/Autobot_basement1_0.elf.dir/Middlewares/Third_Party/FreeRTOS/Source/tasks.c.obj
                0x000000000800e35a                xTaskCreate
 *fill*         0x000000000800e3c2        0x2 
 .text.vTaskStartScheduler
                0x000000000800e3c4       0x74 CMakeFiles/Autobot_basement1_0.elf.dir/Middlewares/Third_Party/FreeRTOS/Source/tasks.c.obj
                0x000000000800e3c4                vTaskStartScheduler
 .text.vTaskSuspendAll
                0x000000000800e438       0x10 CMakeFiles/Autobot_basement1_0.elf.dir/Middlewares/Third_Party/FreeRTOS/Source/tasks.c.obj
                0x000000000800e438                vTaskSuspendAll
 .text.xTaskIncrementTick
                0x000000000800e448      0x118 CMakeFiles/Autobot_basement1_0.elf.dir/Middlewares/Third_Party/FreeRTOS/Source/tasks.c.obj
                0x000000000800e448                xTaskIncrementTick
 .text.xTaskResumeAll
                0x000000000800e560       0xf8 CMakeFiles/Autobot_basement1_0.elf.dir/Middlewares/Third_Party/FreeRTOS/Source/tasks.c.obj
                0x000000000800e560                xTaskResumeAll
 .text.vTaskDelay
                0x000000000800e658       0x4c CMakeFiles/Autobot_basement1_0.elf.dir/Middlewares/Third_Party/FreeRTOS/Source/tasks.c.obj
                0x000000000800e658                vTaskDelay
 .text.vTaskSwitchContext
                0x000000000800e6a4       0x98 CMakeFiles/Autobot_basement1_0.elf.dir/Middlewares/Third_Party/FreeRTOS/Source/tasks.c.obj
                0x000000000800e6a4                vTaskSwitchContext
 .text.MX_USB_DEVICE_Init
                0x000000000800e73c       0x54 CMakeFiles/Autobot_basement1_0.elf.dir/USB_DEVICE/App/usb_device.c.obj
                0x000000000800e73c                MX_USB_DEVICE_Init
 .text.CDC_DeInit_FS
                0x000000000800e790        0x4 CMakeFiles/Autobot_basement1_0.elf.dir/USB_DEVICE/App/usbd_cdc_if.c.obj
 .text.CDC_Control_FS
                0x000000000800e794        0x4 CMakeFiles/Autobot_basement1_0.elf.dir/USB_DEVICE/App/usbd_cdc_if.c.obj
 .text.CDC_TransmitCplt_FS
                0x000000000800e798        0x4 CMakeFiles/Autobot_basement1_0.elf.dir/USB_DEVICE/App/usbd_cdc_if.c.obj
 .text.CDC_Receive_FS
                0x000000000800e79c       0x4c CMakeFiles/Autobot_basement1_0.elf.dir/USB_DEVICE/App/usbd_cdc_if.c.obj
 .text.CDC_Init_FS
                0x000000000800e7e8       0x28 CMakeFiles/Autobot_basement1_0.elf.dir/USB_DEVICE/App/usbd_cdc_if.c.obj
 .text.CDC_Transmit_FS
                0x000000000800e810       0x2c CMakeFiles/Autobot_basement1_0.elf.dir/USB_DEVICE/App/usbd_cdc_if.c.obj
                0x000000000800e810                CDC_Transmit_FS
 .text.vcp_available
                0x000000000800e83c       0x18 CMakeFiles/Autobot_basement1_0.elf.dir/USB_DEVICE/App/usbd_cdc_if.c.obj
                0x000000000800e83c                vcp_available
 .text.vcp_read
                0x000000000800e854       0x30 CMakeFiles/Autobot_basement1_0.elf.dir/USB_DEVICE/App/usbd_cdc_if.c.obj
                0x000000000800e854                vcp_read
 .text.vcp_write
                0x000000000800e884       0x14 CMakeFiles/Autobot_basement1_0.elf.dir/USB_DEVICE/App/usbd_cdc_if.c.obj
                0x000000000800e884                vcp_write
 .text.USBD_FS_DeviceDescriptor
                0x000000000800e898        0xc CMakeFiles/Autobot_basement1_0.elf.dir/USB_DEVICE/App/usbd_desc.c.obj
                0x000000000800e898                USBD_FS_DeviceDescriptor
 .text.USBD_FS_LangIDStrDescriptor
                0x000000000800e8a4        0xc CMakeFiles/Autobot_basement1_0.elf.dir/USB_DEVICE/App/usbd_desc.c.obj
                0x000000000800e8a4                USBD_FS_LangIDStrDescriptor
 .text.IntToUnicode
                0x000000000800e8b0       0x46 CMakeFiles/Autobot_basement1_0.elf.dir/USB_DEVICE/App/usbd_desc.c.obj
 *fill*         0x000000000800e8f6        0x2 
 .text.Get_SerialNum
                0x000000000800e8f8       0x38 CMakeFiles/Autobot_basement1_0.elf.dir/USB_DEVICE/App/usbd_desc.c.obj
 .text.USBD_FS_SerialStrDescriptor
                0x000000000800e930       0x14 CMakeFiles/Autobot_basement1_0.elf.dir/USB_DEVICE/App/usbd_desc.c.obj
                0x000000000800e930                USBD_FS_SerialStrDescriptor
 .text.USBD_FS_ProductStrDescriptor
                0x000000000800e944       0x24 CMakeFiles/Autobot_basement1_0.elf.dir/USB_DEVICE/App/usbd_desc.c.obj
                0x000000000800e944                USBD_FS_ProductStrDescriptor
 .text.USBD_FS_ManufacturerStrDescriptor
                0x000000000800e968       0x1c CMakeFiles/Autobot_basement1_0.elf.dir/USB_DEVICE/App/usbd_desc.c.obj
                0x000000000800e968                USBD_FS_ManufacturerStrDescriptor
 .text.USBD_FS_ConfigStrDescriptor
                0x000000000800e984       0x24 CMakeFiles/Autobot_basement1_0.elf.dir/USB_DEVICE/App/usbd_desc.c.obj
                0x000000000800e984                USBD_FS_ConfigStrDescriptor
 .text.USBD_FS_InterfaceStrDescriptor
                0x000000000800e9a8       0x24 CMakeFiles/Autobot_basement1_0.elf.dir/USB_DEVICE/App/usbd_desc.c.obj
                0x000000000800e9a8                USBD_FS_InterfaceStrDescriptor
 .text.HAL_PCD_MspInit
                0x000000000800e9cc       0x84 CMakeFiles/Autobot_basement1_0.elf.dir/USB_DEVICE/Target/usbd_conf.c.obj
                0x000000000800e9cc                HAL_PCD_MspInit
 .text.HAL_PCD_SetupStageCallback
                0x000000000800ea50       0x10 CMakeFiles/Autobot_basement1_0.elf.dir/USB_DEVICE/Target/usbd_conf.c.obj
                0x000000000800ea50                HAL_PCD_SetupStageCallback
 .text.HAL_PCD_DataOutStageCallback
                0x000000000800ea60       0x18 CMakeFiles/Autobot_basement1_0.elf.dir/USB_DEVICE/Target/usbd_conf.c.obj
                0x000000000800ea60                HAL_PCD_DataOutStageCallback
 .text.HAL_PCD_DataInStageCallback
                0x000000000800ea78       0x16 CMakeFiles/Autobot_basement1_0.elf.dir/USB_DEVICE/Target/usbd_conf.c.obj
                0x000000000800ea78                HAL_PCD_DataInStageCallback
 .text.HAL_PCD_SOFCallback
                0x000000000800ea8e        0xc CMakeFiles/Autobot_basement1_0.elf.dir/USB_DEVICE/Target/usbd_conf.c.obj
                0x000000000800ea8e                HAL_PCD_SOFCallback
 .text.HAL_PCD_ResetCallback
                0x000000000800ea9a       0x2c CMakeFiles/Autobot_basement1_0.elf.dir/USB_DEVICE/Target/usbd_conf.c.obj
                0x000000000800ea9a                HAL_PCD_ResetCallback
 *fill*         0x000000000800eac6        0x2 
 .text.HAL_PCD_SuspendCallback
                0x000000000800eac8       0x30 CMakeFiles/Autobot_basement1_0.elf.dir/USB_DEVICE/Target/usbd_conf.c.obj
                0x000000000800eac8                HAL_PCD_SuspendCallback
 .text.HAL_PCD_ResumeCallback
                0x000000000800eaf8        0xc CMakeFiles/Autobot_basement1_0.elf.dir/USB_DEVICE/Target/usbd_conf.c.obj
                0x000000000800eaf8                HAL_PCD_ResumeCallback
 .text.HAL_PCD_ISOOUTIncompleteCallback
                0x000000000800eb04        0xc CMakeFiles/Autobot_basement1_0.elf.dir/USB_DEVICE/Target/usbd_conf.c.obj
                0x000000000800eb04                HAL_PCD_ISOOUTIncompleteCallback
 .text.HAL_PCD_ISOINIncompleteCallback
                0x000000000800eb10        0xc CMakeFiles/Autobot_basement1_0.elf.dir/USB_DEVICE/Target/usbd_conf.c.obj
                0x000000000800eb10                HAL_PCD_ISOINIncompleteCallback
 .text.HAL_PCD_ConnectCallback
                0x000000000800eb1c        0xc CMakeFiles/Autobot_basement1_0.elf.dir/USB_DEVICE/Target/usbd_conf.c.obj
                0x000000000800eb1c                HAL_PCD_ConnectCallback
 .text.HAL_PCD_DisconnectCallback
                0x000000000800eb28        0xc CMakeFiles/Autobot_basement1_0.elf.dir/USB_DEVICE/Target/usbd_conf.c.obj
                0x000000000800eb28                HAL_PCD_DisconnectCallback
 .text.USBD_LL_Init
                0x000000000800eb34       0x68 CMakeFiles/Autobot_basement1_0.elf.dir/USB_DEVICE/Target/usbd_conf.c.obj
                0x000000000800eb34                USBD_LL_Init
 .text.USBD_LL_IsStallEP
                0x000000000800eb9c       0x2e CMakeFiles/Autobot_basement1_0.elf.dir/USB_DEVICE/Target/usbd_conf.c.obj
                0x000000000800eb9c                USBD_LL_IsStallEP
 .text.USBD_LL_GetRxDataSize
                0x000000000800ebca        0xc CMakeFiles/Autobot_basement1_0.elf.dir/USB_DEVICE/Target/usbd_conf.c.obj
                0x000000000800ebca                USBD_LL_GetRxDataSize
 *fill*         0x000000000800ebd6        0x2 
 .text.USBD_static_malloc
                0x000000000800ebd8        0x8 CMakeFiles/Autobot_basement1_0.elf.dir/USB_DEVICE/Target/usbd_conf.c.obj
                0x000000000800ebd8                USBD_static_malloc
 .text.USBD_static_free
                0x000000000800ebe0        0x2 CMakeFiles/Autobot_basement1_0.elf.dir/USB_DEVICE/Target/usbd_conf.c.obj
                0x000000000800ebe0                USBD_static_free
 .text.USBD_Get_USB_Status
                0x000000000800ebe2       0x14 CMakeFiles/Autobot_basement1_0.elf.dir/USB_DEVICE/Target/usbd_conf.c.obj
                0x000000000800ebe2                USBD_Get_USB_Status
 .text.USBD_LL_Start
                0x000000000800ebf6       0x10 CMakeFiles/Autobot_basement1_0.elf.dir/USB_DEVICE/Target/usbd_conf.c.obj
                0x000000000800ebf6                USBD_LL_Start
 .text.USBD_LL_OpenEP
                0x000000000800ec06       0x16 CMakeFiles/Autobot_basement1_0.elf.dir/USB_DEVICE/Target/usbd_conf.c.obj
                0x000000000800ec06                USBD_LL_OpenEP
 .text.USBD_LL_CloseEP
                0x000000000800ec1c       0x10 CMakeFiles/Autobot_basement1_0.elf.dir/USB_DEVICE/Target/usbd_conf.c.obj
                0x000000000800ec1c                USBD_LL_CloseEP
 .text.USBD_LL_StallEP
                0x000000000800ec2c       0x10 CMakeFiles/Autobot_basement1_0.elf.dir/USB_DEVICE/Target/usbd_conf.c.obj
                0x000000000800ec2c                USBD_LL_StallEP
 .text.USBD_LL_ClearStallEP
                0x000000000800ec3c       0x10 CMakeFiles/Autobot_basement1_0.elf.dir/USB_DEVICE/Target/usbd_conf.c.obj
                0x000000000800ec3c                USBD_LL_ClearStallEP
 .text.USBD_LL_SetUSBAddress
                0x000000000800ec4c       0x10 CMakeFiles/Autobot_basement1_0.elf.dir/USB_DEVICE/Target/usbd_conf.c.obj
                0x000000000800ec4c                USBD_LL_SetUSBAddress
 .text.USBD_LL_Transmit
                0x000000000800ec5c       0x10 CMakeFiles/Autobot_basement1_0.elf.dir/USB_DEVICE/Target/usbd_conf.c.obj
                0x000000000800ec5c                USBD_LL_Transmit
 .text.USBD_LL_PrepareReceive
                0x000000000800ec6c       0x10 CMakeFiles/Autobot_basement1_0.elf.dir/USB_DEVICE/Target/usbd_conf.c.obj
                0x000000000800ec6c                USBD_LL_PrepareReceive
 .text.Reset_Handler
                0x000000000800ec7c       0x50 CMakeFiles/Autobot_basement1_0.elf.dir/startup/startup_stm32f407xx.s.obj
                0x000000000800ec7c                Reset_Handler
 .text.Default_Handler
                0x000000000800eccc        0x2 CMakeFiles/Autobot_basement1_0.elf.dir/startup/startup_stm32f407xx.s.obj
                0x000000000800eccc                RTC_Alarm_IRQHandler
                0x000000000800eccc                HASH_RNG_IRQHandler
                0x000000000800eccc                EXTI2_IRQHandler
                0x000000000800eccc                TIM8_CC_IRQHandler
                0x000000000800eccc                TIM1_CC_IRQHandler
                0x000000000800eccc                DMA2_Stream5_IRQHandler
                0x000000000800eccc                PVD_IRQHandler
                0x000000000800eccc                SDIO_IRQHandler
                0x000000000800eccc                TAMP_STAMP_IRQHandler
                0x000000000800eccc                CAN2_RX1_IRQHandler
                0x000000000800eccc                EXTI3_IRQHandler
                0x000000000800eccc                TIM1_UP_TIM10_IRQHandler
                0x000000000800eccc                TIM8_UP_TIM13_IRQHandler
                0x000000000800eccc                I2C3_ER_IRQHandler
                0x000000000800eccc                EXTI0_IRQHandler
                0x000000000800eccc                I2C2_EV_IRQHandler
                0x000000000800eccc                DMA1_Stream2_IRQHandler
                0x000000000800eccc                CAN1_RX0_IRQHandler
                0x000000000800eccc                FPU_IRQHandler
                0x000000000800eccc                OTG_HS_WKUP_IRQHandler
                0x000000000800eccc                CAN2_SCE_IRQHandler
                0x000000000800eccc                DMA2_Stream2_IRQHandler
                0x000000000800eccc                SPI1_IRQHandler
                0x000000000800eccc                TIM6_DAC_IRQHandler
                0x000000000800eccc                TIM1_BRK_TIM9_IRQHandler
                0x000000000800eccc                DCMI_IRQHandler
                0x000000000800eccc                CAN2_RX0_IRQHandler
                0x000000000800eccc                DMA2_Stream3_IRQHandler
                0x000000000800eccc                USART6_IRQHandler
                0x000000000800eccc                USART3_IRQHandler
                0x000000000800eccc                CAN1_RX1_IRQHandler
                0x000000000800eccc                UART5_IRQHandler
                0x000000000800eccc                DMA2_Stream0_IRQHandler
                0x000000000800eccc                TIM4_IRQHandler
                0x000000000800eccc                I2C1_EV_IRQHandler
                0x000000000800eccc                DMA1_Stream1_IRQHandler
                0x000000000800eccc                UART4_IRQHandler
                0x000000000800eccc                TIM3_IRQHandler
                0x000000000800eccc                RCC_IRQHandler
                0x000000000800eccc                TIM8_BRK_TIM12_IRQHandler
                0x000000000800eccc                Default_Handler
                0x000000000800eccc                EXTI15_10_IRQHandler
                0x000000000800eccc                ADC_IRQHandler
                0x000000000800eccc                DMA1_Stream7_IRQHandler
                0x000000000800eccc                TIM7_IRQHandler
                0x000000000800eccc                CAN2_TX_IRQHandler
                0x000000000800eccc                TIM5_IRQHandler
                0x000000000800eccc                DMA2_Stream7_IRQHandler
                0x000000000800eccc                I2C3_EV_IRQHandler
                0x000000000800eccc                EXTI9_5_IRQHandler
                0x000000000800eccc                RTC_WKUP_IRQHandler
                0x000000000800eccc                ETH_WKUP_IRQHandler
                0x000000000800eccc                SPI2_IRQHandler
                0x000000000800eccc                OTG_HS_EP1_IN_IRQHandler
                0x000000000800eccc                DMA1_Stream0_IRQHandler
                0x000000000800eccc                CAN1_TX_IRQHandler
                0x000000000800eccc                EXTI4_IRQHandler
                0x000000000800eccc                FSMC_IRQHandler
                0x000000000800eccc                ETH_IRQHandler
                0x000000000800eccc                OTG_HS_EP1_OUT_IRQHandler
                0x000000000800eccc                WWDG_IRQHandler
                0x000000000800eccc                TIM2_IRQHandler
                0x000000000800eccc                OTG_FS_WKUP_IRQHandler
                0x000000000800eccc                TIM1_TRG_COM_TIM11_IRQHandler
                0x000000000800eccc                OTG_HS_IRQHandler
                0x000000000800eccc                EXTI1_IRQHandler
                0x000000000800eccc                I2C2_ER_IRQHandler
                0x000000000800eccc                DMA2_Stream1_IRQHandler
                0x000000000800eccc                CAN1_SCE_IRQHandler
                0x000000000800eccc                FLASH_IRQHandler
                0x000000000800eccc                DMA2_Stream4_IRQHandler
                0x000000000800eccc                USART1_IRQHandler
                0x000000000800eccc                SPI3_IRQHandler
                0x000000000800eccc                DMA1_Stream4_IRQHandler
                0x000000000800eccc                I2C1_ER_IRQHandler
                0x000000000800eccc                DMA2_Stream6_IRQHandler
                0x000000000800eccc                DMA1_Stream3_IRQHandler
 *fill*         0x000000000800ecce        0x2 
 .text._ZNK10__cxxabiv117__class_type_info11__do_upcastEPKS0_PPv
                0x000000000800ecd0       0x34 /home/dream/02-software/006-gcc-arm-none-eabi/bin/../lib/gcc/arm-none-eabi/10.3.1/../../../../arm-none-eabi/lib/thumb/v7e-m+fp/hard/libstdc++.a(class_type_info.o)
                0x000000000800ecd0                __cxxabiv1::__class_type_info::__do_upcast(__cxxabiv1::__class_type_info const*, void**) const
 .text._ZNK10__cxxabiv117__class_type_info20__do_find_public_srcEiPKvPKS0_S2_