Archive member included to satisfy reference by file (symbol)

/home/dream/02-software/006-gcc-arm-none-eabi/bin/../lib/gcc/arm-none-eabi/10.3.1/../../../../arm-none-eabi/lib/thumb/v7e-m+fp/hard/libstdc++.a(class_type_info.o)
                              CMakeFiles/Autobot_basement1_0.elf.dir/Core/Src/robot.cpp.obj (vtable for __cxxabiv1::__class_type_info)
/home/dream/02-software/006-gcc-arm-none-eabi/bin/../lib/gcc/arm-none-eabi/10.3.1/../../../../arm-none-eabi/lib/thumb/v7e-m+fp/hard/libstdc++.a(del_ops.o)
                              /home/dream/02-software/006-gcc-arm-none-eabi/bin/../lib/gcc/arm-none-eabi/10.3.1/../../../../arm-none-eabi/lib/thumb/v7e-m+fp/hard/libstdc++.a(class_type_info.o) (operator delete(void*, unsigned int))
/home/dream/02-software/006-gcc-arm-none-eabi/bin/../lib/gcc/arm-none-eabi/10.3.1/../../../../arm-none-eabi/lib/thumb/v7e-m+fp/hard/libstdc++.a(pure.o)
                              CMakeFiles/Autobot_basement1_0.elf.dir/Core/Src/robot.cpp.obj (__cxa_pure_virtual)
/home/dream/02-software/006-gcc-arm-none-eabi/bin/../lib/gcc/arm-none-eabi/10.3.1/../../../../arm-none-eabi/lib/thumb/v7e-m+fp/hard/libstdc++.a(si_class_type_info.o)
                              CMakeFiles/Autobot_basement1_0.elf.dir/Core/Src/robot.cpp.obj (vtable for __cxxabiv1::__si_class_type_info)
/home/dream/02-software/006-gcc-arm-none-eabi/bin/../lib/gcc/arm-none-eabi/10.3.1/../../../../arm-none-eabi/lib/thumb/v7e-m+fp/hard/libstdc++.a(tinfo.o)
                              /home/dream/02-software/006-gcc-arm-none-eabi/bin/../lib/gcc/arm-none-eabi/10.3.1/../../../../arm-none-eabi/lib/thumb/v7e-m+fp/hard/libstdc++.a(class_type_info.o) (std::type_info::~type_info())
/home/dream/02-software/006-gcc-arm-none-eabi/bin/../lib/gcc/arm-none-eabi/10.3.1/../../../../arm-none-eabi/lib/thumb/v7e-m+fp/hard/libstdc++.a(del_op.o)
                              /home/dream/02-software/006-gcc-arm-none-eabi/bin/../lib/gcc/arm-none-eabi/10.3.1/../../../../arm-none-eabi/lib/thumb/v7e-m+fp/hard/libstdc++.a(del_ops.o) (operator delete(void*))
/home/dream/02-software/006-gcc-arm-none-eabi/bin/../lib/gcc/arm-none-eabi/10.3.1/../../../../arm-none-eabi/lib/thumb/v7e-m+fp/hard/libstdc++.a(eh_terminate.o)
                              /home/dream/02-software/006-gcc-arm-none-eabi/bin/../lib/gcc/arm-none-eabi/10.3.1/../../../../arm-none-eabi/lib/thumb/v7e-m+fp/hard/libstdc++.a(pure.o) (std::terminate())
/home/dream/02-software/006-gcc-arm-none-eabi/bin/../lib/gcc/arm-none-eabi/10.3.1/../../../../arm-none-eabi/lib/thumb/v7e-m+fp/hard/libstdc++.a(eh_unex_handler.o)
                              /home/dream/02-software/006-gcc-arm-none-eabi/bin/../lib/gcc/arm-none-eabi/10.3.1/../../../../arm-none-eabi/lib/thumb/v7e-m+fp/hard/libstdc++.a(eh_terminate.o) (__cxxabiv1::__unexpected_handler)
/home/dream/02-software/006-gcc-arm-none-eabi/bin/../lib/gcc/arm-none-eabi/10.3.1/../../../../arm-none-eabi/lib/thumb/v7e-m+fp/hard/libstdc++.a(vterminate.o)
                              /home/dream/02-software/006-gcc-arm-none-eabi/bin/../lib/gcc/arm-none-eabi/10.3.1/../../../../arm-none-eabi/lib/thumb/v7e-m+fp/hard/libstdc++.a(eh_terminate.o) (__gnu_cxx::__verbose_terminate_handler())
/home/dream/02-software/006-gcc-arm-none-eabi/bin/../lib/gcc/arm-none-eabi/10.3.1/../../../../arm-none-eabi/lib/thumb/v7e-m+fp/hard/libstdc++.a(cp-demangle.o)
                              /home/dream/02-software/006-gcc-arm-none-eabi/bin/../lib/gcc/arm-none-eabi/10.3.1/../../../../arm-none-eabi/lib/thumb/v7e-m+fp/hard/libstdc++.a(vterminate.o) (__cxa_demangle)
/home/dream/02-software/006-gcc-arm-none-eabi/bin/../lib/gcc/arm-none-eabi/10.3.1/../../../../arm-none-eabi/lib/thumb/v7e-m+fp/hard/libstdc++.a(eh_arm.o)
                              /home/dream/02-software/006-gcc-arm-none-eabi/bin/../lib/gcc/arm-none-eabi/10.3.1/../../../../arm-none-eabi/lib/thumb/v7e-m+fp/hard/libstdc++.a(eh_terminate.o) (__cxa_end_cleanup)
/home/dream/02-software/006-gcc-arm-none-eabi/bin/../lib/gcc/arm-none-eabi/10.3.1/../../../../arm-none-eabi/lib/thumb/v7e-m+fp/hard/libstdc++.a(eh_call.o)
                              /home/dream/02-software/006-gcc-arm-none-eabi/bin/../lib/gcc/arm-none-eabi/10.3.1/../../../../arm-none-eabi/lib/thumb/v7e-m+fp/hard/libstdc++.a(eh_terminate.o) (__cxa_call_unexpected)
/home/dream/02-software/006-gcc-arm-none-eabi/bin/../lib/gcc/arm-none-eabi/10.3.1/../../../../arm-none-eabi/lib/thumb/v7e-m+fp/hard/libstdc++.a(eh_catch.o)
                              /home/dream/02-software/006-gcc-arm-none-eabi/bin/../lib/gcc/arm-none-eabi/10.3.1/../../../../arm-none-eabi/lib/thumb/v7e-m+fp/hard/libstdc++.a(eh_terminate.o) (__cxa_begin_catch)
/home/dream/02-software/006-gcc-arm-none-eabi/bin/../lib/gcc/arm-none-eabi/10.3.1/../../../../arm-none-eabi/lib/thumb/v7e-m+fp/hard/libstdc++.a(eh_exception.o)
[...]
Memory Configuration

Name             Origin             Length             Attributes
RAM              0x0000000020000000 0x0000000000020000 xrw
CCMRAM           0x0000000010000000 0x0000000000010000 xrw
FLASH            0x0000000008000000 0x0000000000100000 xr
*default*        0x0000000000000000 0xffffffffffffffff

Linker script and memory map

LOAD /home/dream/02-software/006-gcc-arm-none-eabi/bin/../lib/gcc/arm-none-eabi/10.3.1/thumb/v7e-m+fp/hard/crti.o
LOAD /home/dream/02-software/006-gcc-arm-none-eabi/bin/../lib/gcc/arm-none-eabi/10.3.1/thumb/v7e-m+fp/hard/crtbegin.o
LOAD /home/dream/02-software/006-gcc-arm-none-eabi/bin/../lib/gcc/arm-none-eabi/10.3.1/../../../../arm-none-eabi/lib/thumb/v7e-m+fp/hard/crt0.o
LOAD CMakeFiles/Autobot_basement1_0.elf.dir/Core/Inc/duration.cpp.obj
LOAD CMakeFiles/Autobot_basement1_0.elf.dir/Core/Inc/time.cpp.obj
LOAD CMakeFiles/Autobot_basement1_0.elf.dir/Core/Src/freertos.c.obj
LOAD CMakeFiles/Autobot_basement1_0.elf.dir/Core/Src/main.c.obj
LOAD CMakeFiles/Autobot_basement1_0.elf.dir/Core/Src/robot.cpp.obj
LOAD CMakeFiles/Autobot_basement1_0.elf.dir/Core/Src/stm32f4xx_hal_msp.c.obj
LOAD CMakeFiles/Autobot_basement1_0.elf.dir/Core/Src/stm32f4xx_hal_timebase_tim.c.obj
LOAD CMakeFiles/Autobot_basement1_0.elf.dir/Core/Src/stm32f4xx_it.c.obj
LOAD CMakeFiles/Autobot_basement1_0.elf.dir/Core/Src/syscalls.c.obj
LOAD CMakeFiles/Autobot_basement1_0.elf.dir/Core/Src/system_stm32f4xx.c.obj
LOAD CMakeFiles/Autobot_basement1_0.elf.dir/Core/stm32Library/algorithm.c.obj
LOAD CMakeFiles/Autobot_basement1_0.elf.dir/Core/stm32Library/communication.c.obj
LOAD CMakeFiles/Autobot_basement1_0.elf.dir/Core/stm32Library/macro.c.obj
LOAD CMakeFiles/Autobot_basement1_0.elf.dir/Core/stm32Library/motorControl.c.obj
LOAD CMakeFiles/Autobot_basement1_0.elf.dir/Core/stm32Library/oled.c.obj
LOAD CMakeFiles/Autobot_basement1_0.elf.dir/Drivers/STM32F4xx_HAL_Driver/Src/stm32f4xx_hal.c.obj
LOAD CMakeFiles/Autobot_basement1_0.elf.dir/Drivers/STM32F4xx_HAL_Driver/Src/stm32f4xx_hal_cortex.c.obj
LOAD CMakeFiles/Autobot_basement1_0.elf.dir/Drivers/STM32F4xx_HAL_Driver/Src/stm32f4xx_hal_dma.c.obj
LOAD CMakeFiles/Autobot_basement1_0.elf.dir/Drivers/STM32F4xx_HAL_Driver/Src/stm32f4xx_hal_dma_ex.c.obj
LOAD CMakeFiles/Autobot_basement1_0.elf.dir/Drivers/STM32F4xx_HAL_Driver/Src/stm32f4xx_hal_exti.c.obj
LOAD CMakeFiles/Autobot_basement1_0.elf.dir/Drivers/STM32F4xx_HAL_Driver/Src/stm32f4xx_hal_flash.c.obj
LOAD CMakeFiles/Autobot_basement1_0.elf.dir/Drivers/STM32F4xx_HAL_Driver/Src/stm32f4xx_hal_flash_ex.c.obj
LOAD CMakeFiles/Autobot_basement1_0.elf.dir/Drivers/STM32F4xx_HAL_Driver/Src/stm32f4xx_hal_flash_ramfunc.c.obj
LOAD CMakeFiles/Autobot_basement1_0.elf.dir/Drivers/STM32F4xx_HAL_Driver/Src/stm32f4xx_hal_gpio.c.obj
LOAD CMakeFiles/Autobot_basement1_0.elf.dir/Drivers/STM32F4xx_HAL_Driver/Src/stm32f4xx_hal_pcd.c.obj
LOAD CMakeFiles/Autobot_basement1_0.elf.dir/Drivers/STM32F4xx_HAL_Driver/Src/stm32f4xx_hal_pcd_ex.c.obj
LOAD CMakeFiles/Autobot_basement1_0.elf.dir/Drivers/STM32F4xx_HAL_Driver/Src/stm32f4xx_hal_pwr.c.obj
LOAD CMakeFiles/Autobot_basement1_0.elf.dir/Drivers/STM32F4xx_HAL_Driver/Src/stm32f4xx_hal_pwr_ex.c.obj
LOAD CMakeFiles/Autobot_basement1_0.elf.dir/Drivers/STM32F4xx_HAL_Driver/Src/stm32f4xx_hal_rcc.c.obj
LOAD CMakeFiles/Autobot_basement1_0.elf.dir/Drivers/STM32F4xx_HAL_Driver/Src/stm32f4xx_hal_rcc_ex.c.obj
LOAD CMakeFiles/Autobot_basement1_0.elf.dir/Drivers/STM32F4xx_HAL_Driver/Src/stm32f4xx_hal_tim.c.obj
LOAD CMakeFiles/Autobot_basement1_0.elf.dir/Drivers/STM32F4xx_HAL_Driver/Src/stm32f4xx_hal_tim_ex.c.obj
LOAD CMakeFiles/Autobot_basement1_0.elf.dir/Drivers/STM32F4xx_HAL_Driver/Src/stm32f4xx_hal_uart.c.obj
LOAD CMakeFiles/Autobot_basement1_0.elf.dir/Drivers/STM32F4xx_HAL_Driver/Src/stm32f4xx_ll_usb.c.obj
LOAD CMakeFiles/Autobot_basement1_0.elf.dir/Middlewares/ST/STM32_USB_Device_Library/Class/CDC/Src/usbd_cdc.c.obj
LOAD CMakeFiles/Autobot_basement1_0.elf.dir/Middlewares/ST/STM32_USB_Device_Library/Core/Src/usbd_core.c.obj
LOAD CMakeFiles/Autobot_basement1_0.elf.dir/Middlewares/ST/STM32_USB_Device_Library/Core/Src/usbd_ctlreq.c.obj
LOAD CMakeFiles/Autobot_basement1_0.elf.dir/Middlewares/ST/STM32_USB_Device_Library/Core/Src/usbd_ioreq.c.obj
LOAD CMakeFiles/Autobot_basement1_0.elf.dir/Middlewares/Third_Party/FreeRTOS/Source/CMSIS_RTOS/cmsis_os.c.obj
LOAD CMakeFiles/Autobot_basement1_0.elf.dir/Middlewares/Third_Party/FreeRTOS/Source/croutine.c.obj
LOAD CMakeFiles/Autobot_basement1_0.elf.dir/Middlewares/Third_Party/FreeRTOS/Source/event_groups.c.obj
LOAD CMakeFiles/Autobot_basement1_0.elf.dir/Middlewares/Third_Party/FreeRTOS/Source/list.c.obj
LOAD CMakeFiles/Autobot_basement1_0.elf.dir/Middlewares/Third_Party/FreeRTOS/Source/portable/GCC/ARM_CM4F/port.c.obj
LOAD CMakeFiles/Autobot_basement1_0.elf.dir/Middlewares/Third_Party/FreeRTOS/Source/portable/MemMang/heap_4.c.obj
LOAD CMakeFiles/Autobot_basement1_0.elf.dir/Middlewares/Third_Party/FreeRTOS/Source/queue.c.obj
LOAD CMakeFiles/Autobot_basement1_0.elf.dir/Middlewares/Third_Party/FreeRTOS/Source/stream_buffer.c.obj
LOAD CMakeFiles/Autobot_basement1_0.elf.dir/Middlewares/Third_Party/FreeRTOS/Source/tasks.c.obj
LOAD CMakeFiles/Autobot_basement1_0.elf.dir/Middlewares/Third_Party/FreeRTOS/Source/timers.c.obj
LOAD CMakeFiles/Autobot_basement1_0.elf.dir/USB_DEVICE/App/usb_device.c.obj
LOAD CMakeFiles/Autobot_basement1_0.elf.dir/USB_DEVICE/App/usbd_cdc_if.c.obj
LOAD CMakeFiles/Autobot_basement1_0.elf.dir/USB_DEVICE/App/usbd_desc.c.obj
LOAD CMakeFiles/Autobot_basement1_0.elf.dir/USB_DEVICE/Target/usbd_conf.c.obj
LOAD CMakeFiles/Autobot_basement1_0.elf.dir/startup/startup_stm32f407xx.s.obj
LOAD /home/dream/02-software/006-gcc-arm-none-eabi/bin/../lib/gcc/arm-none-eabi/10.3.1/../../../../arm-none-eabi/lib/thumb/v7e-m+fp/hard/libstdc++.a
LOAD /home/dream/02-software/006-gcc-arm-none-eabi/bin/../lib/gcc/arm-none-eabi/10.3.1/../../../../arm-none-eabi/lib/thumb/v7e-m+fp/hard/libm.a
START GROUP
LOAD /home/dream/02-software/006-gcc-arm-none-eabi/bin/../lib/gcc/arm-none-eabi/10.3.1/thumb/v7e-m+fp/hard/libgcc.a
LOAD /home/dream/02-software/006-gcc-arm-none-eabi/bin/../lib/gcc/arm-none-eabi/10.3.1/../../../../arm-none-eabi/lib/thumb/v7e-m+fp/hard/libg.a
LOAD /home/dream/02-software/006-gcc-arm-none-eabi/bin/../lib/gcc/arm-none-eabi/10.3.1/../../../../arm-none-eabi/lib/thumb/v7e-m+fp/hard/libc.a
END GROUP
LOAD /home/dream/02-software/006-gcc-arm-none-eabi/bin/../lib/gcc/arm-none-eabi/10.3.1/thumb/v7e-m+fp/hard/crtend.o
LOAD /home/dream/02-software/006-gcc-arm-none-eabi/bin/../lib/gcc/arm-none-eabi/10.3.1/thumb/v7e-m+fp/hard/crtn.o
                0x0000000020020000                _estack = 0x20020000
                0x0000000000000200                _Min_Heap_Size = 0x200
                0x0000000000000400                _Min_Stack_Size = 0x400

.isr_vector     0x0000000008000000      0x188
                0x0000000008000000                . = ALIGN (0x4)
 *(.isr_vector)
 .isr_vector    0x0000000008000000      0x188 CMakeFiles/Autobot_basement1_0.elf.dir/startup/startup_stm32f407xx.s.obj
                0x0000000008000000                g_pfnVectors
                0x0000000008000188                . = ALIGN (0x4)

.text           0x00000000080001c0    0x165ec
                0x00000000080001c0                . = ALIGN (0x4)
 *(.text)
 .text          0x00000000080001c0       0x40 /home/dream/02-software/006-gcc-arm-none-eabi/bin/../lib/gcc/arm-none-eabi/10.3.1/thumb/v7e-m+fp/hard/crtbegin.o
 .text          0x0000000008000200     0x5ee4 /home/dream/02-software/006-gcc-arm-none-eabi/bin/../lib/gcc/arm-none-eabi/10.3.1/../../../../arm-none-eabi/lib/thumb/v7e-m+fp/hard/libstdc++.a(cp-demangle.o)
                0x0000000008005ffc                __cxa_demangle
                0x00000000080060c0                __gcclibcxx_demangle_callback
 .text          0x00000000080060e4      0x378 /home/dream/02-software/006-gcc-arm-none-eabi/bin/../lib/gcc/arm-none-eabi/10.3.1/thumb/v7e-m+fp/hard/libgcc.a(_arm_addsubdf3.o)
                0x00000000080060e4                __aeabi_drsub
                0x00000000080060ec                __aeabi_dsub
                0x00000000080060ec                __subdf3
                0x00000000080060f0                __adddf3
                0x00000000080060f0                __aeabi_dadd
                0x0000000008006368                __aeabi_ui2d
                0x0000000008006368                __floatunsidf
                0x0000000008006388                __floatsidf
                0x0000000008006388                __aeabi_i2d
                0x00000000080063ac                __extendsfdf2
                0x00000000080063ac                __aeabi_f2d
                0x00000000080063f0                __aeabi_ul2d
                0x00000000080063f0                __floatundidf
                0x0000000008006400                __floatdidf
                0x0000000008006400                __aeabi_l2d
 .text          0x000000000800645c       0x50 /home/dream/02-software/006-gcc-arm-none-eabi/bin/../lib/gcc/arm-none-eabi/10.3.1/thumb/v7e-m+fp/hard/libgcc.a(_arm_fixdfsi.o)
                0x000000000800645c                __fixdfsi
                0x000000000800645c                __aeabi_d2iz
 .text          0x00000000080064ac       0x30 /home/dream/02-software/006-gcc-arm-none-eabi/bin/../lib/gcc/arm-none-eabi/10.3.1/thumb/v7e-m+fp/hard/libgcc.a(_aeabi_uldivmod.o)
                0x00000000080064ac                __aeabi_uldivmod
 .text          0x00000000080064dc      0x2d0 /home/dream/02-software/006-gcc-arm-none-eabi/bin/../lib/gcc/arm-none-eabi/10.3.1/thumb/v7e-m+fp/hard/libgcc.a(_udivmoddi4.o)
                0x00000000080064dc                __udivmoddi4
 .text          0x00000000080067ac      0x9d8 /home/dream/02-software/006-gcc-arm-none-eabi/bin/../lib/gcc/arm-none-eabi/10.3.1/thumb/v7e-m+fp/hard/libgcc.a(unwind-arm.o)
                0x0000000008006a54                _Unwind_GetCFA
                0x0000000008006a58                __gnu_Unwind_RaiseException
                0x0000000008006ac0                __gnu_Unwind_ForcedUnwind
                0x0000000008006ad0                __gnu_Unwind_Resume
                0x0000000008006b14                __gnu_Unwind_Resume_or_Rethrow
                0x0000000008006b24                _Unwind_Complete
                0x0000000008006b28                _Unwind_DeleteException
                0x0000000008006b34                _Unwind_VRS_Get
                0x0000000008006b80                _Unwind_VRS_Set
                0x0000000008006bc8                __gnu_Unwind_Backtrace
                0x0000000008006ef4                __aeabi_unwind_cpp_pr0
                0x0000000008006ef8                __aeabi_unwind_cpp_pr1
                0x0000000008006efc                __aeabi_unwind_cpp_pr2
                0x0000000008006f00                _Unwind_VRS_Pop
 .text          0x0000000008007184      0x1ac /home/dream/02-software/006-gcc-arm-none-eabi/bin/../lib/gcc/arm-none-eabi/10.3.1/thumb/v7e-m+fp/hard/libgcc.a(libunwind.o)
                0x0000000008007184                __restore_core_regs
                0x0000000008007184                restore_core_regs
                0x000000000800719c                __gnu_Unwind_Restore_VFP
                0x00000000080071a4                __gnu_Unwind_Save_VFP
                0x00000000080071ac                __gnu_Unwind_Restore_VFP_D
                0x00000000080071b4                __gnu_Unwind_Save_VFP_D
                0x00000000080071bc                __gnu_Unwind_Restore_VFP_D_16_to_31
                0x00000000080071c4                __gnu_Unwind_Save_VFP_D_16_to_31
                0x00000000080071cc                __gnu_Unwind_Restore_WMMXD
                0x0000000008007210                __gnu_Unwind_Save_WMMXD
                0x0000000008007254                __gnu_Unwind_Restore_WMMXC
                0x0000000008007268                __gnu_Unwind_Save_WMMXC
                0x000000000800727c                ___Unwind_RaiseException
                0x000000000800727c                _Unwind_RaiseException
                0x00000000080072a0                ___Unwind_Resume
                0x00000000080072a0                _Unwind_Resume
                0x00000000080072c4                _Unwind_Resume_or_Rethrow
                0x00000000080072c4                ___Unwind_Resume_or_Rethrow
                0x00000000080072e8                ___Unwind_ForcedUnwind
                0x00000000080072e8                _Unwind_ForcedUnwind
                0x000000000800730c                _Unwind_Backtrace
                0x000000000800730c                ___Unwind_Backtrace
 .text          0x0000000008007330      0x350 /home/dream/02-software/006-gcc-arm-none-eabi/bin/../lib/gcc/arm-none-eabi/10.3.1/thumb/v7e-m+fp/hard/libgcc.a(pr-support.o)
                0x0000000008007388                __gnu_unwind_execute
                0x0000000008007634                __gnu_unwind_frame
                0x0000000008007660                _Unwind_GetRegionStart
                0x000000000800766c                _Unwind_GetLanguageSpecificData
 .text          0x0000000008007680        0x4 /home/dream/02-software/006-gcc-arm-none-eabi/bin/../lib/gcc/arm-none-eabi/10.3.1/thumb/v7e-m+fp/hard/libgcc.a(_dvmd_tls.o)
                0x0000000008007680                __aeabi_ldiv0
                0x0000000008007680                __aeabi_idiv0
 *fill*         0x0000000008007684        0xc 
 .text          0x0000000008007690       0xa0 /home/dream/02-software/006-gcc-arm-none-eabi/bin/../lib/gcc/arm-none-eabi/10.3.1/../../../../arm-none-eabi/lib/thumb/v7e-m+fp/hard/libg.a(lib_a-memchr.o)
                0x0000000008007690                memchr
 .text          0x0000000008007730      0x134 /home/dream/02-software/006-gcc-arm-none-eabi/bin/../lib/gcc/arm-none-eabi/10.3.1/../../../../arm-none-eabi/lib/thumb/v7e-m+fp/hard/libg.a(lib_a-memcpy.o)
                0x0000000008007730                memcpy
 *fill*         0x0000000008007864       0x1c 
 .text          0x0000000008007880      0x2dc /home/dream/02-software/006-gcc-arm-none-eabi/bin/../lib/gcc/arm-none-eabi/10.3.1/../../../../arm-none-eabi/lib/thumb/v7e-m+fp/hard/libg.a(lib_a-strcmp.o)
                0x0000000008007888                strcmp
 *fill*         0x0000000008007b5c       0x24 
 .text          0x0000000008007b80       0xdc /home/dream/02-software/006-gcc-arm-none-eabi/bin/../lib/gcc/arm-none-eabi/10.3.1/../../../../arm-none-eabi/lib/thumb/v7e-m+fp/hard/libg.a(lib_a-strlen.o)
                0x0000000008007b80                strlen
 .text          0x0000000008007c5c      0x424 /home/dream/02-software/006-gcc-arm-none-eabi/bin/../lib/gcc/arm-none-eabi/10.3.1/thumb/v7e-m+fp/hard/libgcc.a(_arm_muldivdf3.o)
                0x0000000008007c5c                __aeabi_dmul
                0x0000000008007c5c                __muldf3
                0x0000000008007eb0                __aeabi_ddiv
                0x0000000008007eb0                __divdf3
 .text          0x0000000008008080      0x110 /home/dream/02-software/006-gcc-arm-none-eabi/bin/../lib/gcc/arm-none-eabi/10.3.1/thumb/v7e-m+fp/hard/libgcc.a(_arm_cmpdf2.o)
                0x0000000008008080                __gtdf2
                0x0000000008008080                __gedf2
                0x0000000008008088                __ltdf2
                0x0000000008008088                __ledf2
                0x0000000008008090                __cmpdf2
                0x0000000008008090                __eqdf2
                0x0000000008008090                __nedf2
                0x000000000800810c                __aeabi_cdrcmple
                0x000000000800811c                __aeabi_cdcmple
                0x000000000800811c                __aeabi_cdcmpeq
                0x000000000800812c                __aeabi_dcmpeq
                0x0000000008008140                __aeabi_dcmplt
                0x0000000008008154                __aeabi_dcmple
                0x0000000008008168                __aeabi_dcmpge
                0x000000000800817c                __aeabi_dcmpgt
 .text          0x0000000008008190       0x2c /home/dream/02-software/006-gcc-arm-none-eabi/bin/../lib/gcc/arm-none-eabi/10.3.1/thumb/v7e-m+fp/hard/libgcc.a(_arm_unorddf2.o)
                0x0000000008008190                __aeabi_dcmpun
                0x0000000008008190                __unorddf2
 *(.text*)
 .text._ZN3ros16normalizeSecNSecERmS0_
                0x00000000080081bc       0x2c CMakeFiles/Autobot_basement1_0.elf.dir/Core/Inc/time.cpp.obj
                0x00000000080081bc                ros::normalizeSecNSec(unsigned long&, unsigned long&)
 .text.vApplicationGetIdleTaskMemory
                0x00000000080081e8       0x18 CMakeFiles/Autobot_basement1_0.elf.dir/Core/Src/freertos.c.obj
                0x00000000080081e8                vApplicationGetIdleTaskMemory
 .text.MX_GPIO_Init
                0x0000000008008200       0x90 CMakeFiles/Autobot_basement1_0.elf.dir/Core/Src/main.c.obj
 .text.MX_DMA_Init
                0x0000000008008290       0x64 CMakeFiles/Autobot_basement1_0.elf.dir/Core/Src/main.c.obj
 .text.StartDefaultTask
                0x00000000080082f4       0x16 CMakeFiles/Autobot_basement1_0.elf.dir/Core/Src/main.c.obj
                0x00000000080082f4                StartDefaultTask
 *fill*         0x000000000800830a        0x2 
 .text.HAL_TIM_PeriodElapsedCallback
                0x000000000800830c       0x18 CMakeFiles/Autobot_basement1_0.elf.dir/Core/Src/main.c.obj
                0x000000000800830c                HAL_TIM_PeriodElapsedCallback
 .text.Error_Handler
                0x0000000008008324        0x4 CMakeFiles/Autobot_basement1_0.elf.dir/Core/Src/main.c.obj
                0x0000000008008324                Error_Handler
 .text.MX_USART2_UART_Init
                0x0000000008008328       0x34 CMakeFiles/Autobot_basement1_0.elf.dir/Core/Src/main.c.obj
 .text.MX_USART3_UART_Init
                0x000000000800835c       0x34 CMakeFiles/Autobot_basement1_0.elf.dir/Core/Src/main.c.obj
 .text.SystemClock_Config
                0x0000000008008390       0xa8 CMakeFiles/Autobot_basement1_0.elf.dir/Core/Src/main.c.obj
                0x0000000008008390                SystemClock_Config
 .text.main     0x0000000008008438       0x50 CMakeFiles/Autobot_basement1_0.elf.dir/Core/Src/main.c.obj
                0x0000000008008438                main
 .text._ZNK8std_msgs4Time9serializeEPh
                0x0000000008008488       0x28 CMakeFiles/Autobot_basement1_0.elf.dir/Core/Src/robot.cpp.obj
                0x0000000008008488                std_msgs::Time::serialize(unsigned char*) const
 .text._ZN8std_msgs4Time11deserializeEPh
                0x00000000080084b0       0x3c CMakeFiles/Autobot_basement1_0.elf.dir/Core/Src/robot.cpp.obj
                0x00000000080084b0                std_msgs::Time::deserialize(unsigned char*)
 .text._ZN8std_msgs4Time7getTypeEv
                0x00000000080084ec        0x8 CMakeFiles/Autobot_basement1_0.elf.dir/Core/Src/robot.cpp.obj
                0x00000000080084ec                std_msgs::Time::getType()
 .text._ZN8std_msgs4Time6getMD5Ev
                0x00000000080084f4        0x8 CMakeFiles/Autobot_basement1_0.elf.dir/Core/Src/robot.cpp.obj
                0x00000000080084f4                std_msgs::Time::getMD5()
 .text._ZN14rosserial_msgs9TopicInfo7getTypeEv
                0x00000000080084fc        0x8 CMakeFiles/Autobot_basement1_0.elf.dir/Core/Src/robot.cpp.obj
                0x00000000080084fc                rosserial_msgs::TopicInfo::getType()
 .text._ZN14rosserial_msgs9TopicInfo6getMD5Ev
                0x0000000008008504        0x8 CMakeFiles/Autobot_basement1_0.elf.dir/Core/Src/robot.cpp.obj
                0x0000000008008504                rosserial_msgs::TopicInfo::getMD5()
 .text._ZN14rosserial_msgs3Log7getTypeEv
                0x000000000800850c        0x8 CMakeFiles/Autobot_basement1_0.elf.dir/Core/Src/robot.cpp.obj
                0x000000000800850c                rosserial_msgs::Log::getType()
 .text._ZN14rosserial_msgs3Log6getMD5Ev
                0x0000000008008514        0x8 CMakeFiles/Autobot_basement1_0.elf.dir/Core/Src/robot.cpp.obj
                0x0000000008008514                rosserial_msgs::Log::getMD5()
 .text._ZN14rosserial_msgs20RequestParamResponse7getTypeEv
                0x000000000800851c        0x8 CMakeFiles/Autobot_basement1_0.elf.dir/Core/Src/robot.cpp.obj
                0x000000000800851c                rosserial_msgs::RequestParamResponse::getType()
 .text._ZN14rosserial_msgs20RequestParamResponse6getMD5Ev
                0x0000000008008524        0x8 CMakeFiles/Autobot_basement1_0.elf.dir/Core/Src/robot.cpp.obj
                0x0000000008008524                rosserial_msgs::RequestParamResponse::getMD5()
 .text._ZNK13geometry_msgs7Vector39serializeEPh
                0x000000000800852c       0x74 CMakeFiles/Autobot_basement1_0.elf.dir/Core/Src/robot.cpp.obj
                0x000000000800852c                geometry_msgs::Vector3::serialize(unsigned char*) const
 .text._ZN13geometry_msgs7Vector311deserializeEPh
                0x00000000080085a0       0x96 CMakeFiles/Autobot_basement1_0.elf.dir/Core/Src/robot.cpp.obj
                0x00000000080085a0                geometry_msgs::Vector3::deserialize(unsigned char*)
 *fill*         0x0000000008008636        0x2 
 .text._ZN13geometry_msgs7Vector37getTypeEv
                0x0000000008008638        0x8 CMakeFiles/Autobot_basement1_0.elf.dir/Core/Src/robot.cpp.obj
                0x0000000008008638                geometry_msgs::Vector3::getType()
 .text._ZN13geometry_msgs7Vector36getMD5Ev
                0x0000000008008640        0x8 CMakeFiles/Autobot_basement1_0.elf.dir/Core/Src/robot.cpp.obj
                0x0000000008008640                geometry_msgs::Vector3::getMD5()
 .text._ZN12autobot_msgs3IMU11deserializeEPh
                0x0000000008008648       0x68 CMakeFiles/Autobot_basement1_0.elf.dir/Core/Src/robot.cpp.obj
                0x0000000008008648                autobot_msgs::IMU::deserialize(unsigned char*)
 .text._ZN12autobot_msgs3IMU7getTypeEv
                0x00000000080086b0        0x8 CMakeFiles/Autobot_basement1_0.elf.dir/Core/Src/robot.cpp.obj
                0x00000000080086b0                autobot_msgs::IMU::getType()
 .text._ZN12autobot_msgs3IMU6getMD5Ev
                0x00000000080086b8        0x8 CMakeFiles/Autobot_basement1_0.elf.dir/Core/Src/robot.cpp.obj
                0x00000000080086b8                autobot_msgs::IMU::getMD5()
 .text._Z41__static_initialization_and_destruction_0ii
                0x00000000080086c0      0x134 CMakeFiles/Autobot_basement1_0.elf.dir/Core/Src/robot.cpp.obj
 .text._ZN3ros11NodeHandle_I13STM32HardwareLi25ELi25ELi512ELi512EE9connectedEv
                0x00000000080087f4        0x6 CMakeFiles/Autobot_basement1_0.elf.dir/Core/Src/robot.cpp.obj
                0x00000000080087f4                ros::NodeHandle_<STM32Hardware, 25, 25, 512, 512>::connected()
 .text._ZNK14rosserial_msgs9TopicInfo9serializeEPh
                0x00000000080087fa       0xae CMakeFiles/Autobot_basement1_0.elf.dir/Core/Src/robot.cpp.obj
                0x00000000080087fa                rosserial_msgs::TopicInfo::serialize(unsigned char*) const
 .text._ZNK14rosserial_msgs3Log9serializeEPh
                0x00000000080088a8       0x36 CMakeFiles/Autobot_basement1_0.elf.dir/Core/Src/robot.cpp.obj
                0x00000000080088a8                rosserial_msgs::Log::serialize(unsigned char*) const
 .text._ZNK14rosserial_msgs20RequestParamResponse9serializeEPh
                0x00000000080088de       0xf2 CMakeFiles/Autobot_basement1_0.elf.dir/Core/Src/robot.cpp.obj
                0x00000000080088de                rosserial_msgs::RequestParamResponse::serialize(unsigned char*) const
 .text._ZN3ros11NodeHandle_I13STM32HardwareLi25ELi25ELi512ELi512EE7publishEiPKNS_3MsgE
                0x00000000080089d0       0xd8 CMakeFiles/Autobot_basement1_0.elf.dir/Core/Src/robot.cpp.obj
                0x00000000080089d0                ros::NodeHandle_<STM32Hardware, 25, 25, 512, 512>::publish(int, ros::Msg const*)
 .text._ZN14rosserial_msgs20RequestParamResponse11deserializeEPh
                0x0000000008008aa8      0x148 CMakeFiles/Autobot_basement1_0.elf.dir/Core/Src/robot.cpp.obj
                0x0000000008008aa8                rosserial_msgs::RequestParamResponse::deserialize(unsigned char*)
 .text._ZN14rosserial_msgs3Log11deserializeEPh
                0x0000000008008bf0       0x4e CMakeFiles/Autobot_basement1_0.elf.dir/Core/Src/robot.cpp.obj
                0x0000000008008bf0                rosserial_msgs::Log::deserialize(unsigned char*)
 .text._ZN14rosserial_msgs9TopicInfo11deserializeEPh
                0x0000000008008c3e      0x104 CMakeFiles/Autobot_basement1_0.elf.dir/Core/Src/robot.cpp.obj
                0x0000000008008c3e                rosserial_msgs::TopicInfo::deserialize(unsigned char*)
 .text._ZNK12autobot_msgs3IMU9serializeEPh
                0x0000000008008d42      0x1a2 CMakeFiles/Autobot_basement1_0.elf.dir/Core/Src/robot.cpp.obj
                0x0000000008008d42                autobot_msgs::IMU::serialize(unsigned char*) const
 .text.setup    0x0000000008008ee4       0x58 CMakeFiles/Autobot_basement1_0.elf.dir/Core/Src/robot.cpp.obj
                0x0000000008008ee4                setup
 .text._ZN3ros11NodeHandle_I13STM32HardwareLi25ELi25ELi512ELi512EE15negotiateTopicsEv
                0x0000000008008f3c       0xe0 CMakeFiles/Autobot_basement1_0.elf.dir/Core/Src/robot.cpp.obj
                0x0000000008008f3c                ros::NodeHandle_<STM32Hardware, 25, 25, 512, 512>::negotiateTopics()
 .text._ZN3ros11NodeHandle_I13STM32HardwareLi25ELi25ELi512ELi512EE8spinOnceEv
                0x000000000800901c      0x350 CMakeFiles/Autobot_basement1_0.elf.dir/Core/Src/robot.cpp.obj
                0x000000000800901c                ros::NodeHandle_<STM32Hardware, 25, 25, 512, 512>::spinOnce()
 *fill*         0x000000000800936c        0x4 
 .text.loop     0x0000000008009370      0x1a0 CMakeFiles/Autobot_basement1_0.elf.dir/Core/Src/robot.cpp.obj
                0x0000000008009370                loop
 .text._GLOBAL__sub_I_nh
                0x0000000008009510        0xe CMakeFiles/Autobot_basement1_0.elf.dir/Core/Src/robot.cpp.obj
 *fill*         0x000000000800951e        0x2 
 .text.HAL_MspInit
                0x0000000008009520       0x44 CMakeFiles/Autobot_basement1_0.elf.dir/Core/Src/stm32f4xx_hal_msp.c.obj
                0x0000000008009520                HAL_MspInit
 .text.HAL_UART_MspInit
                0x0000000008009564      0x1e0 CMakeFiles/Autobot_basement1_0.elf.dir/Core/Src/stm32f4xx_hal_msp.c.obj
                0x0000000008009564                HAL_UART_MspInit
 .text.HAL_InitTick
                0x0000000008009744       0x7c CMakeFiles/Autobot_basement1_0.elf.dir/Core/Src/stm32f4xx_hal_timebase_tim.c.obj
                0x0000000008009744                HAL_InitTick
 .text.NMI_Handler
                0x00000000080097c0        0x2 CMakeFiles/Autobot_basement1_0.elf.dir/Core/Src/stm32f4xx_it.c.obj
                0x00000000080097c0                NMI_Handler
 .text.HardFault_Handler
                0x00000000080097c2        0x2 CMakeFiles/Autobot_basement1_0.elf.dir/Core/Src/stm32f4xx_it.c.obj
                0x00000000080097c2                HardFault_Handler
 .text.MemManage_Handler
                0x00000000080097c4        0x2 CMakeFiles/Autobot_basement1_0.elf.dir/Core/Src/stm32f4xx_it.c.obj
                0x00000000080097c4                MemManage_Handler
 .text.BusFault_Handler
                0x00000000080097c6        0x2 CMakeFiles/Autobot_basement1_0.elf.dir/Core/Src/stm32f4xx_it.c.obj
                0x00000000080097c6                BusFault_Handler
 .text.UsageFault_Handler
                0x00000000080097c8        0x2 CMakeFiles/Autobot_basement1_0.elf.dir/Core/Src/stm32f4xx_it.c.obj
                0x00000000080097c8                UsageFault_Handler
 .text.DebugMon_Handler
                0x00000000080097ca        0x2 CMakeFiles/Autobot_basement1_0.elf.dir/Core/Src/stm32f4xx_it.c.obj
                0x00000000080097ca                DebugMon_Handler
 .text.DMA1_Stream1_IRQHandler
                0x00000000080097cc       0x10 CMakeFiles/Autobot_basement1_0.elf.dir/Core/Src/stm32f4xx_it.c.obj
                0x00000000080097cc                DMA1_Stream1_IRQHandler
 .text.DMA1_Stream3_IRQHandler
                0x00000000080097dc       0x10 CMakeFiles/Autobot_basement1_0.elf.dir/Core/Src/stm32f4xx_it.c.obj
                0x00000000080097dc                DMA1_Stream3_IRQHandler
 .text.DMA1_Stream5_IRQHandler
                0x00000000080097ec       0x10 CMakeFiles/Autobot_basement1_0.elf.dir/Core/Src/stm32f4xx_it.c.obj
                0x00000000080097ec                DMA1_Stream5_IRQHandler
 .text.DMA1_Stream6_IRQHandler
                0x00000000080097fc       0x10 CMakeFiles/Autobot_basement1_0.elf.dir/Core/Src/stm32f4xx_it.c.obj
                0x00000000080097fc                DMA1_Stream6_IRQHandler
 .text.USART2_IRQHandler
                0x000000000800980c       0x18 CMakeFiles/Autobot_basement1_0.elf.dir/Core/Src/stm32f4xx_it.c.obj
                0x000000000800980c                USART2_IRQHandler
 .text.USART3_IRQHandler
                0x0000000008009824       0x10 CMakeFiles/Autobot_basement1_0.elf.dir/Core/Src/stm32f4xx_it.c.obj
                0x0000000008009824                USART3_IRQHandler
 .text.TIM8_TRG_COM_TIM14_IRQHandler
                0x0000000008009834       0x10 CMakeFiles/Autobot_basement1_0.elf.dir/Core/Src/stm32f4xx_it.c.obj
                0x0000000008009834                TIM8_TRG_COM_TIM14_IRQHandler
 .text.OTG_FS_IRQHandler
                0x0000000008009844       0x10 CMakeFiles/Autobot_basement1_0.elf.dir/Core/Src/stm32f4xx_it.c.obj
                0x0000000008009844                OTG_FS_IRQHandler
 .text._getpid  0x0000000008009854        0x4 CMakeFiles/Autobot_basement1_0.elf.dir/Core/Src/syscalls.c.obj
                0x0000000008009854                _getpid
 .text._kill    0x0000000008009858       0x10 CMakeFiles/Autobot_basement1_0.elf.dir/Core/Src/syscalls.c.obj
                0x0000000008009858                _kill
 .text._exit    0x0000000008009868        0xc CMakeFiles/Autobot_basement1_0.elf.dir/Core/Src/syscalls.c.obj
                0x0000000008009868                _exit
 .text._read    0x0000000008009874       0x20 CMakeFiles/Autobot_basement1_0.elf.dir/Core/Src/syscalls.c.obj
                0x0000000008009874                _read
 .text._write   0x0000000008009894       0x1c CMakeFiles/Autobot_basement1_0.elf.dir/Core/Src/syscalls.c.obj
                0x0000000008009894                _write
 .text._sbrk    0x00000000080098b0       0x3c CMakeFiles/Autobot_basement1_0.elf.dir/Core/Src/syscalls.c.obj
                0x00000000080098b0                _sbrk
 .text._close   0x00000000080098ec        0x6 CMakeFiles/Autobot_basement1_0.elf.dir/Core/Src/syscalls.c.obj
                0x00000000080098ec                _close
 .text._fstat   0x00000000080098f2        0xa CMakeFiles/Autobot_basement1_0.elf.dir/Core/Src/syscalls.c.obj
                0x00000000080098f2                _fstat
 .text._isatty  0x00000000080098fc        0x4 CMakeFiles/Autobot_basement1_0.elf.dir/Core/Src/syscalls.c.obj
                0x00000000080098fc                _isatty
 .text._lseek   0x0000000008009900        0x4 CMakeFiles/Autobot_basement1_0.elf.dir/Core/Src/syscalls.c.obj
                0x0000000008009900                _lseek
 .text.SystemInit
                0x0000000008009904       0x14 CMakeFiles/Autobot_basement1_0.elf.dir/Core/Src/system_stm32f4xx.c.obj
                0x0000000008009904                SystemInit
 .text.JY60_Callback
                0x0000000008009918       0x9c CMakeFiles/Autobot_basement1_0.elf.dir/Core/stm32Library/communication.c.obj
                0x0000000008009918                JY60_Callback
 .text.myuart_DMA
                0x00000000080099b4       0x54 CMakeFiles/Autobot_basement1_0.elf.dir/Core/stm32Library/communication.c.obj
                0x00000000080099b4                myuart_DMA
 .text.__io_putchar
                0x0000000008009a08       0x18 CMakeFiles/Autobot_basement1_0.elf.dir/Core/stm32Library/communication.c.obj
                0x0000000008009a08                __io_putchar
 .text.ParamsInit
                0x0000000008009a20       0x24 CMakeFiles/Autobot_basement1_0.elf.dir/Core/stm32Library/macro.c.obj
                0x0000000008009a20                ParamsInit
 .text.OLED_SHOW
                0x0000000008009a44      0x158 CMakeFiles/Autobot_basement1_0.elf.dir/Core/stm32Library/macro.c.obj
                0x0000000008009a44                OLED_SHOW
 .text.OLED_WR_Byte
                0x0000000008009b9c       0x5c CMakeFiles/Autobot_basement1_0.elf.dir/Core/stm32Library/oled.c.obj
                0x0000000008009b9c                OLED_WR_Byte
 .text.OLED_Refresh_Gram
                0x0000000008009bf8       0x4c CMakeFiles/Autobot_basement1_0.elf.dir/Core/stm32Library/oled.c.obj
                0x0000000008009bf8                OLED_Refresh_Gram
 .text.OLED_Clear
                0x0000000008009c44       0x30 CMakeFiles/Autobot_basement1_0.elf.dir/Core/stm32Library/oled.c.obj
                0x0000000008009c44                OLED_Clear
 .text.OLED_DrawPoint
                0x0000000008009c74       0x50 CMakeFiles/Autobot_basement1_0.elf.dir/Core/stm32Library/oled.c.obj
                0x0000000008009c74                OLED_DrawPoint
 .text.OLED_ShowChar
                0x0000000008009cc4       0xd8 CMakeFiles/Autobot_basement1_0.elf.dir/Core/stm32Library/oled.c.obj
                0x0000000008009cc4                OLED_ShowChar
 .text.mypow    0x0000000008009d9c       0x16 CMakeFiles/Autobot_basement1_0.elf.dir/Core/stm32Library/oled.c.obj
                0x0000000008009d9c                mypow
 *fill*         0x0000000008009db2        0x2 
 .text.OLED_ShowNum
                0x0000000008009db4       0x9c CMakeFiles/Autobot_basement1_0.elf.dir/Core/stm32Library/oled.c.obj
                0x0000000008009db4                OLED_ShowNum
 .text.OLED_ShowString
                0x0000000008009e50       0x62 CMakeFiles/Autobot_basement1_0.elf.dir/Core/stm32Library/oled.c.obj
                0x0000000008009e50                OLED_ShowString
 *fill*         0x0000000008009eb2        0x2 
 .text.OLED_Init
                0x0000000008009eb4      0x178 CMakeFiles/Autobot_basement1_0.elf.dir/Core/stm32Library/oled.c.obj
                0x0000000008009eb4                OLED_Init
 .text.HAL_Init
                0x000000000800a02c       0x34 CMakeFiles/Autobot_basement1_0.elf.dir/Drivers/STM32F4xx_HAL_Driver/Src/stm32f4xx_hal.c.obj
                0x000000000800a02c                HAL_Init
 .text.HAL_IncTick
                0x000000000800a060       0x18 CMakeFiles/Autobot_basement1_0.elf.dir/Drivers/STM32F4xx_HAL_Driver/Src/stm32f4xx_hal.c.obj
                0x000000000800a060                HAL_IncTick
 .text.HAL_GetTick
                0x000000000800a078        0xc CMakeFiles/Autobot_basement1_0.elf.dir/Drivers/STM32F4xx_HAL_Driver/Src/stm32f4xx_hal.c.obj
                0x000000000800a078                HAL_GetTick
 .text.HAL_Delay
                0x000000000800a084       0x28 CMakeFiles/Autobot_basement1_0.elf.dir/Drivers/STM32F4xx_HAL_Driver/Src/stm32f4xx_hal.c.obj
                0x000000000800a084                HAL_Delay
 .text.HAL_NVIC_SetPriorityGrouping
                0x000000000800a0ac       0x24 CMakeFiles/Autobot_basement1_0.elf.dir/Drivers/STM32F4xx_HAL_Driver/Src/stm32f4xx_hal_cortex.c.obj
                0x000000000800a0ac                HAL_NVIC_SetPriorityGrouping
 .text.HAL_NVIC_SetPriority
                0x000000000800a0d0       0x70 CMakeFiles/Autobot_basement1_0.elf.dir/Drivers/STM32F4xx_HAL_Driver/Src/stm32f4xx_hal_cortex.c.obj
                0x000000000800a0d0                HAL_NVIC_SetPriority
 .text.HAL_NVIC_EnableIRQ
                0x000000000800a140       0x1c CMakeFiles/Autobot_basement1_0.elf.dir/Drivers/STM32F4xx_HAL_Driver/Src/stm32f4xx_hal_cortex.c.obj
                0x000000000800a140                HAL_NVIC_EnableIRQ
 .text.DMA_SetConfig
                0x000000000800a15c       0x2c CMakeFiles/Autobot_basement1_0.elf.dir/Drivers/STM32F4xx_HAL_Driver/Src/stm32f4xx_hal_dma.c.obj
 .text.DMA_CalcBaseAndBitshift
                0x000000000800a188       0x44 CMakeFiles/Autobot_basement1_0.elf.dir/Drivers/STM32F4xx_HAL_Driver/Src/stm32f4xx_hal_dma.c.obj
 .text.DMA_CheckFifoParam
                0x000000000800a1cc       0x8e CMakeFiles/Autobot_basement1_0.elf.dir/Drivers/STM32F4xx_HAL_Driver/Src/stm32f4xx_hal_dma.c.obj
 *fill*         0x000000000800a25a        0x2 
 .text.HAL_DMA_Init
                0x000000000800a25c       0xcc CMakeFiles/Autobot_basement1_0.elf.dir/Drivers/STM32F4xx_HAL_Driver/Src/stm32f4xx_hal_dma.c.obj
                0x000000000800a25c                HAL_DMA_Init
 .text.HAL_DMA_Start_IT
                0x000000000800a328       0x6a CMakeFiles/Autobot_basement1_0.elf.dir/Drivers/STM32F4xx_HAL_Driver/Src/stm32f4xx_hal_dma.c.obj
                0x000000000800a328                HAL_DMA_Start_IT
 .text.HAL_DMA_Abort
                0x000000000800a392       0x94 CMakeFiles/Autobot_basement1_0.elf.dir/Drivers/STM32F4xx_HAL_Driver/Src/stm32f4xx_hal_dma.c.obj
                0x000000000800a392                HAL_DMA_Abort
 .text.HAL_DMA_Abort_IT
                0x000000000800a426       0x26 CMakeFiles/Autobot_basement1_0.elf.dir/Drivers/STM32F4xx_HAL_Driver/Src/stm32f4xx_hal_dma.c.obj
                0x000000000800a426                HAL_DMA_Abort_IT
 .text.HAL_DMA_IRQHandler
                0x000000000800a44c      0x1dc CMakeFiles/Autobot_basement1_0.elf.dir/Drivers/STM32F4xx_HAL_Driver/Src/stm32f4xx_hal_dma.c.obj
                0x000000000800a44c                HAL_DMA_IRQHandler
 .text.HAL_GPIO_Init
                0x000000000800a628      0x1e4 CMakeFiles/Autobot_basement1_0.elf.dir/Drivers/STM32F4xx_HAL_Driver/Src/stm32f4xx_hal_gpio.c.obj
                0x000000000800a628                HAL_GPIO_Init
 .text.HAL_GPIO_WritePin
                0x000000000800a80c        0xc CMakeFiles/Autobot_basement1_0.elf.dir/Drivers/STM32F4xx_HAL_Driver/Src/stm32f4xx_hal_gpio.c.obj
                0x000000000800a80c                HAL_GPIO_WritePin
 .text.PCD_WriteEmptyTxFifo
                0x000000000800a818       0xd0 CMakeFiles/Autobot_basement1_0.elf.dir/Drivers/STM32F4xx_HAL_Driver/Src/stm32f4xx_hal_pcd.c.obj
 .text.HAL_PCD_Init
                0x000000000800a8e8      0x12e CMakeFiles/Autobot_basement1_0.elf.dir/Drivers/STM32F4xx_HAL_Driver/Src/stm32f4xx_hal_pcd.c.obj
                0x000000000800a8e8                HAL_PCD_Init
 .text.HAL_PCD_Start
                0x000000000800aa16       0x42 CMakeFiles/Autobot_basement1_0.elf.dir/Drivers/STM32F4xx_HAL_Driver/Src/stm32f4xx_hal_pcd.c.obj
                0x000000000800aa16                HAL_PCD_Start
 .text.PCD_EP_OutXfrComplete_int
                0x000000000800aa58       0xf4 CMakeFiles/Autobot_basement1_0.elf.dir/Drivers/STM32F4xx_HAL_Driver/Src/stm32f4xx_hal_pcd.c.obj
 .text.PCD_EP_OutSetupPacket_int
                0x000000000800ab4c       0x50 CMakeFiles/Autobot_basement1_0.elf.dir/Drivers/STM32F4xx_HAL_Driver/Src/stm32f4xx_hal_pcd.c.obj
 .text.HAL_PCD_IRQHandler
                0x000000000800ab9c      0x476 CMakeFiles/Autobot_basement1_0.elf.dir/Drivers/STM32F4xx_HAL_Driver/Src/stm32f4xx_hal_pcd.c.obj
                0x000000000800ab9c                HAL_PCD_IRQHandler
 .text.HAL_PCD_SetAddress
                0x000000000800b012       0x28 CMakeFiles/Autobot_basement1_0.elf.dir/Drivers/STM32F4xx_HAL_Driver/Src/stm32f4xx_hal_pcd.c.obj
                0x000000000800b012                HAL_PCD_SetAddress
 .text.HAL_PCD_EP_Open
                0x000000000800b03a       0x8a CMakeFiles/Autobot_basement1_0.elf.dir/Drivers/STM32F4xx_HAL_Driver/Src/stm32f4xx_hal_pcd.c.obj
                0x000000000800b03a                HAL_PCD_EP_Open
 .text.HAL_PCD_EP_Close
                0x000000000800b0c4       0x72 CMakeFiles/Autobot_basement1_0.elf.dir/Drivers/STM32F4xx_HAL_Driver/Src/stm32f4xx_hal_pcd.c.obj
                0x000000000800b0c4                HAL_PCD_EP_Close
 .text.HAL_PCD_EP_Receive
                0x000000000800b136       0x5e CMakeFiles/Autobot_basement1_0.elf.dir/Drivers/STM32F4xx_HAL_Driver/Src/stm32f4xx_hal_pcd.c.obj
                0x000000000800b136                HAL_PCD_EP_Receive
 .text.HAL_PCD_EP_GetRxCount
                0x000000000800b194       0x12 CMakeFiles/Autobot_basement1_0.elf.dir/Drivers/STM32F4xx_HAL_Driver/Src/stm32f4xx_hal_pcd.c.obj
                0x000000000800b194                HAL_PCD_EP_GetRxCount
 .text.HAL_PCD_EP_Transmit
                0x000000000800b1a6       0x5e CMakeFiles/Autobot_basement1_0.elf.dir/Drivers/STM32F4xx_HAL_Driver/Src/stm32f4xx_hal_pcd.c.obj
                0x000000000800b1a6                HAL_PCD_EP_Transmit
 .text.HAL_PCD_EP_SetStall
                0x000000000800b204       0x88 CMakeFiles/Autobot_basement1_0.elf.dir/Drivers/STM32F4xx_HAL_Driver/Src/stm32f4xx_hal_pcd.c.obj
                0x000000000800b204                HAL_PCD_EP_SetStall
 .text.HAL_PCD_EP_ClrStall
                0x000000000800b28c       0x76 CMakeFiles/Autobot_basement1_0.elf.dir/Drivers/STM32F4xx_HAL_Driver/Src/stm32f4xx_hal_pcd.c.obj
                0x000000000800b28c                HAL_PCD_EP_ClrStall
 .text.HAL_PCDEx_SetTxFiFo
                0x000000000800b302       0x4c CMakeFiles/Autobot_basement1_0.elf.dir/Drivers/STM32F4xx_HAL_Driver/Src/stm32f4xx_hal_pcd_ex.c.obj
                0x000000000800b302                HAL_PCDEx_SetTxFiFo
 .text.HAL_PCDEx_SetRxFiFo
                0x000000000800b34e        0x8 CMakeFiles/Autobot_basement1_0.elf.dir/Drivers/STM32F4xx_HAL_Driver/Src/stm32f4xx_hal_pcd_ex.c.obj
                0x000000000800b34e                HAL_PCDEx_SetRxFiFo
 .text.HAL_PCDEx_LPM_Callback
                0x000000000800b356        0x2 CMakeFiles/Autobot_basement1_0.elf.dir/Drivers/STM32F4xx_HAL_Driver/Src/stm32f4xx_hal_pcd_ex.c.obj
                0x000000000800b356                HAL_PCDEx_LPM_Callback
 .text.HAL_RCC_OscConfig
                0x000000000800b358      0x3f8 CMakeFiles/Autobot_basement1_0.elf.dir/Drivers/STM32F4xx_HAL_Driver/Src/stm32f4xx_hal_rcc.c.obj
                0x000000000800b358                HAL_RCC_OscConfig
 .text.HAL_RCC_GetSysClockFreq
                0x000000000800b750       0xd4 CMakeFiles/Autobot_basement1_0.elf.dir/Drivers/STM32F4xx_HAL_Driver/Src/stm32f4xx_hal_rcc.c.obj
                0x000000000800b750                HAL_RCC_GetSysClockFreq
 .text.HAL_RCC_ClockConfig
                0x000000000800b824      0x160 CMakeFiles/Autobot_basement1_0.elf.dir/Drivers/STM32F4xx_HAL_Driver/Src/stm32f4xx_hal_rcc.c.obj
                0x000000000800b824                HAL_RCC_ClockConfig
 .text.HAL_RCC_GetHCLKFreq
                0x000000000800b984        0xc CMakeFiles/Autobot_basement1_0.elf.dir/Drivers/STM32F4xx_HAL_Driver/Src/stm32f4xx_hal_rcc.c.obj
                0x000000000800b984                HAL_RCC_GetHCLKFreq
 .text.HAL_RCC_GetPCLK1Freq
                0x000000000800b990       0x20 CMakeFiles/Autobot_basement1_0.elf.dir/Drivers/STM32F4xx_HAL_Driver/Src/stm32f4xx_hal_rcc.c.obj
                0x000000000800b990                HAL_RCC_GetPCLK1Freq
 .text.HAL_RCC_GetPCLK2Freq
                0x000000000800b9b0       0x20 CMakeFiles/Autobot_basement1_0.elf.dir/Drivers/STM32F4xx_HAL_Driver/Src/stm32f4xx_hal_rcc.c.obj
                0x000000000800b9b0                HAL_RCC_GetPCLK2Freq
 .text.HAL_RCC_GetClockConfig
                0x000000000800b9d0       0x3c CMakeFiles/Autobot_basement1_0.elf.dir/Drivers/STM32F4xx_HAL_Driver/Src/stm32f4xx_hal_rcc.c.obj
                0x000000000800b9d0                HAL_RCC_GetClockConfig
 .text.HAL_TIM_Base_MspInit
                0x000000000800ba0c        0x2 CMakeFiles/Autobot_basement1_0.elf.dir/Drivers/STM32F4xx_HAL_Driver/Src/stm32f4xx_hal_tim.c.obj
                0x000000000800ba0c                HAL_TIM_Base_MspInit
 *fill*         0x000000000800ba0e        0x2 
 .text.HAL_TIM_Base_Start_IT
                0x000000000800ba10       0x88 CMakeFiles/Autobot_basement1_0.elf.dir/Drivers/STM32F4xx_HAL_Driver/Src/stm32f4xx_hal_tim.c.obj
                0x000000000800ba10                HAL_TIM_Base_Start_IT
 .text.HAL_TIM_OC_DelayElapsedCallback
                0x000000000800ba98        0x2 CMakeFiles/Autobot_basement1_0.elf.dir/Drivers/STM32F4xx_HAL_Driver/Src/stm32f4xx_hal_tim.c.obj
                0x000000000800ba98                HAL_TIM_OC_DelayElapsedCallback
 .text.HAL_TIM_IC_CaptureCallback
                0x000000000800ba9a        0x2 CMakeFiles/Autobot_basement1_0.elf.dir/Drivers/STM32F4xx_HAL_Driver/Src/stm32f4xx_hal_tim.c.obj
                0x000000000800ba9a                HAL_TIM_IC_CaptureCallback
 .text.HAL_TIM_PWM_PulseFinishedCallback
                0x000000000800ba9c        0x2 CMakeFiles/Autobot_basement1_0.elf.dir/Drivers/STM32F4xx_HAL_Driver/Src/stm32f4xx_hal_tim.c.obj
                0x000000000800ba9c                HAL_TIM_PWM_PulseFinishedCallback
 .text.HAL_TIM_TriggerCallback
                0x000000000800ba9e        0x2 CMakeFiles/Autobot_basement1_0.elf.dir/Drivers/STM32F4xx_HAL_Driver/Src/stm32f4xx_hal_tim.c.obj
                0x000000000800ba9e                HAL_TIM_TriggerCallback
 .text.HAL_TIM_IRQHandler
                0x000000000800baa0      0x17a CMakeFiles/Autobot_basement1_0.elf.dir/Drivers/STM32F4xx_HAL_Driver/Src/stm32f4xx_hal_tim.c.obj
                0x000000000800baa0                HAL_TIM_IRQHandler
 *fill*         0x000000000800bc1a        0x2 
 .text.TIM_Base_SetConfig
                0x000000000800bc1c       0xc8 CMakeFiles/Autobot_basement1_0.elf.dir/Drivers/STM32F4xx_HAL_Driver/Src/stm32f4xx_hal_tim.c.obj
                0x000000000800bc1c                TIM_Base_SetConfig
 .text.HAL_TIM_Base_Init
                0x000000000800bce4       0x58 CMakeFiles/Autobot_basement1_0.elf.dir/Drivers/STM32F4xx_HAL_Driver/Src/stm32f4xx_hal_tim.c.obj
                0x000000000800bce4                HAL_TIM_Base_Init
 .text.HAL_TIMEx_CommutCallback
                0x000000000800bd3c        0x2 CMakeFiles/Autobot_basement1_0.elf.dir/Drivers/STM32F4xx_HAL_Driver/Src/stm32f4xx_hal_tim_ex.c.obj
                0x000000000800bd3c                HAL_TIMEx_CommutCallback
 .text.HAL_TIMEx_BreakCallback
                0x000000000800bd3e        0x2 CMakeFiles/Autobot_basement1_0.elf.dir/Drivers/STM32F4xx_HAL_Driver/Src/stm32f4xx_hal_tim_ex.c.obj
                0x000000000800bd3e                HAL_TIMEx_BreakCallback
 .text.UART_EndTxTransfer
                0x000000000800bd40       0x20 CMakeFiles/Autobot_basement1_0.elf.dir/Drivers/STM32F4xx_HAL_Driver/Src/stm32f4xx_hal_uart.c.obj
 .text.UART_EndRxTransfer
                0x000000000800bd60       0x5c CMakeFiles/Autobot_basement1_0.elf.dir/Drivers/STM32F4xx_HAL_Driver/Src/stm32f4xx_hal_uart.c.obj
 .text.UART_Transmit_IT
                0x000000000800bdbc       0x60 CMakeFiles/Autobot_basement1_0.elf.dir/Drivers/STM32F4xx_HAL_Driver/Src/stm32f4xx_hal_uart.c.obj
 .text.UART_SetConfig
                0x000000000800be1c      0x110 CMakeFiles/Autobot_basement1_0.elf.dir/Drivers/STM32F4xx_HAL_Driver/Src/stm32f4xx_hal_uart.c.obj
 .text.HAL_UART_Init
                0x000000000800bf2c       0x5e CMakeFiles/Autobot_basement1_0.elf.dir/Drivers/STM32F4xx_HAL_Driver/Src/stm32f4xx_hal_uart.c.obj
                0x000000000800bf2c                HAL_UART_Init
 .text.HAL_UART_DMAStop
                0x000000000800bf8a       0x84 CMakeFiles/Autobot_basement1_0.elf.dir/Drivers/STM32F4xx_HAL_Driver/Src/stm32f4xx_hal_uart.c.obj
                0x000000000800bf8a                HAL_UART_DMAStop
 .text.HAL_UART_TxCpltCallback
                0x000000000800c00e        0x2 CMakeFiles/Autobot_basement1_0.elf.dir/Drivers/STM32F4xx_HAL_Driver/Src/stm32f4xx_hal_uart.c.obj
                0x000000000800c00e                HAL_UART_TxCpltCallback
 .text.UART_EndTransmit_IT
                0x000000000800c010       0x1a CMakeFiles/Autobot_basement1_0.elf.dir/Drivers/STM32F4xx_HAL_Driver/Src/stm32f4xx_hal_uart.c.obj
 .text.HAL_UART_RxCpltCallback
                0x000000000800c02a        0x2 CMakeFiles/Autobot_basement1_0.elf.dir/Drivers/STM32F4xx_HAL_Driver/Src/stm32f4xx_hal_uart.c.obj
                0x000000000800c02a                HAL_UART_RxCpltCallback
 .text.HAL_UART_RxHalfCpltCallback
                0x000000000800c02c        0x2 CMakeFiles/Autobot_basement1_0.elf.dir/Drivers/STM32F4xx_HAL_Driver/Src/stm32f4xx_hal_uart.c.obj
                0x000000000800c02c                HAL_UART_RxHalfCpltCallback
 .text.HAL_UART_ErrorCallback
                0x000000000800c02e        0x2 CMakeFiles/Autobot_basement1_0.elf.dir/Drivers/STM32F4xx_HAL_Driver/Src/stm32f4xx_hal_uart.c.obj
                0x000000000800c02e                HAL_UART_ErrorCallback
 .text.UART_DMAError
                0x000000000800c030       0x58 CMakeFiles/Autobot_basement1_0.elf.dir/Drivers/STM32F4xx_HAL_Driver/Src/stm32f4xx_hal_uart.c.obj
 .text.UART_DMAAbortOnError
                0x000000000800c088       0x10 CMakeFiles/Autobot_basement1_0.elf.dir/Drivers/STM32F4xx_HAL_Driver/Src/stm32f4xx_hal_uart.c.obj
 .text.HAL_UARTEx_RxEventCallback
                0x000000000800c098        0x2 CMakeFiles/Autobot_basement1_0.elf.dir/Drivers/STM32F4xx_HAL_Driver/Src/stm32f4xx_hal_uart.c.obj
                0x000000000800c098                HAL_UARTEx_RxEventCallback
 .text.UART_Receive_IT
                0x000000000800c09a       0xe2 CMakeFiles/Autobot_basement1_0.elf.dir/Drivers/STM32F4xx_HAL_Driver/Src/stm32f4xx_hal_uart.c.obj
 .text.HAL_UART_IRQHandler
                0x000000000800c17c      0x280 CMakeFiles/Autobot_basement1_0.elf.dir/Drivers/STM32F4xx_HAL_Driver/Src/stm32f4xx_hal_uart.c.obj
                0x000000000800c17c                HAL_UART_IRQHandler
 .text.UART_DMARxHalfCplt
                0x000000000800c3fc       0x1a CMakeFiles/Autobot_basement1_0.elf.dir/Drivers/STM32F4xx_HAL_Driver/Src/stm32f4xx_hal_uart.c.obj
 .text.UART_DMAReceiveCplt
                0x000000000800c416       0x96 CMakeFiles/Autobot_basement1_0.elf.dir/Drivers/STM32F4xx_HAL_Driver/Src/stm32f4xx_hal_uart.c.obj
 .text.UART_Start_Receive_DMA
                0x000000000800c4ac       0xa4 CMakeFiles/Autobot_basement1_0.elf.dir/Drivers/STM32F4xx_HAL_Driver/Src/stm32f4xx_hal_uart.c.obj
                0x000000000800c4ac                UART_Start_Receive_DMA
 .text.HAL_UART_Receive_DMA
                0x000000000800c550       0x38 CMakeFiles/Autobot_basement1_0.elf.dir/Drivers/STM32F4xx_HAL_Driver/Src/stm32f4xx_hal_uart.c.obj
                0x000000000800c550                HAL_UART_Receive_DMA
 .text.USB_CoreReset
                0x000000000800c588       0x4c CMakeFiles/Autobot_basement1_0.elf.dir/Drivers/STM32F4xx_HAL_Driver/Src/stm32f4xx_ll_usb.c.obj
 .text.USB_CoreInit
                0x000000000800c5d4       0x8a CMakeFiles/Autobot_basement1_0.elf.dir/Drivers/STM32F4xx_HAL_Driver/Src/stm32f4xx_ll_usb.c.obj
                0x000000000800c5d4                USB_CoreInit
 *fill*         0x000000000800c65e        0x2 
 .text.USB_SetTurnaroundTime
                0x000000000800c660       0xe4 CMakeFiles/Autobot_basement1_0.elf.dir/Drivers/STM32F4xx_HAL_Driver/Src/stm32f4xx_ll_usb.c.obj
                0x000000000800c660                USB_SetTurnaroundTime
 .text.USB_EnableGlobalInt
                0x000000000800c744        0xc CMakeFiles/Autobot_basement1_0.elf.dir/Drivers/STM32F4xx_HAL_Driver/Src/stm32f4xx_ll_usb.c.obj
                0x000000000800c744                USB_EnableGlobalInt
 .text.USB_DisableGlobalInt
                0x000000000800c750        0xc CMakeFiles/Autobot_basement1_0.elf.dir/Drivers/STM32F4xx_HAL_Driver/Src/stm32f4xx_ll_usb.c.obj
                0x000000000800c750                USB_DisableGlobalInt
 .text.USB_FlushTxFifo
                0x000000000800c75c       0x30 CMakeFiles/Autobot_basement1_0.elf.dir/Drivers/STM32F4xx_HAL_Driver/Src/stm32f4xx_ll_usb.c.obj
                0x000000000800c75c                USB_FlushTxFifo
 .text.USB_FlushRxFifo
                0x000000000800c78c       0x2c CMakeFiles/Autobot_basement1_0.elf.dir/Drivers/STM32F4xx_HAL_Driver/Src/stm32f4xx_ll_usb.c.obj
                0x000000000800c78c                USB_FlushRxFifo
 .text.USB_SetDevSpeed
                0x000000000800c7b8        0xe CMakeFiles/Autobot_basement1_0.elf.dir/Drivers/STM32F4xx_HAL_Driver/Src/stm32f4xx_ll_usb.c.obj
                0x000000000800c7b8                USB_SetDevSpeed
 *fill*         0x000000000800c7c6        0x2 
 .text.USB_DevInit
                0x000000000800c7c8      0x190 CMakeFiles/Autobot_basement1_0.elf.dir/Drivers/STM32F4xx_HAL_Driver/Src/stm32f4xx_ll_usb.c.obj
                0x000000000800c7c8                USB_DevInit
 .text.USB_GetDevSpeed
                0x000000000800c958       0x22 CMakeFiles/Autobot_basement1_0.elf.dir/Drivers/STM32F4xx_HAL_Driver/Src/stm32f4xx_ll_usb.c.obj
                0x000000000800c958                USB_GetDevSpeed
 .text.USB_ActivateEndpoint
                0x000000000800c97a       0x9c CMakeFiles/Autobot_basement1_0.elf.dir/Drivers/STM32F4xx_HAL_Driver/Src/stm32f4xx_ll_usb.c.obj
                0x000000000800c97a                USB_ActivateEndpoint
 *fill*         0x000000000800ca16        0x2 
 .text.USB_DeactivateEndpoint
                0x000000000800ca18       0xe0 CMakeFiles/Autobot_basement1_0.elf.dir/Drivers/STM32F4xx_HAL_Driver/Src/stm32f4xx_ll_usb.c.obj
                0x000000000800ca18                USB_DeactivateEndpoint
 .text.USB_EP0StartXfer
                0x000000000800caf8      0x120 CMakeFiles/Autobot_basement1_0.elf.dir/Drivers/STM32F4xx_HAL_Driver/Src/stm32f4xx_ll_usb.c.obj
                0x000000000800caf8                USB_EP0StartXfer
 .text.USB_WritePacket
                0x000000000800cc18       0x2e CMakeFiles/Autobot_basement1_0.elf.dir/Drivers/STM32F4xx_HAL_Driver/Src/stm32f4xx_ll_usb.c.obj
                0x000000000800cc18                USB_WritePacket
 *fill*         0x000000000800cc46        0x2 
 .text.USB_EPStartXfer
                0x000000000800cc48      0x238 CMakeFiles/Autobot_basement1_0.elf.dir/Drivers/STM32F4xx_HAL_Driver/Src/stm32f4xx_ll_usb.c.obj
                0x000000000800cc48                USB_EPStartXfer
 .text.USB_ReadPacket
                0x000000000800ce80       0x54 CMakeFiles/Autobot_basement1_0.elf.dir/Drivers/STM32F4xx_HAL_Driver/Src/stm32f4xx_ll_usb.c.obj
                0x000000000800ce80                USB_ReadPacket
 .text.USB_EPSetStall
                0x000000000800ced4       0x5a CMakeFiles/Autobot_basement1_0.elf.dir/Drivers/STM32F4xx_HAL_Driver/Src/stm32f4xx_ll_usb.c.obj
                0x000000000800ced4                USB_EPSetStall
 .text.USB_EPClearStall
                0x000000000800cf2e       0x5c CMakeFiles/Autobot_basement1_0.elf.dir/Drivers/STM32F4xx_HAL_Driver/Src/stm32f4xx_ll_usb.c.obj
                0x000000000800cf2e                USB_EPClearStall
 .text.USB_SetDevAddress
                0x000000000800cf8a       0x20 CMakeFiles/Autobot_basement1_0.elf.dir/Drivers/STM32F4xx_HAL_Driver/Src/stm32f4xx_ll_usb.c.obj
                0x000000000800cf8a                USB_SetDevAddress
 .text.USB_DevConnect
                0x000000000800cfaa       0x1c CMakeFiles/Autobot_basement1_0.elf.dir/Drivers/STM32F4xx_HAL_Driver/Src/stm32f4xx_ll_usb.c.obj
                0x000000000800cfaa                USB_DevConnect
 .text.USB_DevDisconnect
                0x000000000800cfc6       0x1c CMakeFiles/Autobot_basement1_0.elf.dir/Drivers/STM32F4xx_HAL_Driver/Src/stm32f4xx_ll_usb.c.obj
                0x000000000800cfc6                USB_DevDisconnect
 .text.USB_ReadInterrupts
                0x000000000800cfe2        0x8 CMakeFiles/Autobot_basement1_0.elf.dir/Drivers/STM32F4xx_HAL_Driver/Src/stm32f4xx_ll_usb.c.obj
                0x000000000800cfe2                USB_ReadInterrupts
 .text.USB_ReadDevAllOutEpInterrupt
                0x000000000800cfea       0x10 CMakeFiles/Autobot_basement1_0.elf.dir/Drivers/STM32F4xx_HAL_Driver/Src/stm32f4xx_ll_usb.c.obj
                0x000000000800cfea                USB_ReadDevAllOutEpInterrupt
 .text.USB_ReadDevAllInEpInterrupt
                0x000000000800cffa       0x10 CMakeFiles/Autobot_basement1_0.elf.dir/Drivers/STM32F4xx_HAL_Driver/Src/stm32f4xx_ll_usb.c.obj
                0x000000000800cffa                USB_ReadDevAllInEpInterrupt
 .text.USB_ReadDevOutEPInterrupt
                0x000000000800d00a       0x12 CMakeFiles/Autobot_basement1_0.elf.dir/Drivers/STM32F4xx_HAL_Driver/Src/stm32f4xx_ll_usb.c.obj
                0x000000000800d00a                USB_ReadDevOutEPInterrupt
 .text.USB_ReadDevInEPInterrupt
                0x000000000800d01c       0x28 CMakeFiles/Autobot_basement1_0.elf.dir/Drivers/STM32F4xx_HAL_Driver/Src/stm32f4xx_ll_usb.c.obj
                0x000000000800d01c                USB_ReadDevInEPInterrupt
 .text.USB_GetMode
                0x000000000800d044        0x8 CMakeFiles/Autobot_basement1_0.elf.dir/Drivers/STM32F4xx_HAL_Driver/Src/stm32f4xx_ll_usb.c.obj
                0x000000000800d044                USB_GetMode
 .text.USB_SetCurrentMode
                0x000000000800d04c       0x62 CMakeFiles/Autobot_basement1_0.elf.dir/Drivers/STM32F4xx_HAL_Driver/Src/stm32f4xx_ll_usb.c.obj
                0x000000000800d04c                USB_SetCurrentMode
 .text.USB_ActivateSetup
                0x000000000800d0ae       0x20 CMakeFiles/Autobot_basement1_0.elf.dir/Drivers/STM32F4xx_HAL_Driver/Src/stm32f4xx_ll_usb.c.obj
                0x000000000800d0ae                USB_ActivateSetup
 *fill*         0x000000000800d0ce        0x2 
 .text.USB_EP0_OutStart
                0x000000000800d0d0       0x60 CMakeFiles/Autobot_basement1_0.elf.dir/Drivers/STM32F4xx_HAL_Driver/Src/stm32f4xx_ll_usb.c.obj
                0x000000000800d0d0                USB_EP0_OutStart
 .text.USBD_CDC_EP0_RxReady
                0x000000000800d130       0x36 CMakeFiles/Autobot_basement1_0.elf.dir/Middlewares/ST/STM32_USB_Device_Library/Class/CDC/Src/usbd_cdc.c.obj
 *fill*         0x000000000800d166        0x2 
 .text.USBD_CDC_GetFSCfgDesc
                0x000000000800d168        0xc CMakeFiles/Autobot_basement1_0.elf.dir/Middlewares/ST/STM32_USB_Device_Library/Class/CDC/Src/usbd_cdc.c.obj
 .text.USBD_CDC_GetHSCfgDesc
                0x000000000800d174        0xc CMakeFiles/Autobot_basement1_0.elf.dir/Middlewares/ST/STM32_USB_Device_Library/Class/CDC/Src/usbd_cdc.c.obj
 .text.USBD_CDC_GetOtherSpeedCfgDesc
                0x000000000800d180        0xc CMakeFiles/Autobot_basement1_0.elf.dir/Middlewares/ST/STM32_USB_Device_Library/Class/CDC/Src/usbd_cdc.c.obj
 .text.USBD_CDC_GetDeviceQualifierDescriptor
                0x000000000800d18c        0xc CMakeFiles/Autobot_basement1_0.elf.dir/Middlewares/ST/STM32_USB_Device_Library/Class/CDC/Src/usbd_cdc.c.obj
                0x000000000800d18c                USBD_CDC_GetDeviceQualifierDescriptor
 .text.USBD_CDC_DataOut
                0x000000000800d198       0x2a CMakeFiles/Autobot_basement1_0.elf.dir/Middlewares/ST/STM32_USB_Device_Library/Class/CDC/Src/usbd_cdc.c.obj
 .text.USBD_CDC_DataIn
                0x000000000800d1c2       0x6a CMakeFiles/Autobot_basement1_0.elf.dir/Middlewares/ST/STM32_USB_Device_Library/Class/CDC/Src/usbd_cdc.c.obj
 .text.USBD_CDC_Setup
                0x000000000800d22c       0xf4 CMakeFiles/Autobot_basement1_0.elf.dir/Middlewares/ST/STM32_USB_Device_Library/Class/CDC/Src/usbd_cdc.c.obj
 .text.USBD_CDC_DeInit
                0x000000000800d320       0x48 CMakeFiles/Autobot_basement1_0.elf.dir/Middlewares/ST/STM32_USB_Device_Library/Class/CDC/Src/usbd_cdc.c.obj
 .text.USBD_CDC_Init
                0x000000000800d368       0xc2 CMakeFiles/Autobot_basement1_0.elf.dir/Middlewares/ST/STM32_USB_Device_Library/Class/CDC/Src/usbd_cdc.c.obj
 .text.USBD_CDC_RegisterInterface
                0x000000000800d42a        0xe CMakeFiles/Autobot_basement1_0.elf.dir/Middlewares/ST/STM32_USB_Device_Library/Class/CDC/Src/usbd_cdc.c.obj
                0x000000000800d42a                USBD_CDC_RegisterInterface
 .text.USBD_CDC_SetTxBuffer
                0x000000000800d438       0x16 CMakeFiles/Autobot_basement1_0.elf.dir/Middlewares/ST/STM32_USB_Device_Library/Class/CDC/Src/usbd_cdc.c.obj
                0x000000000800d438                USBD_CDC_SetTxBuffer
 .text.USBD_CDC_SetRxBuffer
                0x000000000800d44e       0x12 CMakeFiles/Autobot_basement1_0.elf.dir/Middlewares/ST/STM32_USB_Device_Library/Class/CDC/Src/usbd_cdc.c.obj
                0x000000000800d44e                USBD_CDC_SetRxBuffer
 .text.USBD_CDC_TransmitPacket
                0x000000000800d460       0x34 CMakeFiles/Autobot_basement1_0.elf.dir/Middlewares/ST/STM32_USB_Device_Library/Class/CDC/Src/usbd_cdc.c.obj
                0x000000000800d460                USBD_CDC_TransmitPacket
 .text.USBD_CDC_ReceivePacket
                0x000000000800d494       0x32 CMakeFiles/Autobot_basement1_0.elf.dir/Middlewares/ST/STM32_USB_Device_Library/Class/CDC/Src/usbd_cdc.c.obj
                0x000000000800d494                USBD_CDC_ReceivePacket
 .text.USBD_Init
                0x000000000800d4c6       0x2e CMakeFiles/Autobot_basement1_0.elf.dir/Middlewares/ST/STM32_USB_Device_Library/Core/Src/usbd_core.c.obj
                0x000000000800d4c6                USBD_Init
 .text.USBD_RegisterClass
                0x000000000800d4f4       0x2e CMakeFiles/Autobot_basement1_0.elf.dir/Middlewares/ST/STM32_USB_Device_Library/Core/Src/usbd_core.c.obj
                0x000000000800d4f4                USBD_RegisterClass
 .text.USBD_Start
                0x000000000800d522        0x8 CMakeFiles/Autobot_basement1_0.elf.dir/Middlewares/ST/STM32_USB_Device_Library/Core/Src/usbd_core.c.obj
                0x000000000800d522                USBD_Start
 .text.USBD_SetClassConfig
                0x000000000800d52a       0x12 CMakeFiles/Autobot_basement1_0.elf.dir/Middlewares/ST/STM32_USB_Device_Library/Core/Src/usbd_core.c.obj
                0x000000000800d52a                USBD_SetClassConfig
 .text.USBD_ClrClassConfig
                0x000000000800d53c       0x10 CMakeFiles/Autobot_basement1_0.elf.dir/Middlewares/ST/STM32_USB_Device_Library/Core/Src/usbd_core.c.obj
                0x000000000800d53c                USBD_ClrClassConfig
 .text.USBD_LL_SetupStage
                0x000000000800d54c       0x58 CMakeFiles/Autobot_basement1_0.elf.dir/Middlewares/ST/STM32_USB_Device_Library/Core/Src/usbd_core.c.obj
                0x000000000800d54c                USBD_LL_SetupStage
 .text.USBD_LL_DataOutStage
                0x000000000800d5a4       0x78 CMakeFiles/Autobot_basement1_0.elf.dir/Middlewares/ST/STM32_USB_Device_Library/Core/Src/usbd_core.c.obj
                0x000000000800d5a4                USBD_LL_DataOutStage
 .text.USBD_LL_DataInStage
                0x000000000800d61c       0xbe CMakeFiles/Autobot_basement1_0.elf.dir/Middlewares/ST/STM32_USB_Device_Library/Core/Src/usbd_core.c.obj
                0x000000000800d61c                USBD_LL_DataInStage
 .text.USBD_LL_Reset
                0x000000000800d6da       0x5a CMakeFiles/Autobot_basement1_0.elf.dir/Middlewares/ST/STM32_USB_Device_Library/Core/Src/usbd_core.c.obj
                0x000000000800d6da                USBD_LL_Reset
 .text.USBD_LL_SetSpeed
                0x000000000800d734        0x6 CMakeFiles/Autobot_basement1_0.elf.dir/Middlewares/ST/STM32_USB_Device_Library/Core/Src/usbd_core.c.obj
                0x000000000800d734                USBD_LL_SetSpeed
 .text.USBD_LL_Suspend
                0x000000000800d73a       0x14 CMakeFiles/Autobot_basement1_0.elf.dir/Middlewares/ST/STM32_USB_Device_Library/Core/Src/usbd_core.c.obj
                0x000000000800d73a                USBD_LL_Suspend
 .text.USBD_LL_Resume
                0x000000000800d74e       0x1a CMakeFiles/Autobot_basement1_0.elf.dir/Middlewares/ST/STM32_USB_Device_Library/Core/Src/usbd_core.c.obj
                0x000000000800d74e                USBD_LL_Resume
 .text.USBD_LL_SOF
                0x000000000800d768       0x28 CMakeFiles/Autobot_basement1_0.elf.dir/Middlewares/ST/STM32_USB_Device_Library/Core/Src/usbd_core.c.obj
                0x000000000800d768                USBD_LL_SOF
 .text.USBD_LL_IsoINIncomplete
                0x000000000800d790       0x28 CMakeFiles/Autobot_basement1_0.elf.dir/Middlewares/ST/STM32_USB_Device_Library/Core/Src/usbd_core.c.obj
                0x000000000800d790                USBD_LL_IsoINIncomplete
 .text.USBD_LL_IsoOUTIncomplete
                0x000000000800d7b8       0x28 CMakeFiles/Autobot_basement1_0.elf.dir/Middlewares/ST/STM32_USB_Device_Library/Core/Src/usbd_core.c.obj
                0x000000000800d7b8                USBD_LL_IsoOUTIncomplete
 .text.USBD_LL_DevConnected
                0x000000000800d7e0        0x4 CMakeFiles/Autobot_basement1_0.elf.dir/Middlewares/ST/STM32_USB_Device_Library/Core/Src/usbd_core.c.obj
                0x000000000800d7e0                USBD_LL_DevConnected
 .text.USBD_LL_DevDisconnected
                0x000000000800d7e4       0x18 CMakeFiles/Autobot_basement1_0.elf.dir/Middlewares/ST/STM32_USB_Device_Library/Core/Src/usbd_core.c.obj
                0x000000000800d7e4                USBD_LL_DevDisconnected
 .text.USBD_GetLen
                0x000000000800d7fc       0x14 CMakeFiles/Autobot_basement1_0.elf.dir/Middlewares/ST/STM32_USB_Device_Library/Core/Src/usbd_ctlreq.c.obj
 .text.USBD_SetFeature
                0x000000000800d810       0x14 CMakeFiles/Autobot_basement1_0.elf.dir/Middlewares/ST/STM32_USB_Device_Library/Core/Src/usbd_ctlreq.c.obj
 .text.USBD_ParseSetupRequest
                0x000000000800d824       0x28 CMakeFiles/Autobot_basement1_0.elf.dir/Middlewares/ST/STM32_USB_Device_Library/Core/Src/usbd_ctlreq.c.obj
                0x000000000800d824                USBD_ParseSetupRequest
 .text.USBD_CtlError
                0x000000000800d84c       0x14 CMakeFiles/Autobot_basement1_0.elf.dir/Middlewares/ST/STM32_USB_Device_Library/Core/Src/usbd_ctlreq.c.obj
                0x000000000800d84c                USBD_CtlError
 .text.USBD_GetDescriptor
                0x000000000800d860      0x18a CMakeFiles/Autobot_basement1_0.elf.dir/Middlewares/ST/STM32_USB_Device_Library/Core/Src/usbd_ctlreq.c.obj
 .text.USBD_SetAddress
                0x000000000800d9ea       0x50 CMakeFiles/Autobot_basement1_0.elf.dir/Middlewares/ST/STM32_USB_Device_Library/Core/Src/usbd_ctlreq.c.obj
 *fill*         0x000000000800da3a        0x2 
 .text.USBD_SetConfig
                0x000000000800da3c       0xc8 CMakeFiles/Autobot_basement1_0.elf.dir/Middlewares/ST/STM32_USB_Device_Library/Core/Src/usbd_ctlreq.c.obj
 .text.USBD_GetConfig
                0x000000000800db04       0x40 CMakeFiles/Autobot_basement1_0.elf.dir/Middlewares/ST/STM32_USB_Device_Library/Core/Src/usbd_ctlreq.c.obj
 .text.USBD_GetStatus
                0x000000000800db44       0x38 CMakeFiles/Autobot_basement1_0.elf.dir/Middlewares/ST/STM32_USB_Device_Library/Core/Src/usbd_ctlreq.c.obj
 .text.USBD_ClrFeature
                0x000000000800db7c       0x26 CMakeFiles/Autobot_basement1_0.elf.dir/Middlewares/ST/STM32_USB_Device_Library/Core/Src/usbd_ctlreq.c.obj
 .text.USBD_StdDevReq
                0x000000000800dba2       0x70 CMakeFiles/Autobot_basement1_0.elf.dir/Middlewares/ST/STM32_USB_Device_Library/Core/Src/usbd_ctlreq.c.obj
                0x000000000800dba2                USBD_StdDevReq
 .text.USBD_StdItfReq
                0x000000000800dc12       0x68 CMakeFiles/Autobot_basement1_0.elf.dir/Middlewares/ST/STM32_USB_Device_Library/Core/Src/usbd_ctlreq.c.obj
                0x000000000800dc12                USBD_StdItfReq
 .text.USBD_StdEPReq
                0x000000000800dc7a      0x1ec CMakeFiles/Autobot_basement1_0.elf.dir/Middlewares/ST/STM32_USB_Device_Library/Core/Src/usbd_ctlreq.c.obj
                0x000000000800dc7a                USBD_StdEPReq
 .text.USBD_GetString
                0x000000000800de66       0x3a CMakeFiles/Autobot_basement1_0.elf.dir/Middlewares/ST/STM32_USB_Device_Library/Core/Src/usbd_ctlreq.c.obj
                0x000000000800de66                USBD_GetString
 .text.USBD_CtlSendData
                0x000000000800dea0       0x1a CMakeFiles/Autobot_basement1_0.elf.dir/Middlewares/ST/STM32_USB_Device_Library/Core/Src/usbd_ioreq.c.obj
                0x000000000800dea0                USBD_CtlSendData
 .text.USBD_CtlContinueSendData
                0x000000000800deba       0x10 CMakeFiles/Autobot_basement1_0.elf.dir/Middlewares/ST/STM32_USB_Device_Library/Core/Src/usbd_ioreq.c.obj
                0x000000000800deba                USBD_CtlContinueSendData
 .text.USBD_CtlPrepareRx
                0x000000000800deca       0x1e CMakeFiles/Autobot_basement1_0.elf.dir/Middlewares/ST/STM32_USB_Device_Library/Core/Src/usbd_ioreq.c.obj
                0x000000000800deca                USBD_CtlPrepareRx
 .text.USBD_CtlContinueRx
                0x000000000800dee8       0x10 CMakeFiles/Autobot_basement1_0.elf.dir/Middlewares/ST/STM32_USB_Device_Library/Core/Src/usbd_ioreq.c.obj
                0x000000000800dee8                USBD_CtlContinueRx
 .text.USBD_CtlSendStatus
                0x000000000800def8       0x16 CMakeFiles/Autobot_basement1_0.elf.dir/Middlewares/ST/STM32_USB_Device_Library/Core/Src/usbd_ioreq.c.obj
                0x000000000800def8                USBD_CtlSendStatus
 .text.USBD_CtlReceiveStatus
                0x000000000800df0e       0x16 CMakeFiles/Autobot_basement1_0.elf.dir/Middlewares/ST/STM32_USB_Device_Library/Core/Src/usbd_ioreq.c.obj
                0x000000000800df0e                USBD_CtlReceiveStatus
 .text.makeFreeRtosPriority
                0x000000000800df24        0xc CMakeFiles/Autobot_basement1_0.elf.dir/Middlewares/Third_Party/FreeRTOS/Source/CMSIS_RTOS/cmsis_os.c.obj
 .text.osKernelStart
                0x000000000800df30        0xa CMakeFiles/Autobot_basement1_0.elf.dir/Middlewares/Third_Party/FreeRTOS/Source/CMSIS_RTOS/cmsis_os.c.obj
                0x000000000800df30                osKernelStart
 .text.osThreadCreate
                0x000000000800df3a       0x6a CMakeFiles/Autobot_basement1_0.elf.dir/Middlewares/Third_Party/FreeRTOS/Source/CMSIS_RTOS/cmsis_os.c.obj
                0x000000000800df3a                osThreadCreate
 .text.osDelay  0x000000000800dfa4        0xe CMakeFiles/Autobot_basement1_0.elf.dir/Middlewares/Third_Party/FreeRTOS/Source/CMSIS_RTOS/cmsis_os.c.obj
                0x000000000800dfa4                osDelay
 .text.vListInitialise
                0x000000000800dfb2       0x16 CMakeFiles/Autobot_basement1_0.elf.dir/Middlewares/Third_Party/FreeRTOS/Source/list.c.obj
                0x000000000800dfb2                vListInitialise
 .text.vListInitialiseItem
                0x000000000800dfc8        0x6 CMakeFiles/Autobot_basement1_0.elf.dir/Middlewares/Third_Party/FreeRTOS/Source/list.c.obj
                0x000000000800dfc8                vListInitialiseItem
 .text.vListInsertEnd
                0x000000000800dfce       0x16 CMakeFiles/Autobot_basement1_0.elf.dir/Middlewares/Third_Party/FreeRTOS/Source/list.c.obj
                0x000000000800dfce                vListInsertEnd
 .text.vListInsert
                0x000000000800dfe4       0x32 CMakeFiles/Autobot_basement1_0.elf.dir/Middlewares/Third_Party/FreeRTOS/Source/list.c.obj
                0x000000000800dfe4                vListInsert
 .text.uxListRemove
                0x000000000800e016       0x26 CMakeFiles/Autobot_basement1_0.elf.dir/Middlewares/Third_Party/FreeRTOS/Source/list.c.obj
                0x000000000800e016                uxListRemove
 .text.prvTaskExitError
                0x000000000800e03c       0x40 CMakeFiles/Autobot_basement1_0.elf.dir/Middlewares/Third_Party/FreeRTOS/Source/portable/GCC/ARM_CM4F/port.c.obj
 .text.prvPortStartFirstTask
                0x000000000800e07c       0x28 CMakeFiles/Autobot_basement1_0.elf.dir/Middlewares/Third_Party/FreeRTOS/Source/portable/GCC/ARM_CM4F/port.c.obj
 .text.vPortEnableVFP
                0x000000000800e0a4       0x14 CMakeFiles/Autobot_basement1_0.elf.dir/Middlewares/Third_Party/FreeRTOS/Source/portable/GCC/ARM_CM4F/port.c.obj
 .text.pxPortInitialiseStack
                0x000000000800e0b8       0x2c CMakeFiles/Autobot_basement1_0.elf.dir/Middlewares/Third_Party/FreeRTOS/Source/portable/GCC/ARM_CM4F/port.c.obj
                0x000000000800e0b8                pxPortInitialiseStack
 *fill*         0x000000000800e0e4        0xc 
 .text.SVC_Handler
                0x000000000800e0f0       0x24 CMakeFiles/Autobot_basement1_0.elf.dir/Middlewares/Third_Party/FreeRTOS/Source/portable/GCC/ARM_CM4F/port.c.obj
                0x000000000800e0f0                SVC_Handler
 .text.vPortEnterCritical
                0x000000000800e114       0x44 CMakeFiles/Autobot_basement1_0.elf.dir/Middlewares/Third_Party/FreeRTOS/Source/portable/GCC/ARM_CM4F/port.c.obj
                0x000000000800e114                vPortEnterCritical
 .text.vPortExitCritical
                0x000000000800e158       0x2c CMakeFiles/Autobot_basement1_0.elf.dir/Middlewares/Third_Party/FreeRTOS/Source/portable/GCC/ARM_CM4F/port.c.obj
                0x000000000800e158                vPortExitCritical
 *fill*         0x000000000800e184        0xc 
 .text.PendSV_Handler
                0x000000000800e190       0x64 CMakeFiles/Autobot_basement1_0.elf.dir/Middlewares/Third_Party/FreeRTOS/Source/portable/GCC/ARM_CM4F/port.c.obj
                0x000000000800e190                PendSV_Handler
 .text.SysTick_Handler
                0x000000000800e1f4       0x2c CMakeFiles/Autobot_basement1_0.elf.dir/Middlewares/Third_Party/FreeRTOS/Source/portable/GCC/ARM_CM4F/port.c.obj
                0x000000000800e1f4                SysTick_Handler
 .text.vPortSetupTimerInterrupt
                0x000000000800e220       0x28 CMakeFiles/Autobot_basement1_0.elf.dir/Middlewares/Third_Party/FreeRTOS/Source/portable/GCC/ARM_CM4F/port.c.obj
                0x000000000800e220                vPortSetupTimerInterrupt
 .text.xPortStartScheduler
                0x000000000800e248      0x118 CMakeFiles/Autobot_basement1_0.elf.dir/Middlewares/Third_Party/FreeRTOS/Source/portable/GCC/ARM_CM4F/port.c.obj
                0x000000000800e248                xPortStartScheduler
 .text.prvHeapInit
                0x000000000800e360       0x64 CMakeFiles/Autobot_basement1_0.elf.dir/Middlewares/Third_Party/FreeRTOS/Source/portable/MemMang/heap_4.c.obj
 .text.prvInsertBlockIntoFreeList
                0x000000000800e3c4       0x64 CMakeFiles/Autobot_basement1_0.elf.dir/Middlewares/Third_Party/FreeRTOS/Source/portable/MemMang/heap_4.c.obj
 .text.pvPortMalloc
                0x000000000800e428       0xfc CMakeFiles/Autobot_basement1_0.elf.dir/Middlewares/Third_Party/FreeRTOS/Source/portable/MemMang/heap_4.c.obj
                0x000000000800e428                pvPortMalloc
 .text.vPortFree
                0x000000000800e524       0x7c CMakeFiles/Autobot_basement1_0.elf.dir/Middlewares/Third_Party/FreeRTOS/Source/portable/MemMang/heap_4.c.obj
                0x000000000800e524                vPortFree
 .text.prvResetNextTaskUnblockTime
                0x000000000800e5a0       0x2c CMakeFiles/Autobot_basement1_0.elf.dir/Middlewares/Third_Party/FreeRTOS/Source/tasks.c.obj
 .text.prvInitialiseNewTask
                0x000000000800e5cc       0xa2 CMakeFiles/Autobot_basement1_0.elf.dir/Middlewares/Third_Party/FreeRTOS/Source/tasks.c.obj
 *fill*         0x000000000800e66e        0x2 
 .text.prvInitialiseTaskLists
                0x000000000800e670       0x68 CMakeFiles/Autobot_basement1_0.elf.dir/Middlewares/Third_Party/FreeRTOS/Source/tasks.c.obj
 .text.prvAddNewTaskToReadyList
                0x000000000800e6d8       0xa8 CMakeFiles/Autobot_basement1_0.elf.dir/Middlewares/Third_Party/FreeRTOS/Source/tasks.c.obj
 .text.prvDeleteTCB
                0x000000000800e780       0x38 CMakeFiles/Autobot_basement1_0.elf.dir/Middlewares/Third_Party/FreeRTOS/Source/tasks.c.obj
 .text.prvCheckTasksWaitingTermination
                0x000000000800e7b8       0x4c CMakeFiles/Autobot_basement1_0.elf.dir/Middlewares/Third_Party/FreeRTOS/Source/tasks.c.obj
 .text.prvIdleTask
                0x000000000800e804       0x28 CMakeFiles/Autobot_basement1_0.elf.dir/Middlewares/Third_Party/FreeRTOS/Source/tasks.c.obj
 .text.prvAddCurrentTaskToDelayedList
                0x000000000800e82c       0x98 CMakeFiles/Autobot_basement1_0.elf.dir/Middlewares/Third_Party/FreeRTOS/Source/tasks.c.obj
 .text.xTaskCreateStatic
                0x000000000800e8c4       0x76 CMakeFiles/Autobot_basement1_0.elf.dir/Middlewares/Third_Party/FreeRTOS/Source/tasks.c.obj
                0x000000000800e8c4                xTaskCreateStatic
 .text.xTaskCreate
                0x000000000800e93a       0x68 CMakeFiles/Autobot_basement1_0.elf.dir/Middlewares/Third_Party/FreeRTOS/Source/tasks.c.obj
                0x000000000800e93a                xTaskCreate
 *fill*         0x000000000800e9a2        0x2 
 .text.vTaskStartScheduler
                0x000000000800e9a4       0x74 CMakeFiles/Autobot_basement1_0.elf.dir/Middlewares/Third_Party/FreeRTOS/Source/tasks.c.obj
                0x000000000800e9a4                vTaskStartScheduler
 .text.vTaskSuspendAll
                0x000000000800ea18       0x10 CMakeFiles/Autobot_basement1_0.elf.dir/Middlewares/Third_Party/FreeRTOS/Source/tasks.c.obj
                0x000000000800ea18                vTaskSuspendAll
 .text.xTaskIncrementTick
                0x000000000800ea28      0x118 CMakeFiles/Autobot_basement1_0.elf.dir/Middlewares/Third_Party/FreeRTOS/Source/tasks.c.obj
                0x000000000800ea28                xTaskIncrementTick
 .text.xTaskResumeAll
                0x000000000800eb40       0xf8 CMakeFiles/Autobot_basement1_0.elf.dir/Middlewares/Third_Party/FreeRTOS/Source/tasks.c.obj
                0x000000000800eb40                xTaskResumeAll
 .text.vTaskDelay
                0x000000000800ec38       0x4c CMakeFiles/Autobot_basement1_0.elf.dir/Middlewares/Third_Party/FreeRTOS/Source/tasks.c.obj
                0x000000000800ec38                vTaskDelay
 .text.vTaskSwitchContext
                0x000000000800ec84       0x98 CMakeFiles/Autobot_basement1_0.elf.dir/Middlewares/Third_Party/FreeRTOS/Source/tasks.c.obj
                0x000000000800ec84                vTaskSwitchContext
 .text.MX_USB_DEVICE_Init
                0x000000000800ed1c       0x54 CMakeFiles/Autobot_basement1_0.elf.dir/USB_DEVICE/App/usb_device.c.obj
                0x000000000800ed1c                MX_USB_DEVICE_Init
 .text.CDC_DeInit_FS
                0x000000000800ed70        0x4 CMakeFiles/Autobot_basement1_0.elf.dir/USB_DEVICE/App/usbd_cdc_if.c.obj
 .text.CDC_Control_FS
                0x000000000800ed74        0x4 CMakeFiles/Autobot_basement1_0.elf.dir/USB_DEVICE/App/usbd_cdc_if.c.obj
 .text.CDC_TransmitCplt_FS
                0x000000000800ed78        0x4 CMakeFiles/Autobot_basement1_0.elf.dir/USB_DEVICE/App/usbd_cdc_if.c.obj
 .text.CDC_Receive_FS
                0x000000000800ed7c       0x4c CMakeFiles/Autobot_basement1_0.elf.dir/USB_DEVICE/App/usbd_cdc_if.c.obj
 .text.CDC_Init_FS
                0x000000000800edc8       0x28 CMakeFiles/Autobot_basement1_0.elf.dir/USB_DEVICE/App/usbd_cdc_if.c.obj
 .text.CDC_Transmit_FS
                0x000000000800edf0       0x2c CMakeFiles/Autobot_basement1_0.elf.dir/USB_DEVICE/App/usbd_cdc_if.c.obj
                0x000000000800edf0                CDC_Transmit_FS
 .text.vcp_available
                0x000000000800ee1c       0x18 CMakeFiles/Autobot_basement1_0.elf.dir/USB_DEVICE/App/usbd_cdc_if.c.obj
                0x000000000800ee1c                vcp_available
 .text.vcp_read
                0x000000000800ee34       0x30 CMakeFiles/Autobot_basement1_0.elf.dir/USB_DEVICE/App/usbd_cdc_if.c.obj
                0x000000000800ee34                vcp_read
 .text.vcp_write
                0x000000000800ee64       0x14 CMakeFiles/Autobot_basement1_0.elf.dir/USB_DEVICE/App/usbd_cdc_if.c.obj
                0x000000000800ee64                vcp_write
 .text.USBD_FS_DeviceDescriptor
                0x000000000800ee78        0xc CMakeFiles/Autobot_basement1_0.elf.dir/USB_DEVICE/App/usbd_desc.c.obj
                0x000000000800ee78                USBD_FS_DeviceDescriptor
 .text.USBD_FS_LangIDStrDescriptor
                0x000000000800ee84        0xc CMakeFiles/Autobot_basement1_0.elf.dir/USB_DEVICE/App/usbd_desc.c.obj
                0x000000000800ee84                USBD_FS_LangIDStrDescriptor
 .text.IntToUnicode
                0x000000000800ee90       0x46 CMakeFiles/Autobot_basement1_0.elf.dir/USB_DEVICE/App/usbd_desc.c.obj
 *fill*         0x000000000800eed6        0x2 
 .text.Get_SerialNum
                0x000000000800eed8       0x38 CMakeFiles/Autobot_basement1_0.elf.dir/USB_DEVICE/App/usbd_desc.c.obj
 .text.USBD_FS_SerialStrDescriptor
                0x000000000800ef10       0x14 CMakeFiles/Autobot_basement1_0.elf.dir/USB_DEVICE/App/usbd_desc.c.obj
                0x000000000800ef10                USBD_FS_SerialStrDescriptor
 .text.USBD_FS_ProductStrDescriptor
                0x000000000800ef24       0x24 CMakeFiles/Autobot_basement1_0.elf.dir/USB_DEVICE/App/usbd_desc.c.obj
                0x000000000800ef24                USBD_FS_ProductStrDescriptor
 .text.USBD_FS_ManufacturerStrDescriptor
                0x000000000800ef48       0x1c CMakeFiles/Autobot_basement1_0.elf.dir/USB_DEVICE/App/usbd_desc.c.obj
                0x000000000800ef48                USBD_FS_ManufacturerStrDescriptor
 .text.USBD_FS_ConfigStrDescriptor
                0x000000000800ef64       0x24 CMakeFiles/Autobot_basement1_0.elf.dir/USB_DEVICE/App/usbd_desc.c.obj
                0x000000000800ef64                USBD_FS_ConfigStrDescriptor
 .text.USBD_FS_InterfaceStrDescriptor
                0x000000000800ef88       0x24 CMakeFiles/Autobot_basement1_0.elf.dir/USB_DEVICE/App/usbd_desc.c.obj
                0x000000000800ef88                USBD_FS_InterfaceStrDescriptor
 .text.HAL_PCD_MspInit
                0x000000000800efac       0x84 CMakeFiles/Autobot_basement1_0.elf.dir/USB_DEVICE/Target/usbd_conf.c.obj
                0x000000000800efac                HAL_PCD_MspInit
 .text.HAL_PCD_SetupStageCallback
                0x000000000800f030       0x10 CMakeFiles/Autobot_basement1_0.elf.dir/USB_DEVICE/Target/usbd_conf.c.obj
                0x000000000800f030                HAL_PCD_SetupStageCallback
 .text.HAL_PCD_DataOutStageCallback
                0x000000000800f040       0x18 CMakeFiles/Autobot_basement1_0.elf.dir/USB_DEVICE/Target/usbd_conf.c.obj
                0x000000000800f040                HAL_PCD_DataOutStageCallback
 .text.HAL_PCD_DataInStageCallback
                0x000000000800f058       0x16 CMakeFiles/Autobot_basement1_0.elf.dir/USB_DEVICE/Target/usbd_conf.c.obj
                0x000000000800f058                HAL_PCD_DataInStageCallback
 .text.HAL_PCD_SOFCallback
                0x000000000800f06e        0xc CMakeFiles/Autobot_basement1_0.elf.dir/USB_DEVICE/Target/usbd_conf.c.obj
                0x000000000800f06e                HAL_PCD_SOFCallback
 .text.HAL_PCD_ResetCallback
                0x000000000800f07a       0x2c CMakeFiles/Autobot_basement1_0.elf.dir/USB_DEVICE/Target/usbd_conf.c.obj
                0x000000000800f07a                HAL_PCD_ResetCallback
 *fill*         0x000000000800f0a6        0x2 
 .text.HAL_PCD_SuspendCallback
                0x000000000800f0a8       0x30 CMakeFiles/Autobot_basement1_0.elf.dir/USB_DEVICE/Target/usbd_conf.c.obj
                0x000000000800f0a8                HAL_PCD_SuspendCallback
 .text.HAL_PCD_ResumeCallback
                0x000000000800f0d8        0xc CMakeFiles/Autobot_basement1_0.elf.dir/USB_DEVICE/Target/usbd_conf.c.obj
                0x000000000800f0d8                HAL_PCD_ResumeCallback
 .text.HAL_PCD_ISOOUTIncompleteCallback
                0x000000000800f0e4        0xc CMakeFiles/Autobot_basement1_0.elf.dir/USB_DEVICE/Target/usbd_conf.c.obj
                0x000000000800f0e4                HAL_PCD_ISOOUTIncompleteCallback
 .text.HAL_PCD_ISOINIncompleteCallback
                0x000000000800f0f0        0xc CMakeFiles/Autobot_basement1_0.elf.dir/USB_DEVICE/Target/usbd_conf.c.obj
                0x000000000800f0f0                HAL_PCD_ISOINIncompleteCallback
 .text.HAL_PCD_ConnectCallback
                0x000000000800f0fc        0xc CMakeFiles/Autobot_basement1_0.elf.dir/USB_DEVICE/Target/usbd_conf.c.obj
                0x000000000800f0fc                HAL_PCD_ConnectCallback
 .text.HAL_PCD_DisconnectCallback
                0x000000000800f108        0xc CMakeFiles/Autobot_basement1_0.elf.dir/USB_DEVICE/Target/usbd_conf.c.obj
                0x000000000800f108                HAL_PCD_DisconnectCallback
 .text.USBD_LL_Init
                0x000000000800f114       0x68 CMakeFiles/Autobot_basement1_0.elf.dir/USB_DEVICE/Target/usbd_conf.c.obj
                0x000000000800f114                USBD_LL_Init
 .text.USBD_LL_IsStallEP
                0x000000000800f17c       0x2e CMakeFiles/Autobot_basement1_0.elf.dir/USB_DEVICE/Target/usbd_conf.c.obj
                0x000000000800f17c                USBD_LL_IsStallEP
 .text.USBD_LL_GetRxDataSize
                0x000000000800f1aa        0xc CMakeFiles/Autobot_basement1_0.elf.dir/USB_DEVICE/Target/usbd_conf.c.obj
                0x000000000800f1aa                USBD_LL_GetRxDataSize
 *fill*         0x000000000800f1b6        0x2 
 .text.USBD_static_malloc
                0x000000000800f1b8        0x8 CMakeFiles/Autobot_basement1_0.elf.dir/USB_DEVICE/Target/usbd_conf.c.obj
                0x000000000800f1b8                USBD_static_malloc
 .text.USBD_static_free
                0x000000000800f1c0        0x2 CMakeFiles/Autobot_basement1_0.elf.dir/USB_DEVICE/Target/usbd_conf.c.obj
                0x000000000800f1c0                USBD_static_free
 .text.USBD_Get_USB_Status
                0x000000000800f1c2       0x14 CMakeFiles/Autobot_basement1_0.elf.dir/USB_DEVICE/Target/usbd_conf.c.obj
                0x000000000800f1c2                USBD_Get_USB_Status
 .text.USBD_LL_Start
                0x000000000800f1d6       0x10 CMakeFiles/Autobot_basement1_0.elf.dir/USB_DEVICE/Target/usbd_conf.c.obj
                0x000000000800f1d6                USBD_LL_Start
 .text.USBD_LL_OpenEP
                0x000000000800f1e6       0x16 CMakeFiles/Autobot_basement1_0.elf.dir/USB_DEVICE/Target/usbd_conf.c.obj
                0x000000000800f1e6                USBD_LL_OpenEP
 .text.USBD_LL_CloseEP
                0x000000000800f1fc       0x10 CMakeFiles/Autobot_basement1_0.elf.dir/USB_DEVICE/Target/usbd_conf.c.obj
                0x000000000800f1fc                USBD_LL_CloseEP
 .text.USBD_LL_StallEP
                0x000000000800f20c       0x10 CMakeFiles/Autobot_basement1_0.elf.dir/USB_DEVICE/Target/usbd_conf.c.obj
                0x000000000800f20c                USBD_LL_StallEP
 .text.USBD_LL_ClearStallEP
                0x000000000800f21c       0x10 CMakeFiles/Autobot_basement1_0.elf.dir/USB_DEVICE/Target/usbd_conf.c.obj
                0x000000000800f21c                USBD_LL_ClearStallEP
 .text.USBD_LL_SetUSBAddress
                0x000000000800f22c       0x10 CMakeFiles/Autobot_basement1_0.elf.dir/USB_DEVICE/Target/usbd_conf.c.obj
                0x000000000800f22c                USBD_LL_SetUSBAddress
 .text.USBD_LL_Transmit
                0x000000000800f23c       0x10 CMakeFiles/Autobot_basement1_0.elf.dir/USB_DEVICE/Target/usbd_conf.c.obj
                0x000000000800f23c                USBD_LL_Transmit
 .text.USBD_LL_PrepareReceive
                0x000000000800f24c       0x10 CMakeFiles/Autobot_basement1_0.elf.dir/USB_DEVICE/Target/usbd_conf.c.obj
                0x000000000800f24c                USBD_LL_PrepareReceive
 .text.Reset_Handler
                0x000000000800f25c       0x50 CMakeFiles/Autobot_basement1_0.elf.dir/startup/startup_stm32f407xx.s.obj
                0x000000000800f25c                Reset_Handler
 .text.Default_Handler
                0x000000000800f2ac        0x2 CMakeFiles/Autobot_basement1_0.elf.dir/startup/startup_stm32f407xx.s.obj
                0x000000000800f2ac                RTC_Alarm_IRQHandler
                0x000000000800f2ac                HASH_RNG_IRQHandler
                0x000000000800f2ac                EXTI2_IRQHandler
                0x000000000800f2ac                TIM8_CC_IRQHandler
                0x000000000800f2ac                TIM1_CC_IRQHandler
                0x000000000800f2ac                DMA2_Stream5_IRQHandler
                0x000000000800f2ac                PVD_IRQHandler
                0x000000000800f2ac                SDIO_IRQHandler
                0x000000000800f2ac                TAMP_STAMP_IRQHandler
                0x000000000800f2ac                CAN2_RX1_IRQHandler
                0x000000000800f2ac                EXTI3_IRQHandler
                0x000000000800f2ac                TIM1_UP_TIM10_IRQHandler
                0x000000000800f2ac                TIM8_UP_TIM13_IRQHandler
                0x000000000800f2ac                I2C3_ER_IRQHandler
                0x000000000800f2ac                EXTI0_IRQHandler
                0x000000000800f2ac                I2C2_EV_IRQHandler
                0x000000000800f2ac                DMA1_Stream2_IRQHandler
                0x000000000800f2ac                CAN1_RX0_IRQHandler
                0x000000000800f2ac                FPU_IRQHandler
                0x000000000800f2ac                OTG_HS_WKUP_IRQHandler
                0x000000000800f2ac                CAN2_SCE_IRQHandler
                0x000000000800f2ac                DMA2_Stream2_IRQHandler
                0x000000000800f2ac                SPI1_IRQHandler
                0x000000000800f2ac                TIM6_DAC_IRQHandler
                0x000000000800f2ac                TIM1_BRK_TIM9_IRQHandler
                0x000000000800f2ac                DCMI_IRQHandler
                0x000000000800f2ac                CAN2_RX0_IRQHandler
                0x000000000800f2ac                DMA2_Stream3_IRQHandler
                0x000000000800f2ac                USART6_IRQHandler
                0x000000000800f2ac                CAN1_RX1_IRQHandler
                0x000000000800f2ac                UART5_IRQHandler
                0x000000000800f2ac                DMA2_Stream0_IRQHandler
                0x000000000800f2ac                TIM4_IRQHandler
                0x000000000800f2ac                I2C1_EV_IRQHandler
                0x000000000800f2ac                UART4_IRQHandler
                0x000000000800f2ac                TIM3_IRQHandler
                0x000000000800f2ac                RCC_IRQHandler
                0x000000000800f2ac                TIM8_BRK_TIM12_IRQHandler
                0x000000000800f2ac                Default_Handler
                0x000000000800f2ac                EXTI15_10_IRQHandler
                0x000000000800f2ac                ADC_IRQHandler
                0x000000000800f2ac                DMA1_Stream7_IRQHandler
                0x000000000800f2ac                TIM7_IRQHandler
                0x000000000800f2ac                CAN2_TX_IRQHandler
                0x000000000800f2ac                TIM5_IRQHandler
                0x000000000800f2ac                DMA2_Stream7_IRQHandler
                0x000000000800f2ac                I2C3_EV_IRQHandler
                0x000000000800f2ac                EXTI9_5_IRQHandler
                0x000000000800f2ac                RTC_WKUP_IRQHandler
                0x000000000800f2ac                ETH_WKUP_IRQHandler
                0x000000000800f2ac                SPI2_IRQHandler
                0x000000000800f2ac                OTG_HS_EP1_IN_IRQHandler
                0x000000000800f2ac                DMA1_Stream0_IRQHandler
                0x000000000800f2ac                CAN1_TX_IRQHandler
                0x000000000800f2ac                EXTI4_IRQHandler
                0x000000000800f2ac                FSMC_IRQHandler
                0x000000000800f2ac                ETH_IRQHandler
                0x000000000800f2ac                OTG_HS_EP1_OUT_IRQHandler
                0x000000000800f2ac                WWDG_IRQHandler
                0x000000000800f2ac                TIM2_IRQHandler
                0x000000000800f2ac                OTG_FS_WKUP_IRQHandler
                0x000000000800f2ac                TIM1_TRG_COM_TIM11_IRQHandler
                0x000000000800f2ac                OTG_HS_IRQHandler
                0x000000000800f2ac                EXTI1_IRQHandler
                0x000000000800f2ac                I2C2_ER_IRQHandler
                0x000000000800f2ac                DMA2_Stream1_IRQHandler
                0x000000000800f2ac                CAN1_SCE_IRQHandler
                0x000000000800f2ac                FLASH_IRQHandler
                0x000000000800f2ac                DMA2_Stream4_IRQHandler
                0x000000000800f2ac                USART1_IRQHandler
                0x000000000800f2ac                SPI3_IRQHandler
                0x000000000800f2ac                DMA1_Stream4_IRQHandler
                0x000000000800f2ac                I2C1_ER_IRQHandler
                0x000000000800f2ac                DMA2_Stream6_IRQHandler
 *fill*         0x000000000800f2ae        0x2 
 .text._ZNK10__cxxabiv117__class_type_info11__do_upcastEPKS0_PPv
                0x000000000800f2b0       0x34 /home/dream/02-software/006-gcc-arm-none-eabi/bin/../lib/gcc/arm-none-eabi/10.3.1/../../../../arm-none-eabi/lib/thumb/v7e-m+fp/hard/libstdc++.a(class_type_info.o)
                0x000000000800f2b0                __cxxabiv1::__class_type_info::__do_upcast(__cxxabiv1::__class_type_info const*, void**) const
 .text._ZNK10__cxxabiv117__class_type_info20__do_find_public_srcEiPKvPKS0_S2_
                0x000000000800f2e4        0xc /home/dream/02-software/006-gcc-arm-none-eabi/bin/../lib/gcc/arm-none-eabi/10.3.1/../../../../arm-none-eabi/lib/thumb/v7e-m+fp/hard/libstdc++.a(class_type_info.o)
                0x000000000800f2e4                __cxxabiv1::__class_type_info::__do_find_public_src(int, void const*, __cxxabiv1::__class_type_info const*, void const*) const
 .text._ZN10__cxxabiv117__class_type_infoD2Ev
                0x000000000800f2f0       0x14 /home/dream/02-software/006-gcc-arm-none-eabi/bin/../lib/gcc/arm-none-eabi/10.3.1/../../../../arm-none-eabi/lib/thumb/v7e-m+fp/hard/libstdc++.a(class_type_info.o)
                0x000000000800f2f0                __cxxabiv1::__class_type_info::~__class_type_info()
                0x000000000800f2f0                __cxxabiv1::__class_type_info::~__class_type_info()
 .text._ZN10__cxxabiv117__class_type_infoD0Ev