Archive member included to satisfy reference by file (symbol)

d:/053-gcc-arm-none-eabi/bin/../lib/gcc/arm-none-eabi/10.2.1/thumb/v7e-m+fp/hard\libgcc.a(_arm_muldf3.o)
                              CMakeFiles/Autobot_basement1_0.elf.dir/Core/stm32Library/algorithm.c.obj (__aeabi_dmul)
d:/053-gcc-arm-none-eabi/bin/../lib/gcc/arm-none-eabi/10.2.1/thumb/v7e-m+fp/hard\libgcc.a(_arm_addsubdf3.o)
                              CMakeFiles/Autobot_basement1_0.elf.dir/Core/stm32Library/algorithm.c.obj (__aeabi_dsub)
d:/053-gcc-arm-none-eabi/bin/../lib/gcc/arm-none-eabi/10.2.1/thumb/v7e-m+fp/hard\libgcc.a(_arm_fixdfsi.o)
                              CMakeFiles/Autobot_basement1_0.elf.dir/Core/stm32Library/algorithm.c.obj (__aeabi_d2iz)
d:/053-gcc-arm-none-eabi/bin/../lib/gcc/arm-none-eabi/10.2.1/thumb/v7e-m+fp/hard\libgcc.a(_aeabi_uldivmod.o)
                              CMakeFiles/Autobot_basement1_0.elf.dir/Drivers/STM32F4xx_HAL_Driver/Src/stm32f4xx_hal_rcc.c.obj (__aeabi_uldivmod)
d:/053-gcc-arm-none-eabi/bin/../lib/gcc/arm-none-eabi/10.2.1/thumb/v7e-m+fp/hard\libgcc.a(_udivmoddi4.o)
                              d:/053-gcc-arm-none-eabi/bin/../lib/gcc/arm-none-eabi/10.2.1/thumb/v7e-m+fp/hard\libgcc.a(_aeabi_uldivmod.o) (__udivmoddi4)
d:/053-gcc-arm-none-eabi/bin/../lib/gcc/arm-none-eabi/10.2.1/thumb/v7e-m+fp/hard\libgcc.a(_dvmd_tls.o)
                              d:/053-gcc-arm-none-eabi/bin/../lib/gcc/arm-none-eabi/10.2.1/thumb/v7e-m+fp/hard\libgcc.a(_aeabi_uldivmod.o) (__aeabi_ldiv0)
d:/053-gcc-arm-none-eabi/bin/../lib/gcc/arm-none-eabi/10.2.1/../../../../arm-none-eabi/lib/thumb/v7e-m+fp/hard\libg.a(lib_a-errno.o)
                              CMakeFiles/Autobot_basement1_0.elf.dir/Core/Src/syscalls.c.obj (__errno)
d:/053-gcc-arm-none-eabi/bin/../lib/gcc/arm-none-eabi/10.2.1/../../../../arm-none-eabi/lib/thumb/v7e-m+fp/hard\libg.a(lib_a-exit.o)
                              d:/053-gcc-arm-none-eabi/bin/../lib/gcc/arm-none-eabi/10.2.1/../../../../arm-none-eabi/lib/thumb/v7e-m+fp/hard/crt0.o (exit)
d:/053-gcc-arm-none-eabi/bin/../lib/gcc/arm-none-eabi/10.2.1/../../../../arm-none-eabi/lib/thumb/v7e-m+fp/hard\libg.a(lib_a-impure.o)
                              d:/053-gcc-arm-none-eabi/bin/../lib/gcc/arm-none-eabi/10.2.1/../../../../arm-none-eabi/lib/thumb/v7e-m+fp/hard\libg.a(lib_a-exit.o) (_global_impure_ptr)
d:/053-gcc-arm-none-eabi/bin/../lib/gcc/arm-none-eabi/10.2.1/../../../../arm-none-eabi/lib/thumb/v7e-m+fp/hard\libg.a(lib_a-init.o)
                              d:/053-gcc-arm-none-eabi/bin/../lib/gcc/arm-none-eabi/10.2.1/../../../../arm-none-eabi/lib/thumb/v7e-m+fp/hard/crt0.o (__libc_init_array)
d:/053-gcc-arm-none-eabi/bin/../lib/gcc/arm-none-eabi/10.2.1/../../../../arm-none-eabi/lib/thumb/v7e-m+fp/hard\libg.a(lib_a-memcpy.o)
                              CMakeFiles/Autobot_basement1_0.elf.dir/Middlewares/Third_Party/FreeRTOS/Source/queue.c.obj (memcpy)
d:/053-gcc-arm-none-eabi/bin/../lib/gcc/arm-none-eabi/10.2.1/../../../../arm-none-eabi/lib/thumb/v7e-m+fp/hard\libg.a(lib_a-memset.o)
                              d:/053-gcc-arm-none-eabi/bin/../lib/gcc/arm-none-eabi/10.2.1/../../../../arm-none-eabi/lib/thumb/v7e-m+fp/hard/crt0.o (memset)
d:/053-gcc-arm-none-eabi/bin/../lib/gcc/arm-none-eabi/10.2.1/../../../../arm-none-eabi/lib/thumb/v7e-m+fp/hard\libg.a(lib_a-__call_atexit.o)
                              d:/053-gcc-arm-none-eabi/bin/../lib/gcc/arm-none-eabi/10.2.1/../../../../arm-none-eabi/lib/thumb/v7e-m+fp/hard\libg.a(lib_a-exit.o) (__call_exitprocs)
d:/053-gcc-arm-none-eabi/bin/../lib/gcc/arm-none-eabi/10.2.1/../../../../arm-none-eabi/lib/thumb/v7e-m+fp/hard\libg.a(lib_a-atexit.o)
                              d:/053-gcc-arm-none-eabi/bin/../lib/gcc/arm-none-eabi/10.2.1/../../../../arm-none-eabi/lib/thumb/v7e-m+fp/hard\libg.a(lib_a-__call_atexit.o) (atexit)
d:/053-gcc-arm-none-eabi/bin/../lib/gcc/arm-none-eabi/10.2.1/../../../../arm-none-eabi/lib/thumb/v7e-m+fp/hard\libg.a(lib_a-fini.o)
                              d:/053-gcc-arm-none-eabi/bin/../lib/gcc/arm-none-eabi/10.2.1/../../../../arm-none-eabi/lib/thumb/v7e-m+fp/hard\libg.a(lib_a-__call_atexit.o) (__libc_fini_array)
d:/053-gcc-arm-none-eabi/bin/../lib/gcc/arm-none-eabi/10.2.1/../../../../arm-none-eabi/lib/thumb/v7e-m+fp/hard\libg.a(lib_a-lock.o)
                              d:/053-gcc-arm-none-eabi/bin/../lib/gcc/arm-none-eabi/10.2.1/../../../../arm-none-eabi/lib/thumb/v7e-m+fp/hard\libg.a(lib_a-__call_atexit.o) (__retarget_lock_acquire_recursive)
d:/053-gcc-arm-none-eabi/bin/../lib/gcc/arm-none-eabi/10.2.1/../../../../arm-none-eabi/lib/thumb/v7e-m+fp/hard\libg.a(lib_a-__atexit.o)
                              d:/053-gcc-arm-none-eabi/bin/../lib/gcc/arm-none-eabi/10.2.1/../../../../arm-none-eabi/lib/thumb/v7e-m+fp/hard\libg.a(lib_a-atexit.o) (__register_exitproc)

Discarded input sections

 .text          0x00000000        0x0 d:/053-gcc-arm-none-eabi/bin/../lib/gcc/arm-none-eabi/10.2.1/thumb/v7e-m+fp/hard/crti.o
[...]
Memory Configuration

Name             Origin             Length             Attributes
RAM              0x20000000         0x00020000         xrw
CCMRAM           0x10000000         0x00010000         xrw
FLASH            0x08000000         0x00100000         xr
*default*        0x00000000         0xffffffff

Linker script and memory map

LOAD d:/053-gcc-arm-none-eabi/bin/../lib/gcc/arm-none-eabi/10.2.1/thumb/v7e-m+fp/hard/crti.o
LOAD d:/053-gcc-arm-none-eabi/bin/../lib/gcc/arm-none-eabi/10.2.1/thumb/v7e-m+fp/hard/crtbegin.o
LOAD d:/053-gcc-arm-none-eabi/bin/../lib/gcc/arm-none-eabi/10.2.1/../../../../arm-none-eabi/lib/thumb/v7e-m+fp/hard/crt0.o
LOAD CMakeFiles/Autobot_basement1_0.elf.dir/Core/Src/freertos.c.obj
LOAD CMakeFiles/Autobot_basement1_0.elf.dir/Core/Src/main.c.obj
LOAD CMakeFiles/Autobot_basement1_0.elf.dir/Core/Src/stm32f4xx_hal_msp.c.obj
LOAD CMakeFiles/Autobot_basement1_0.elf.dir/Core/Src/stm32f4xx_hal_timebase_tim.c.obj
LOAD CMakeFiles/Autobot_basement1_0.elf.dir/Core/Src/stm32f4xx_it.c.obj
LOAD CMakeFiles/Autobot_basement1_0.elf.dir/Core/Src/syscalls.c.obj
LOAD CMakeFiles/Autobot_basement1_0.elf.dir/Core/Src/system_stm32f4xx.c.obj
LOAD CMakeFiles/Autobot_basement1_0.elf.dir/Core/stm32Library/Arena.c.obj
LOAD CMakeFiles/Autobot_basement1_0.elf.dir/Core/stm32Library/algorithm.c.obj
LOAD CMakeFiles/Autobot_basement1_0.elf.dir/Core/stm32Library/communication.c.obj
LOAD CMakeFiles/Autobot_basement1_0.elf.dir/Core/stm32Library/macro.c.obj
LOAD CMakeFiles/Autobot_basement1_0.elf.dir/Core/stm32Library/motorControl.c.obj
LOAD CMakeFiles/Autobot_basement1_0.elf.dir/Core/stm32Library/oled.c.obj
LOAD CMakeFiles/Autobot_basement1_0.elf.dir/Drivers/STM32F4xx_HAL_Driver/Src/stm32f4xx_hal.c.obj
LOAD CMakeFiles/Autobot_basement1_0.elf.dir/Drivers/STM32F4xx_HAL_Driver/Src/stm32f4xx_hal_cortex.c.obj
LOAD CMakeFiles/Autobot_basement1_0.elf.dir/Drivers/STM32F4xx_HAL_Driver/Src/stm32f4xx_hal_dma.c.obj
LOAD CMakeFiles/Autobot_basement1_0.elf.dir/Drivers/STM32F4xx_HAL_Driver/Src/stm32f4xx_hal_dma_ex.c.obj
LOAD CMakeFiles/Autobot_basement1_0.elf.dir/Drivers/STM32F4xx_HAL_Driver/Src/stm32f4xx_hal_exti.c.obj
LOAD CMakeFiles/Autobot_basement1_0.elf.dir/Drivers/STM32F4xx_HAL_Driver/Src/stm32f4xx_hal_flash.c.obj
LOAD CMakeFiles/Autobot_basement1_0.elf.dir/Drivers/STM32F4xx_HAL_Driver/Src/stm32f4xx_hal_flash_ex.c.obj
LOAD CMakeFiles/Autobot_basement1_0.elf.dir/Drivers/STM32F4xx_HAL_Driver/Src/stm32f4xx_hal_flash_ramfunc.c.obj
LOAD CMakeFiles/Autobot_basement1_0.elf.dir/Drivers/STM32F4xx_HAL_Driver/Src/stm32f4xx_hal_gpio.c.obj
LOAD CMakeFiles/Autobot_basement1_0.elf.dir/Drivers/STM32F4xx_HAL_Driver/Src/stm32f4xx_hal_pcd.c.obj
LOAD CMakeFiles/Autobot_basement1_0.elf.dir/Drivers/STM32F4xx_HAL_Driver/Src/stm32f4xx_hal_pcd_ex.c.obj
LOAD CMakeFiles/Autobot_basement1_0.elf.dir/Drivers/STM32F4xx_HAL_Driver/Src/stm32f4xx_hal_pwr.c.obj
LOAD CMakeFiles/Autobot_basement1_0.elf.dir/Drivers/STM32F4xx_HAL_Driver/Src/stm32f4xx_hal_pwr_ex.c.obj
LOAD CMakeFiles/Autobot_basement1_0.elf.dir/Drivers/STM32F4xx_HAL_Driver/Src/stm32f4xx_hal_rcc.c.obj
LOAD CMakeFiles/Autobot_basement1_0.elf.dir/Drivers/STM32F4xx_HAL_Driver/Src/stm32f4xx_hal_rcc_ex.c.obj
LOAD CMakeFiles/Autobot_basement1_0.elf.dir/Drivers/STM32F4xx_HAL_Driver/Src/stm32f4xx_hal_tim.c.obj
LOAD CMakeFiles/Autobot_basement1_0.elf.dir/Drivers/STM32F4xx_HAL_Driver/Src/stm32f4xx_hal_tim_ex.c.obj
LOAD CMakeFiles/Autobot_basement1_0.elf.dir/Drivers/STM32F4xx_HAL_Driver/Src/stm32f4xx_hal_uart.c.obj
LOAD CMakeFiles/Autobot_basement1_0.elf.dir/Drivers/STM32F4xx_HAL_Driver/Src/stm32f4xx_ll_usb.c.obj
LOAD CMakeFiles/Autobot_basement1_0.elf.dir/Middlewares/ST/STM32_USB_Device_Library/Class/CDC/Src/usbd_cdc.c.obj
LOAD CMakeFiles/Autobot_basement1_0.elf.dir/Middlewares/ST/STM32_USB_Device_Library/Core/Src/usbd_core.c.obj
LOAD CMakeFiles/Autobot_basement1_0.elf.dir/Middlewares/ST/STM32_USB_Device_Library/Core/Src/usbd_ctlreq.c.obj
LOAD CMakeFiles/Autobot_basement1_0.elf.dir/Middlewares/ST/STM32_USB_Device_Library/Core/Src/usbd_ioreq.c.obj
LOAD CMakeFiles/Autobot_basement1_0.elf.dir/Middlewares/Third_Party/FreeRTOS/Source/CMSIS_RTOS/cmsis_os.c.obj
LOAD CMakeFiles/Autobot_basement1_0.elf.dir/Middlewares/Third_Party/FreeRTOS/Source/croutine.c.obj
LOAD CMakeFiles/Autobot_basement1_0.elf.dir/Middlewares/Third_Party/FreeRTOS/Source/event_groups.c.obj
LOAD CMakeFiles/Autobot_basement1_0.elf.dir/Middlewares/Third_Party/FreeRTOS/Source/list.c.obj
LOAD CMakeFiles/Autobot_basement1_0.elf.dir/Middlewares/Third_Party/FreeRTOS/Source/portable/GCC/ARM_CM4F/port.c.obj
LOAD CMakeFiles/Autobot_basement1_0.elf.dir/Middlewares/Third_Party/FreeRTOS/Source/portable/MemMang/heap_4.c.obj
LOAD CMakeFiles/Autobot_basement1_0.elf.dir/Middlewares/Third_Party/FreeRTOS/Source/queue.c.obj
LOAD CMakeFiles/Autobot_basement1_0.elf.dir/Middlewares/Third_Party/FreeRTOS/Source/stream_buffer.c.obj
LOAD CMakeFiles/Autobot_basement1_0.elf.dir/Middlewares/Third_Party/FreeRTOS/Source/tasks.c.obj
LOAD CMakeFiles/Autobot_basement1_0.elf.dir/Middlewares/Third_Party/FreeRTOS/Source/timers.c.obj
LOAD CMakeFiles/Autobot_basement1_0.elf.dir/USB_DEVICE/App/usb_device.c.obj
LOAD CMakeFiles/Autobot_basement1_0.elf.dir/USB_DEVICE/App/usbd_cdc_if.c.obj
LOAD CMakeFiles/Autobot_basement1_0.elf.dir/USB_DEVICE/App/usbd_desc.c.obj
LOAD CMakeFiles/Autobot_basement1_0.elf.dir/USB_DEVICE/Target/usbd_conf.c.obj
LOAD CMakeFiles/Autobot_basement1_0.elf.dir/startup/startup_stm32f407xx.s.obj
START GROUP
LOAD d:/053-gcc-arm-none-eabi/bin/../lib/gcc/arm-none-eabi/10.2.1/thumb/v7e-m+fp/hard\libgcc.a
LOAD d:/053-gcc-arm-none-eabi/bin/../lib/gcc/arm-none-eabi/10.2.1/../../../../arm-none-eabi/lib/thumb/v7e-m+fp/hard\libg.a
LOAD d:/053-gcc-arm-none-eabi/bin/../lib/gcc/arm-none-eabi/10.2.1/../../../../arm-none-eabi/lib/thumb/v7e-m+fp/hard\libc.a
END GROUP
LOAD d:/053-gcc-arm-none-eabi/bin/../lib/gcc/arm-none-eabi/10.2.1/thumb/v7e-m+fp/hard/crtend.o
LOAD d:/053-gcc-arm-none-eabi/bin/../lib/gcc/arm-none-eabi/10.2.1/thumb/v7e-m+fp/hard/crtn.o
                0x20020000                _estack = 0x20020000
                0x00000200                _Min_Heap_Size = 0x200
                0x00000400                _Min_Stack_Size = 0x400

.isr_vector     0x08000000      0x188
                0x08000000                . = ALIGN (0x4)
 *(.isr_vector)
 .isr_vector    0x08000000      0x188 CMakeFiles/Autobot_basement1_0.elf.dir/startup/startup_stm32f407xx.s.obj
                0x08000000                g_pfnVectors
                0x08000188                . = ALIGN (0x4)

.text           0x08000190     0x4e7c
                0x08000190                . = ALIGN (0x4)
 *(.text)
 .text          0x08000190       0x40 d:/053-gcc-arm-none-eabi/bin/../lib/gcc/arm-none-eabi/10.2.1/thumb/v7e-m+fp/hard/crtbegin.o
 .text          0x080001d0       0x30 d:/053-gcc-arm-none-eabi/bin/../lib/gcc/arm-none-eabi/10.2.1/thumb/v7e-m+fp/hard\libgcc.a(_aeabi_uldivmod.o)
                0x080001d0                __aeabi_uldivmod
 .text          0x08000200      0x2d0 d:/053-gcc-arm-none-eabi/bin/../lib/gcc/arm-none-eabi/10.2.1/thumb/v7e-m+fp/hard\libgcc.a(_udivmoddi4.o)
                0x08000200                __udivmoddi4
 .text          0x080004d0        0x4 d:/053-gcc-arm-none-eabi/bin/../lib/gcc/arm-none-eabi/10.2.1/thumb/v7e-m+fp/hard\libgcc.a(_dvmd_tls.o)
                0x080004d0                __aeabi_idiv0
                0x080004d0                __aeabi_ldiv0
 *(.text*)
 .text.vApplicationGetIdleTaskMemory
                0x080004d4       0x18 CMakeFiles/Autobot_basement1_0.elf.dir/Core/Src/freertos.c.obj
                0x080004d4                vApplicationGetIdleTaskMemory
 .text.MX_GPIO_Init
                0x080004ec       0x68 CMakeFiles/Autobot_basement1_0.elf.dir/Core/Src/main.c.obj
 .text.StartDefaultTask
                0x08000554       0x1c CMakeFiles/Autobot_basement1_0.elf.dir/Core/Src/main.c.obj
                0x08000554                StartDefaultTask
 .text.HAL_TIM_PeriodElapsedCallback
                0x08000570       0x18 CMakeFiles/Autobot_basement1_0.elf.dir/Core/Src/main.c.obj
                0x08000570                HAL_TIM_PeriodElapsedCallback
 .text.Error_Handler
                0x08000588        0x4 CMakeFiles/Autobot_basement1_0.elf.dir/Core/Src/main.c.obj
                0x08000588                Error_Handler
 .text.MX_USART1_UART_Init
                0x0800058c       0x34 CMakeFiles/Autobot_basement1_0.elf.dir/Core/Src/main.c.obj
 .text.SystemClock_Config
                0x080005c0       0xa8 CMakeFiles/Autobot_basement1_0.elf.dir/Core/Src/main.c.obj
                0x080005c0                SystemClock_Config
 .text.main     0x08000668       0x44 CMakeFiles/Autobot_basement1_0.elf.dir/Core/Src/main.c.obj
                0x08000668                main
 .text.HAL_MspInit
                0x080006ac       0x44 CMakeFiles/Autobot_basement1_0.elf.dir/Core/Src/stm32f4xx_hal_msp.c.obj
                0x080006ac                HAL_MspInit
 .text.HAL_UART_MspInit
                0x080006f0       0x74 CMakeFiles/Autobot_basement1_0.elf.dir/Core/Src/stm32f4xx_hal_msp.c.obj
                0x080006f0                HAL_UART_MspInit
 .text.HAL_InitTick
                0x08000764       0x7c CMakeFiles/Autobot_basement1_0.elf.dir/Core/Src/stm32f4xx_hal_timebase_tim.c.obj
                0x08000764                HAL_InitTick
 .text.NMI_Handler
                0x080007e0        0x2 CMakeFiles/Autobot_basement1_0.elf.dir/Core/Src/stm32f4xx_it.c.obj
                0x080007e0                NMI_Handler
 .text.HardFault_Handler
                0x080007e2        0x2 CMakeFiles/Autobot_basement1_0.elf.dir/Core/Src/stm32f4xx_it.c.obj
                0x080007e2                HardFault_Handler
 .text.MemManage_Handler
                0x080007e4        0x2 CMakeFiles/Autobot_basement1_0.elf.dir/Core/Src/stm32f4xx_it.c.obj
                0x080007e4                MemManage_Handler
 .text.BusFault_Handler
                0x080007e6        0x2 CMakeFiles/Autobot_basement1_0.elf.dir/Core/Src/stm32f4xx_it.c.obj
                0x080007e6                BusFault_Handler
 .text.UsageFault_Handler
                0x080007e8        0x2 CMakeFiles/Autobot_basement1_0.elf.dir/Core/Src/stm32f4xx_it.c.obj
                0x080007e8                UsageFault_Handler
 .text.DebugMon_Handler
                0x080007ea        0x2 CMakeFiles/Autobot_basement1_0.elf.dir/Core/Src/stm32f4xx_it.c.obj
                0x080007ea                DebugMon_Handler
 .text.TIM8_TRG_COM_TIM14_IRQHandler
                0x080007ec       0x10 CMakeFiles/Autobot_basement1_0.elf.dir/Core/Src/stm32f4xx_it.c.obj
                0x080007ec                TIM8_TRG_COM_TIM14_IRQHandler
 .text.OTG_FS_IRQHandler
                0x080007fc       0x10 CMakeFiles/Autobot_basement1_0.elf.dir/Core/Src/stm32f4xx_it.c.obj
                0x080007fc                OTG_FS_IRQHandler
 .text.SystemInit
                0x0800080c       0x14 CMakeFiles/Autobot_basement1_0.elf.dir/Core/Src/system_stm32f4xx.c.obj
                0x0800080c                SystemInit
 .text.HAL_Init
                0x08000820       0x34 CMakeFiles/Autobot_basement1_0.elf.dir/Drivers/STM32F4xx_HAL_Driver/Src/stm32f4xx_hal.c.obj
                0x08000820                HAL_Init
 .text.HAL_IncTick
                0x08000854       0x18 CMakeFiles/Autobot_basement1_0.elf.dir/Drivers/STM32F4xx_HAL_Driver/Src/stm32f4xx_hal.c.obj
                0x08000854                HAL_IncTick
 .text.HAL_GetTick
                0x0800086c        0xc CMakeFiles/Autobot_basement1_0.elf.dir/Drivers/STM32F4xx_HAL_Driver/Src/stm32f4xx_hal.c.obj
                0x0800086c                HAL_GetTick
 .text.HAL_Delay
                0x08000878       0x28 CMakeFiles/Autobot_basement1_0.elf.dir/Drivers/STM32F4xx_HAL_Driver/Src/stm32f4xx_hal.c.obj
                0x08000878                HAL_Delay
 .text.HAL_NVIC_SetPriorityGrouping
                0x080008a0       0x24 CMakeFiles/Autobot_basement1_0.elf.dir/Drivers/STM32F4xx_HAL_Driver/Src/stm32f4xx_hal_cortex.c.obj
                0x080008a0                HAL_NVIC_SetPriorityGrouping
 .text.HAL_NVIC_SetPriority
                0x080008c4       0x70 CMakeFiles/Autobot_basement1_0.elf.dir/Drivers/STM32F4xx_HAL_Driver/Src/stm32f4xx_hal_cortex.c.obj
                0x080008c4                HAL_NVIC_SetPriority
 .text.HAL_NVIC_EnableIRQ
                0x08000934       0x1c CMakeFiles/Autobot_basement1_0.elf.dir/Drivers/STM32F4xx_HAL_Driver/Src/stm32f4xx_hal_cortex.c.obj
                0x08000934                HAL_NVIC_EnableIRQ
 .text.HAL_GPIO_Init
                0x08000950      0x1e4 CMakeFiles/Autobot_basement1_0.elf.dir/Drivers/STM32F4xx_HAL_Driver/Src/stm32f4xx_hal_gpio.c.obj
                0x08000950                HAL_GPIO_Init
 .text.HAL_GPIO_WritePin
                0x08000b34        0xc CMakeFiles/Autobot_basement1_0.elf.dir/Drivers/STM32F4xx_HAL_Driver/Src/stm32f4xx_hal_gpio.c.obj
                0x08000b34                HAL_GPIO_WritePin
 .text.HAL_GPIO_TogglePin
                0x08000b40       0x12 CMakeFiles/Autobot_basement1_0.elf.dir/Drivers/STM32F4xx_HAL_Driver/Src/stm32f4xx_hal_gpio.c.obj
                0x08000b40                HAL_GPIO_TogglePin
 .text.PCD_WriteEmptyTxFifo
                0x08000b52       0xd0 CMakeFiles/Autobot_basement1_0.elf.dir/Drivers/STM32F4xx_HAL_Driver/Src/stm32f4xx_hal_pcd.c.obj
 .text.HAL_PCD_Init
                0x08000c22      0x12e CMakeFiles/Autobot_basement1_0.elf.dir/Drivers/STM32F4xx_HAL_Driver/Src/stm32f4xx_hal_pcd.c.obj
                0x08000c22                HAL_PCD_Init
 .text.HAL_PCD_Start
                0x08000d50       0x42 CMakeFiles/Autobot_basement1_0.elf.dir/Drivers/STM32F4xx_HAL_Driver/Src/stm32f4xx_hal_pcd.c.obj
                0x08000d50                HAL_PCD_Start
 *fill*         0x08000d92        0x2 
 .text.PCD_EP_OutXfrComplete_int
                0x08000d94       0xf4 CMakeFiles/Autobot_basement1_0.elf.dir/Drivers/STM32F4xx_HAL_Driver/Src/stm32f4xx_hal_pcd.c.obj
 .text.PCD_EP_OutSetupPacket_int
                0x08000e88       0x50 CMakeFiles/Autobot_basement1_0.elf.dir/Drivers/STM32F4xx_HAL_Driver/Src/stm32f4xx_hal_pcd.c.obj
 .text.HAL_PCD_IRQHandler
                0x08000ed8      0x476 CMakeFiles/Autobot_basement1_0.elf.dir/Drivers/STM32F4xx_HAL_Driver/Src/stm32f4xx_hal_pcd.c.obj
                0x08000ed8                HAL_PCD_IRQHandler
 .text.HAL_PCD_SetAddress
                0x0800134e       0x28 CMakeFiles/Autobot_basement1_0.elf.dir/Drivers/STM32F4xx_HAL_Driver/Src/stm32f4xx_hal_pcd.c.obj
                0x0800134e                HAL_PCD_SetAddress
 .text.HAL_PCD_EP_Open
                0x08001376       0x8a CMakeFiles/Autobot_basement1_0.elf.dir/Drivers/STM32F4xx_HAL_Driver/Src/stm32f4xx_hal_pcd.c.obj
                0x08001376                HAL_PCD_EP_Open
 .text.HAL_PCD_EP_Close
                0x08001400       0x72 CMakeFiles/Autobot_basement1_0.elf.dir/Drivers/STM32F4xx_HAL_Driver/Src/stm32f4xx_hal_pcd.c.obj
                0x08001400                HAL_PCD_EP_Close
 .text.HAL_PCD_EP_Receive
                0x08001472       0x5e CMakeFiles/Autobot_basement1_0.elf.dir/Drivers/STM32F4xx_HAL_Driver/Src/stm32f4xx_hal_pcd.c.obj
                0x08001472                HAL_PCD_EP_Receive
 .text.HAL_PCD_EP_GetRxCount
                0x080014d0       0x12 CMakeFiles/Autobot_basement1_0.elf.dir/Drivers/STM32F4xx_HAL_Driver/Src/stm32f4xx_hal_pcd.c.obj
                0x080014d0                HAL_PCD_EP_GetRxCount
 .text.HAL_PCD_EP_Transmit
                0x080014e2       0x5e CMakeFiles/Autobot_basement1_0.elf.dir/Drivers/STM32F4xx_HAL_Driver/Src/stm32f4xx_hal_pcd.c.obj
                0x080014e2                HAL_PCD_EP_Transmit
 .text.HAL_PCD_EP_SetStall
                0x08001540       0x88 CMakeFiles/Autobot_basement1_0.elf.dir/Drivers/STM32F4xx_HAL_Driver/Src/stm32f4xx_hal_pcd.c.obj
                0x08001540                HAL_PCD_EP_SetStall
 .text.HAL_PCD_EP_ClrStall
                0x080015c8       0x76 CMakeFiles/Autobot_basement1_0.elf.dir/Drivers/STM32F4xx_HAL_Driver/Src/stm32f4xx_hal_pcd.c.obj
                0x080015c8                HAL_PCD_EP_ClrStall
 .text.HAL_PCDEx_SetTxFiFo
                0x0800163e       0x4c CMakeFiles/Autobot_basement1_0.elf.dir/Drivers/STM32F4xx_HAL_Driver/Src/stm32f4xx_hal_pcd_ex.c.obj
                0x0800163e                HAL_PCDEx_SetTxFiFo
 .text.HAL_PCDEx_SetRxFiFo
                0x0800168a        0x8 CMakeFiles/Autobot_basement1_0.elf.dir/Drivers/STM32F4xx_HAL_Driver/Src/stm32f4xx_hal_pcd_ex.c.obj
                0x0800168a                HAL_PCDEx_SetRxFiFo
 .text.HAL_PCDEx_LPM_Callback
                0x08001692        0x2 CMakeFiles/Autobot_basement1_0.elf.dir/Drivers/STM32F4xx_HAL_Driver/Src/stm32f4xx_hal_pcd_ex.c.obj
                0x08001692                HAL_PCDEx_LPM_Callback
 .text.HAL_RCC_OscConfig
                0x08001694      0x3f8 CMakeFiles/Autobot_basement1_0.elf.dir/Drivers/STM32F4xx_HAL_Driver/Src/stm32f4xx_hal_rcc.c.obj
                0x08001694                HAL_RCC_OscConfig
 .text.HAL_RCC_GetSysClockFreq
                0x08001a8c       0xd4 CMakeFiles/Autobot_basement1_0.elf.dir/Drivers/STM32F4xx_HAL_Driver/Src/stm32f4xx_hal_rcc.c.obj
                0x08001a8c                HAL_RCC_GetSysClockFreq
 .text.HAL_RCC_ClockConfig
                0x08001b60      0x160 CMakeFiles/Autobot_basement1_0.elf.dir/Drivers/STM32F4xx_HAL_Driver/Src/stm32f4xx_hal_rcc.c.obj
                0x08001b60                HAL_RCC_ClockConfig
 .text.HAL_RCC_GetHCLKFreq
                0x08001cc0        0xc CMakeFiles/Autobot_basement1_0.elf.dir/Drivers/STM32F4xx_HAL_Driver/Src/stm32f4xx_hal_rcc.c.obj
                0x08001cc0                HAL_RCC_GetHCLKFreq
 .text.HAL_RCC_GetPCLK1Freq
                0x08001ccc       0x20 CMakeFiles/Autobot_basement1_0.elf.dir/Drivers/STM32F4xx_HAL_Driver/Src/stm32f4xx_hal_rcc.c.obj
                0x08001ccc                HAL_RCC_GetPCLK1Freq
 .text.HAL_RCC_GetPCLK2Freq
                0x08001cec       0x20 CMakeFiles/Autobot_basement1_0.elf.dir/Drivers/STM32F4xx_HAL_Driver/Src/stm32f4xx_hal_rcc.c.obj
                0x08001cec                HAL_RCC_GetPCLK2Freq
 .text.HAL_RCC_GetClockConfig
                0x08001d0c       0x3c CMakeFiles/Autobot_basement1_0.elf.dir/Drivers/STM32F4xx_HAL_Driver/Src/stm32f4xx_hal_rcc.c.obj
                0x08001d0c                HAL_RCC_GetClockConfig
 .text.HAL_TIM_Base_MspInit
                0x08001d48        0x2 CMakeFiles/Autobot_basement1_0.elf.dir/Drivers/STM32F4xx_HAL_Driver/Src/stm32f4xx_hal_tim.c.obj
                0x08001d48                HAL_TIM_Base_MspInit
 *fill*         0x08001d4a        0x2 
 .text.HAL_TIM_Base_Start_IT
                0x08001d4c       0x88 CMakeFiles/Autobot_basement1_0.elf.dir/Drivers/STM32F4xx_HAL_Driver/Src/stm32f4xx_hal_tim.c.obj
                0x08001d4c                HAL_TIM_Base_Start_IT
 .text.HAL_TIM_OC_DelayElapsedCallback
                0x08001dd4        0x2 CMakeFiles/Autobot_basement1_0.elf.dir/Drivers/STM32F4xx_HAL_Driver/Src/stm32f4xx_hal_tim.c.obj
                0x08001dd4                HAL_TIM_OC_DelayElapsedCallback
 .text.HAL_TIM_IC_CaptureCallback
                0x08001dd6        0x2 CMakeFiles/Autobot_basement1_0.elf.dir/Drivers/STM32F4xx_HAL_Driver/Src/stm32f4xx_hal_tim.c.obj
                0x08001dd6                HAL_TIM_IC_CaptureCallback
 .text.HAL_TIM_PWM_PulseFinishedCallback
                0x08001dd8        0x2 CMakeFiles/Autobot_basement1_0.elf.dir/Drivers/STM32F4xx_HAL_Driver/Src/stm32f4xx_hal_tim.c.obj
                0x08001dd8                HAL_TIM_PWM_PulseFinishedCallback
 .text.HAL_TIM_TriggerCallback
                0x08001dda        0x2 CMakeFiles/Autobot_basement1_0.elf.dir/Drivers/STM32F4xx_HAL_Driver/Src/stm32f4xx_hal_tim.c.obj
                0x08001dda                HAL_TIM_TriggerCallback
 .text.HAL_TIM_IRQHandler
                0x08001ddc      0x17a CMakeFiles/Autobot_basement1_0.elf.dir/Drivers/STM32F4xx_HAL_Driver/Src/stm32f4xx_hal_tim.c.obj
                0x08001ddc                HAL_TIM_IRQHandler
 *fill*         0x08001f56        0x2 
 .text.TIM_Base_SetConfig
                0x08001f58       0xc8 CMakeFiles/Autobot_basement1_0.elf.dir/Drivers/STM32F4xx_HAL_Driver/Src/stm32f4xx_hal_tim.c.obj
                0x08001f58                TIM_Base_SetConfig
 .text.HAL_TIM_Base_Init
                0x08002020       0x58 CMakeFiles/Autobot_basement1_0.elf.dir/Drivers/STM32F4xx_HAL_Driver/Src/stm32f4xx_hal_tim.c.obj
                0x08002020                HAL_TIM_Base_Init
 .text.HAL_TIMEx_CommutCallback
                0x08002078        0x2 CMakeFiles/Autobot_basement1_0.elf.dir/Drivers/STM32F4xx_HAL_Driver/Src/stm32f4xx_hal_tim_ex.c.obj
                0x08002078                HAL_TIMEx_CommutCallback
 .text.HAL_TIMEx_BreakCallback
                0x0800207a        0x2 CMakeFiles/Autobot_basement1_0.elf.dir/Drivers/STM32F4xx_HAL_Driver/Src/stm32f4xx_hal_tim_ex.c.obj
                0x0800207a                HAL_TIMEx_BreakCallback
 .text.UART_SetConfig
                0x0800207c      0x110 CMakeFiles/Autobot_basement1_0.elf.dir/Drivers/STM32F4xx_HAL_Driver/Src/stm32f4xx_hal_uart.c.obj
 .text.HAL_UART_Init
                0x0800218c       0x5e CMakeFiles/Autobot_basement1_0.elf.dir/Drivers/STM32F4xx_HAL_Driver/Src/stm32f4xx_hal_uart.c.obj
                0x0800218c                HAL_UART_Init
 *fill*         0x080021ea        0x2 
 .text.USB_CoreReset
                0x080021ec       0x4c CMakeFiles/Autobot_basement1_0.elf.dir/Drivers/STM32F4xx_HAL_Driver/Src/stm32f4xx_ll_usb.c.obj
 .text.USB_CoreInit
                0x08002238       0x8a CMakeFiles/Autobot_basement1_0.elf.dir/Drivers/STM32F4xx_HAL_Driver/Src/stm32f4xx_ll_usb.c.obj
                0x08002238                USB_CoreInit
 *fill*         0x080022c2        0x2 
 .text.USB_SetTurnaroundTime
                0x080022c4       0xe4 CMakeFiles/Autobot_basement1_0.elf.dir/Drivers/STM32F4xx_HAL_Driver/Src/stm32f4xx_ll_usb.c.obj
                0x080022c4                USB_SetTurnaroundTime
 .text.USB_EnableGlobalInt
                0x080023a8        0xc CMakeFiles/Autobot_basement1_0.elf.dir/Drivers/STM32F4xx_HAL_Driver/Src/stm32f4xx_ll_usb.c.obj
                0x080023a8                USB_EnableGlobalInt
 .text.USB_DisableGlobalInt
                0x080023b4        0xc CMakeFiles/Autobot_basement1_0.elf.dir/Drivers/STM32F4xx_HAL_Driver/Src/stm32f4xx_ll_usb.c.obj
                0x080023b4                USB_DisableGlobalInt
 .text.USB_FlushTxFifo
                0x080023c0       0x30 CMakeFiles/Autobot_basement1_0.elf.dir/Drivers/STM32F4xx_HAL_Driver/Src/stm32f4xx_ll_usb.c.obj
                0x080023c0                USB_FlushTxFifo
 .text.USB_FlushRxFifo
                0x080023f0       0x2c CMakeFiles/Autobot_basement1_0.elf.dir/Drivers/STM32F4xx_HAL_Driver/Src/stm32f4xx_ll_usb.c.obj
                0x080023f0                USB_FlushRxFifo
 .text.USB_SetDevSpeed
                0x0800241c        0xe CMakeFiles/Autobot_basement1_0.elf.dir/Drivers/STM32F4xx_HAL_Driver/Src/stm32f4xx_ll_usb.c.obj
                0x0800241c                USB_SetDevSpeed
 *fill*         0x0800242a        0x2 
 .text.USB_DevInit
                0x0800242c      0x190 CMakeFiles/Autobot_basement1_0.elf.dir/Drivers/STM32F4xx_HAL_Driver/Src/stm32f4xx_ll_usb.c.obj
                0x0800242c                USB_DevInit
 .text.USB_GetDevSpeed
                0x080025bc       0x22 CMakeFiles/Autobot_basement1_0.elf.dir/Drivers/STM32F4xx_HAL_Driver/Src/stm32f4xx_ll_usb.c.obj
                0x080025bc                USB_GetDevSpeed
 .text.USB_ActivateEndpoint
                0x080025de       0x9c CMakeFiles/Autobot_basement1_0.elf.dir/Drivers/STM32F4xx_HAL_Driver/Src/stm32f4xx_ll_usb.c.obj
                0x080025de                USB_ActivateEndpoint
 *fill*         0x0800267a        0x2 
 .text.USB_DeactivateEndpoint
                0x0800267c       0xe0 CMakeFiles/Autobot_basement1_0.elf.dir/Drivers/STM32F4xx_HAL_Driver/Src/stm32f4xx_ll_usb.c.obj
                0x0800267c                USB_DeactivateEndpoint
 .text.USB_EP0StartXfer
                0x0800275c      0x120 CMakeFiles/Autobot_basement1_0.elf.dir/Drivers/STM32F4xx_HAL_Driver/Src/stm32f4xx_ll_usb.c.obj
                0x0800275c                USB_EP0StartXfer
 .text.USB_WritePacket
                0x0800287c       0x2e CMakeFiles/Autobot_basement1_0.elf.dir/Drivers/STM32F4xx_HAL_Driver/Src/stm32f4xx_ll_usb.c.obj
                0x0800287c                USB_WritePacket
 *fill*         0x080028aa        0x2 
 .text.USB_EPStartXfer
                0x080028ac      0x238 CMakeFiles/Autobot_basement1_0.elf.dir/Drivers/STM32F4xx_HAL_Driver/Src/stm32f4xx_ll_usb.c.obj
                0x080028ac                USB_EPStartXfer
 .text.USB_ReadPacket
                0x08002ae4       0x54 CMakeFiles/Autobot_basement1_0.elf.dir/Drivers/STM32F4xx_HAL_Driver/Src/stm32f4xx_ll_usb.c.obj
                0x08002ae4                USB_ReadPacket
 .text.USB_EPSetStall
                0x08002b38       0x5a CMakeFiles/Autobot_basement1_0.elf.dir/Drivers/STM32F4xx_HAL_Driver/Src/stm32f4xx_ll_usb.c.obj
                0x08002b38                USB_EPSetStall
 .text.USB_EPClearStall
                0x08002b92       0x5c CMakeFiles/Autobot_basement1_0.elf.dir/Drivers/STM32F4xx_HAL_Driver/Src/stm32f4xx_ll_usb.c.obj
                0x08002b92                USB_EPClearStall
 .text.USB_SetDevAddress
                0x08002bee       0x20 CMakeFiles/Autobot_basement1_0.elf.dir/Drivers/STM32F4xx_HAL_Driver/Src/stm32f4xx_ll_usb.c.obj
                0x08002bee                USB_SetDevAddress
 .text.USB_DevConnect
                0x08002c0e       0x1c CMakeFiles/Autobot_basement1_0.elf.dir/Drivers/STM32F4xx_HAL_Driver/Src/stm32f4xx_ll_usb.c.obj
                0x08002c0e                USB_DevConnect
 .text.USB_DevDisconnect
                0x08002c2a       0x1c CMakeFiles/Autobot_basement1_0.elf.dir/Drivers/STM32F4xx_HAL_Driver/Src/stm32f4xx_ll_usb.c.obj
                0x08002c2a                USB_DevDisconnect
 .text.USB_ReadInterrupts
                0x08002c46        0x8 CMakeFiles/Autobot_basement1_0.elf.dir/Drivers/STM32F4xx_HAL_Driver/Src/stm32f4xx_ll_usb.c.obj
                0x08002c46                USB_ReadInterrupts
 .text.USB_ReadDevAllOutEpInterrupt
                0x08002c4e       0x10 CMakeFiles/Autobot_basement1_0.elf.dir/Drivers/STM32F4xx_HAL_Driver/Src/stm32f4xx_ll_usb.c.obj
                0x08002c4e                USB_ReadDevAllOutEpInterrupt
 .text.USB_ReadDevAllInEpInterrupt
                0x08002c5e       0x10 CMakeFiles/Autobot_basement1_0.elf.dir/Drivers/STM32F4xx_HAL_Driver/Src/stm32f4xx_ll_usb.c.obj
                0x08002c5e                USB_ReadDevAllInEpInterrupt
 .text.USB_ReadDevOutEPInterrupt
                0x08002c6e       0x12 CMakeFiles/Autobot_basement1_0.elf.dir/Drivers/STM32F4xx_HAL_Driver/Src/stm32f4xx_ll_usb.c.obj
                0x08002c6e                USB_ReadDevOutEPInterrupt
 .text.USB_ReadDevInEPInterrupt
                0x08002c80       0x28 CMakeFiles/Autobot_basement1_0.elf.dir/Drivers/STM32F4xx_HAL_Driver/Src/stm32f4xx_ll_usb.c.obj
                0x08002c80                USB_ReadDevInEPInterrupt
 .text.USB_GetMode
                0x08002ca8        0x8 CMakeFiles/Autobot_basement1_0.elf.dir/Drivers/STM32F4xx_HAL_Driver/Src/stm32f4xx_ll_usb.c.obj
                0x08002ca8                USB_GetMode
 .text.USB_SetCurrentMode
                0x08002cb0       0x62 CMakeFiles/Autobot_basement1_0.elf.dir/Drivers/STM32F4xx_HAL_Driver/Src/stm32f4xx_ll_usb.c.obj
                0x08002cb0                USB_SetCurrentMode
 .text.USB_ActivateSetup
                0x08002d12       0x20 CMakeFiles/Autobot_basement1_0.elf.dir/Drivers/STM32F4xx_HAL_Driver/Src/stm32f4xx_ll_usb.c.obj
                0x08002d12                USB_ActivateSetup
 *fill*         0x08002d32        0x2 
 .text.USB_EP0_OutStart
                0x08002d34       0x60 CMakeFiles/Autobot_basement1_0.elf.dir/Drivers/STM32F4xx_HAL_Driver/Src/stm32f4xx_ll_usb.c.obj
                0x08002d34                USB_EP0_OutStart
 .text.USBD_CDC_EP0_RxReady
                0x08002d94       0x36 CMakeFiles/Autobot_basement1_0.elf.dir/Middlewares/ST/STM32_USB_Device_Library/Class/CDC/Src/usbd_cdc.c.obj
 *fill*         0x08002dca        0x2 
 .text.USBD_CDC_GetFSCfgDesc
                0x08002dcc        0xc CMakeFiles/Autobot_basement1_0.elf.dir/Middlewares/ST/STM32_USB_Device_Library/Class/CDC/Src/usbd_cdc.c.obj
 .text.USBD_CDC_GetHSCfgDesc
                0x08002dd8        0xc CMakeFiles/Autobot_basement1_0.elf.dir/Middlewares/ST/STM32_USB_Device_Library/Class/CDC/Src/usbd_cdc.c.obj
 .text.USBD_CDC_GetOtherSpeedCfgDesc
                0x08002de4        0xc CMakeFiles/Autobot_basement1_0.elf.dir/Middlewares/ST/STM32_USB_Device_Library/Class/CDC/Src/usbd_cdc.c.obj
 .text.USBD_CDC_GetDeviceQualifierDescriptor
                0x08002df0        0xc CMakeFiles/Autobot_basement1_0.elf.dir/Middlewares/ST/STM32_USB_Device_Library/Class/CDC/Src/usbd_cdc.c.obj
                0x08002df0                USBD_CDC_GetDeviceQualifierDescriptor
 .text.USBD_CDC_DataOut
                0x08002dfc       0x2a CMakeFiles/Autobot_basement1_0.elf.dir/Middlewares/ST/STM32_USB_Device_Library/Class/CDC/Src/usbd_cdc.c.obj
 .text.USBD_CDC_DataIn
                0x08002e26       0x6a CMakeFiles/Autobot_basement1_0.elf.dir/Middlewares/ST/STM32_USB_Device_Library/Class/CDC/Src/usbd_cdc.c.obj
 .text.USBD_CDC_Setup
                0x08002e90       0xf4 CMakeFiles/Autobot_basement1_0.elf.dir/Middlewares/ST/STM32_USB_Device_Library/Class/CDC/Src/usbd_cdc.c.obj
 .text.USBD_CDC_DeInit
                0x08002f84       0x48 CMakeFiles/Autobot_basement1_0.elf.dir/Middlewares/ST/STM32_USB_Device_Library/Class/CDC/Src/usbd_cdc.c.obj
 .text.USBD_CDC_Init
                0x08002fcc       0xc2 CMakeFiles/Autobot_basement1_0.elf.dir/Middlewares/ST/STM32_USB_Device_Library/Class/CDC/Src/usbd_cdc.c.obj
 .text.USBD_CDC_RegisterInterface
                0x0800308e        0xe CMakeFiles/Autobot_basement1_0.elf.dir/Middlewares/ST/STM32_USB_Device_Library/Class/CDC/Src/usbd_cdc.c.obj
                0x0800308e                USBD_CDC_RegisterInterface
 .text.USBD_CDC_SetTxBuffer
                0x0800309c       0x16 CMakeFiles/Autobot_basement1_0.elf.dir/Middlewares/ST/STM32_USB_Device_Library/Class/CDC/Src/usbd_cdc.c.obj
                0x0800309c                USBD_CDC_SetTxBuffer
 .text.USBD_CDC_SetRxBuffer
                0x080030b2       0x12 CMakeFiles/Autobot_basement1_0.elf.dir/Middlewares/ST/STM32_USB_Device_Library/Class/CDC/Src/usbd_cdc.c.obj
                0x080030b2                USBD_CDC_SetRxBuffer
 .text.USBD_CDC_ReceivePacket
                0x080030c4       0x32 CMakeFiles/Autobot_basement1_0.elf.dir/Middlewares/ST/STM32_USB_Device_Library/Class/CDC/Src/usbd_cdc.c.obj
                0x080030c4                USBD_CDC_ReceivePacket
 .text.USBD_Init
                0x080030f6       0x2e CMakeFiles/Autobot_basement1_0.elf.dir/Middlewares/ST/STM32_USB_Device_Library/Core/Src/usbd_core.c.obj
                0x080030f6                USBD_Init
 .text.USBD_RegisterClass
                0x08003124       0x2e CMakeFiles/Autobot_basement1_0.elf.dir/Middlewares/ST/STM32_USB_Device_Library/Core/Src/usbd_core.c.obj
                0x08003124                USBD_RegisterClass
 .text.USBD_Start
                0x08003152        0x8 CMakeFiles/Autobot_basement1_0.elf.dir/Middlewares/ST/STM32_USB_Device_Library/Core/Src/usbd_core.c.obj
                0x08003152                USBD_Start
 .text.USBD_SetClassConfig
                0x0800315a       0x12 CMakeFiles/Autobot_basement1_0.elf.dir/Middlewares/ST/STM32_USB_Device_Library/Core/Src/usbd_core.c.obj
                0x0800315a                USBD_SetClassConfig
 .text.USBD_ClrClassConfig
                0x0800316c       0x10 CMakeFiles/Autobot_basement1_0.elf.dir/Middlewares/ST/STM32_USB_Device_Library/Core/Src/usbd_core.c.obj
                0x0800316c                USBD_ClrClassConfig
 .text.USBD_LL_SetupStage
                0x0800317c       0x58 CMakeFiles/Autobot_basement1_0.elf.dir/Middlewares/ST/STM32_USB_Device_Library/Core/Src/usbd_core.c.obj
                0x0800317c                USBD_LL_SetupStage
 .text.USBD_LL_DataOutStage
                0x080031d4       0x78 CMakeFiles/Autobot_basement1_0.elf.dir/Middlewares/ST/STM32_USB_Device_Library/Core/Src/usbd_core.c.obj
                0x080031d4                USBD_LL_DataOutStage
 .text.USBD_LL_DataInStage
                0x0800324c       0xbe CMakeFiles/Autobot_basement1_0.elf.dir/Middlewares/ST/STM32_USB_Device_Library/Core/Src/usbd_core.c.obj
                0x0800324c                USBD_LL_DataInStage
 .text.USBD_LL_Reset
                0x0800330a       0x5a CMakeFiles/Autobot_basement1_0.elf.dir/Middlewares/ST/STM32_USB_Device_Library/Core/Src/usbd_core.c.obj
                0x0800330a                USBD_LL_Reset
 .text.USBD_LL_SetSpeed
                0x08003364        0x6 CMakeFiles/Autobot_basement1_0.elf.dir/Middlewares/ST/STM32_USB_Device_Library/Core/Src/usbd_core.c.obj
                0x08003364                USBD_LL_SetSpeed
 .text.USBD_LL_Suspend
                0x0800336a       0x14 CMakeFiles/Autobot_basement1_0.elf.dir/Middlewares/ST/STM32_USB_Device_Library/Core/Src/usbd_core.c.obj
                0x0800336a                USBD_LL_Suspend
 .text.USBD_LL_Resume
                0x0800337e       0x1a CMakeFiles/Autobot_basement1_0.elf.dir/Middlewares/ST/STM32_USB_Device_Library/Core/Src/usbd_core.c.obj
                0x0800337e                USBD_LL_Resume
 .text.USBD_LL_SOF
                0x08003398       0x28 CMakeFiles/Autobot_basement1_0.elf.dir/Middlewares/ST/STM32_USB_Device_Library/Core/Src/usbd_core.c.obj
                0x08003398                USBD_LL_SOF
 .text.USBD_LL_IsoINIncomplete
                0x080033c0       0x28 CMakeFiles/Autobot_basement1_0.elf.dir/Middlewares/ST/STM32_USB_Device_Library/Core/Src/usbd_core.c.obj
                0x080033c0                USBD_LL_IsoINIncomplete
 .text.USBD_LL_IsoOUTIncomplete
                0x080033e8       0x28 CMakeFiles/Autobot_basement1_0.elf.dir/Middlewares/ST/STM32_USB_Device_Library/Core/Src/usbd_core.c.obj
                0x080033e8                USBD_LL_IsoOUTIncomplete
 .text.USBD_LL_DevConnected
                0x08003410        0x4 CMakeFiles/Autobot_basement1_0.elf.dir/Middlewares/ST/STM32_USB_Device_Library/Core/Src/usbd_core.c.obj
                0x08003410                USBD_LL_DevConnected
 .text.USBD_LL_DevDisconnected
                0x08003414       0x18 CMakeFiles/Autobot_basement1_0.elf.dir/Middlewares/ST/STM32_USB_Device_Library/Core/Src/usbd_core.c.obj
                0x08003414                USBD_LL_DevDisconnected
 .text.USBD_GetLen
                0x0800342c       0x14 CMakeFiles/Autobot_basement1_0.elf.dir/Middlewares/ST/STM32_USB_Device_Library/Core/Src/usbd_ctlreq.c.obj
 .text.USBD_SetFeature
                0x08003440       0x14 CMakeFiles/Autobot_basement1_0.elf.dir/Middlewares/ST/STM32_USB_Device_Library/Core/Src/usbd_ctlreq.c.obj
 .text.USBD_ParseSetupRequest
                0x08003454       0x28 CMakeFiles/Autobot_basement1_0.elf.dir/Middlewares/ST/STM32_USB_Device_Library/Core/Src/usbd_ctlreq.c.obj
                0x08003454                USBD_ParseSetupRequest
 .text.USBD_CtlError
                0x0800347c       0x14 CMakeFiles/Autobot_basement1_0.elf.dir/Middlewares/ST/STM32_USB_Device_Library/Core/Src/usbd_ctlreq.c.obj
                0x0800347c                USBD_CtlError
 .text.USBD_GetDescriptor
                0x08003490      0x18a CMakeFiles/Autobot_basement1_0.elf.dir/Middlewares/ST/STM32_USB_Device_Library/Core/Src/usbd_ctlreq.c.obj
 .text.USBD_SetAddress
                0x0800361a       0x50 CMakeFiles/Autobot_basement1_0.elf.dir/Middlewares/ST/STM32_USB_Device_Library/Core/Src/usbd_ctlreq.c.obj
 *fill*         0x0800366a        0x2 
 .text.USBD_SetConfig
                0x0800366c       0xc8 CMakeFiles/Autobot_basement1_0.elf.dir/Middlewares/ST/STM32_USB_Device_Library/Core/Src/usbd_ctlreq.c.obj
 .text.USBD_GetConfig
                0x08003734       0x40 CMakeFiles/Autobot_basement1_0.elf.dir/Middlewares/ST/STM32_USB_Device_Library/Core/Src/usbd_ctlreq.c.obj
 .text.USBD_GetStatus
                0x08003774       0x38 CMakeFiles/Autobot_basement1_0.elf.dir/Middlewares/ST/STM32_USB_Device_Library/Core/Src/usbd_ctlreq.c.obj
 .text.USBD_ClrFeature
                0x080037ac       0x26 CMakeFiles/Autobot_basement1_0.elf.dir/Middlewares/ST/STM32_USB_Device_Library/Core/Src/usbd_ctlreq.c.obj
 .text.USBD_StdDevReq
                0x080037d2       0x70 CMakeFiles/Autobot_basement1_0.elf.dir/Middlewares/ST/STM32_USB_Device_Library/Core/Src/usbd_ctlreq.c.obj
                0x080037d2                USBD_StdDevReq
 .text.USBD_StdItfReq
                0x08003842       0x68 CMakeFiles/Autobot_basement1_0.elf.dir/Middlewares/ST/STM32_USB_Device_Library/Core/Src/usbd_ctlreq.c.obj
                0x08003842                USBD_StdItfReq
 .text.USBD_StdEPReq
                0x080038aa      0x1ec CMakeFiles/Autobot_basement1_0.elf.dir/Middlewares/ST/STM32_USB_Device_Library/Core/Src/usbd_ctlreq.c.obj
                0x080038aa                USBD_StdEPReq
 .text.USBD_GetString
                0x08003a96       0x3a CMakeFiles/Autobot_basement1_0.elf.dir/Middlewares/ST/STM32_USB_Device_Library/Core/Src/usbd_ctlreq.c.obj
                0x08003a96                USBD_GetString
 .text.USBD_CtlSendData
                0x08003ad0       0x1a CMakeFiles/Autobot_basement1_0.elf.dir/Middlewares/ST/STM32_USB_Device_Library/Core/Src/usbd_ioreq.c.obj
                0x08003ad0                USBD_CtlSendData
 .text.USBD_CtlContinueSendData
                0x08003aea       0x10 CMakeFiles/Autobot_basement1_0.elf.dir/Middlewares/ST/STM32_USB_Device_Library/Core/Src/usbd_ioreq.c.obj
                0x08003aea                USBD_CtlContinueSendData
 .text.USBD_CtlPrepareRx
                0x08003afa       0x1e CMakeFiles/Autobot_basement1_0.elf.dir/Middlewares/ST/STM32_USB_Device_Library/Core/Src/usbd_ioreq.c.obj
                0x08003afa                USBD_CtlPrepareRx
 .text.USBD_CtlContinueRx
                0x08003b18       0x10 CMakeFiles/Autobot_basement1_0.elf.dir/Middlewares/ST/STM32_USB_Device_Library/Core/Src/usbd_ioreq.c.obj
                0x08003b18                USBD_CtlContinueRx
 .text.USBD_CtlSendStatus
                0x08003b28       0x16 CMakeFiles/Autobot_basement1_0.elf.dir/Middlewares/ST/STM32_USB_Device_Library/Core/Src/usbd_ioreq.c.obj
                0x08003b28                USBD_CtlSendStatus
 .text.USBD_CtlReceiveStatus
                0x08003b3e       0x16 CMakeFiles/Autobot_basement1_0.elf.dir/Middlewares/ST/STM32_USB_Device_Library/Core/Src/usbd_ioreq.c.obj
                0x08003b3e                USBD_CtlReceiveStatus
 .text.makeFreeRtosPriority
                0x08003b54        0xc CMakeFiles/Autobot_basement1_0.elf.dir/Middlewares/Third_Party/FreeRTOS/Source/CMSIS_RTOS/cmsis_os.c.obj
 .text.osKernelStart
                0x08003b60        0xa CMakeFiles/Autobot_basement1_0.elf.dir/Middlewares/Third_Party/FreeRTOS/Source/CMSIS_RTOS/cmsis_os.c.obj
                0x08003b60                osKernelStart
 .text.osThreadCreate
                0x08003b6a       0x6a CMakeFiles/Autobot_basement1_0.elf.dir/Middlewares/Third_Party/FreeRTOS/Source/CMSIS_RTOS/cmsis_os.c.obj
                0x08003b6a                osThreadCreate
 .text.osDelay  0x08003bd4        0xe CMakeFiles/Autobot_basement1_0.elf.dir/Middlewares/Third_Party/FreeRTOS/Source/CMSIS_RTOS/cmsis_os.c.obj
                0x08003bd4                osDelay
 .text.vListInitialise
                0x08003be2       0x16 CMakeFiles/Autobot_basement1_0.elf.dir/Middlewares/Third_Party/FreeRTOS/Source/list.c.obj
                0x08003be2                vListInitialise
 .text.vListInitialiseItem
                0x08003bf8        0x6 CMakeFiles/Autobot_basement1_0.elf.dir/Middlewares/Third_Party/FreeRTOS/Source/list.c.obj
                0x08003bf8                vListInitialiseItem
 .text.vListInsertEnd
                0x08003bfe       0x16 CMakeFiles/Autobot_basement1_0.elf.dir/Middlewares/Third_Party/FreeRTOS/Source/list.c.obj
                0x08003bfe                vListInsertEnd
 .text.vListInsert
                0x08003c14       0x32 CMakeFiles/Autobot_basement1_0.elf.dir/Middlewares/Third_Party/FreeRTOS/Source/list.c.obj
                0x08003c14                vListInsert
 .text.uxListRemove
                0x08003c46       0x26 CMakeFiles/Autobot_basement1_0.elf.dir/Middlewares/Third_Party/FreeRTOS/Source/list.c.obj
                0x08003c46                uxListRemove
 .text.prvTaskExitError
                0x08003c6c       0x40 CMakeFiles/Autobot_basement1_0.elf.dir/Middlewares/Third_Party/FreeRTOS/Source/portable/GCC/ARM_CM4F/port.c.obj
 .text.prvPortStartFirstTask
                0x08003cac       0x28 CMakeFiles/Autobot_basement1_0.elf.dir/Middlewares/Third_Party/FreeRTOS/Source/portable/GCC/ARM_CM4F/port.c.obj
 .text.vPortEnableVFP
                0x08003cd4       0x14 CMakeFiles/Autobot_basement1_0.elf.dir/Middlewares/Third_Party/FreeRTOS/Source/portable/GCC/ARM_CM4F/port.c.obj
 .text.pxPortInitialiseStack
                0x08003ce8       0x2c CMakeFiles/Autobot_basement1_0.elf.dir/Middlewares/Third_Party/FreeRTOS/Source/portable/GCC/ARM_CM4F/port.c.obj
                0x08003ce8                pxPortInitialiseStack
 *fill*         0x08003d14        0xc 
 .text.SVC_Handler
                0x08003d20       0x24 CMakeFiles/Autobot_basement1_0.elf.dir/Middlewares/Third_Party/FreeRTOS/Source/portable/GCC/ARM_CM4F/port.c.obj
                0x08003d20                SVC_Handler
 .text.vPortEnterCritical
                0x08003d44       0x44 CMakeFiles/Autobot_basement1_0.elf.dir/Middlewares/Third_Party/FreeRTOS/Source/portable/GCC/ARM_CM4F/port.c.obj
                0x08003d44                vPortEnterCritical
 .text.vPortExitCritical
                0x08003d88       0x2c CMakeFiles/Autobot_basement1_0.elf.dir/Middlewares/Third_Party/FreeRTOS/Source/portable/GCC/ARM_CM4F/port.c.obj
                0x08003d88                vPortExitCritical
 *fill*         0x08003db4        0xc 
 .text.PendSV_Handler
                0x08003dc0       0x64 CMakeFiles/Autobot_basement1_0.elf.dir/Middlewares/Third_Party/FreeRTOS/Source/portable/GCC/ARM_CM4F/port.c.obj
                0x08003dc0                PendSV_Handler
 .text.SysTick_Handler
                0x08003e24       0x2c CMakeFiles/Autobot_basement1_0.elf.dir/Middlewares/Third_Party/FreeRTOS/Source/portable/GCC/ARM_CM4F/port.c.obj
                0x08003e24                SysTick_Handler
 .text.vPortSetupTimerInterrupt
                0x08003e50       0x28 CMakeFiles/Autobot_basement1_0.elf.dir/Middlewares/Third_Party/FreeRTOS/Source/portable/GCC/ARM_CM4F/port.c.obj
                0x08003e50                vPortSetupTimerInterrupt
 .text.xPortStartScheduler
                0x08003e78      0x118 CMakeFiles/Autobot_basement1_0.elf.dir/Middlewares/Third_Party/FreeRTOS/Source/portable/GCC/ARM_CM4F/port.c.obj
                0x08003e78                xPortStartScheduler
 .text.prvHeapInit
                0x08003f90       0x64 CMakeFiles/Autobot_basement1_0.elf.dir/Middlewares/Third_Party/FreeRTOS/Source/portable/MemMang/heap_4.c.obj
 .text.prvInsertBlockIntoFreeList
                0x08003ff4       0x64 CMakeFiles/Autobot_basement1_0.elf.dir/Middlewares/Third_Party/FreeRTOS/Source/portable/MemMang/heap_4.c.obj
 .text.pvPortMalloc
                0x08004058       0xfc CMakeFiles/Autobot_basement1_0.elf.dir/Middlewares/Third_Party/FreeRTOS/Source/portable/MemMang/heap_4.c.obj
                0x08004058                pvPortMalloc
 .text.vPortFree
                0x08004154       0x7c CMakeFiles/Autobot_basement1_0.elf.dir/Middlewares/Third_Party/FreeRTOS/Source/portable/MemMang/heap_4.c.obj
                0x08004154                vPortFree
 .text.prvResetNextTaskUnblockTime
                0x080041d0       0x2c CMakeFiles/Autobot_basement1_0.elf.dir/Middlewares/Third_Party/FreeRTOS/Source/tasks.c.obj
 .text.prvInitialiseNewTask
                0x080041fc       0xa2 CMakeFiles/Autobot_basement1_0.elf.dir/Middlewares/Third_Party/FreeRTOS/Source/tasks.c.obj
 *fill*         0x0800429e        0x2 
 .text.prvInitialiseTaskLists
                0x080042a0       0x68 CMakeFiles/Autobot_basement1_0.elf.dir/Middlewares/Third_Party/FreeRTOS/Source/tasks.c.obj
 .text.prvAddNewTaskToReadyList
                0x08004308       0xa8 CMakeFiles/Autobot_basement1_0.elf.dir/Middlewares/Third_Party/FreeRTOS/Source/tasks.c.obj
 .text.prvDeleteTCB
                0x080043b0       0x38 CMakeFiles/Autobot_basement1_0.elf.dir/Middlewares/Third_Party/FreeRTOS/Source/tasks.c.obj
 .text.prvCheckTasksWaitingTermination
                0x080043e8       0x4c CMakeFiles/Autobot_basement1_0.elf.dir/Middlewares/Third_Party/FreeRTOS/Source/tasks.c.obj
 .text.prvIdleTask
                0x08004434       0x28 CMakeFiles/Autobot_basement1_0.elf.dir/Middlewares/Third_Party/FreeRTOS/Source/tasks.c.obj
 .text.prvAddCurrentTaskToDelayedList
                0x0800445c       0x98 CMakeFiles/Autobot_basement1_0.elf.dir/Middlewares/Third_Party/FreeRTOS/Source/tasks.c.obj
 .text.xTaskCreateStatic
                0x080044f4       0x76 CMakeFiles/Autobot_basement1_0.elf.dir/Middlewares/Third_Party/FreeRTOS/Source/tasks.c.obj
                0x080044f4                xTaskCreateStatic
 .text.xTaskCreate
                0x0800456a       0x68 CMakeFiles/Autobot_basement1_0.elf.dir/Middlewares/Third_Party/FreeRTOS/Source/tasks.c.obj
                0x0800456a                xTaskCreate
 *fill*         0x080045d2        0x2 
 .text.vTaskStartScheduler
                0x080045d4       0x74 CMakeFiles/Autobot_basement1_0.elf.dir/Middlewares/Third_Party/FreeRTOS/Source/tasks.c.obj
                0x080045d4                vTaskStartScheduler
 .text.vTaskSuspendAll
                0x08004648       0x10 CMakeFiles/Autobot_basement1_0.elf.dir/Middlewares/Third_Party/FreeRTOS/Source/tasks.c.obj
                0x08004648                vTaskSuspendAll
 .text.xTaskIncrementTick
                0x08004658      0x118 CMakeFiles/Autobot_basement1_0.elf.dir/Middlewares/Third_Party/FreeRTOS/Source/tasks.c.obj
                0x08004658                xTaskIncrementTick
 .text.xTaskResumeAll
                0x08004770       0xf8 CMakeFiles/Autobot_basement1_0.elf.dir/Middlewares/Third_Party/FreeRTOS/Source/tasks.c.obj
                0x08004770                xTaskResumeAll
 .text.vTaskDelay
                0x08004868       0x4c CMakeFiles/Autobot_basement1_0.elf.dir/Middlewares/Third_Party/FreeRTOS/Source/tasks.c.obj
                0x08004868                vTaskDelay
 .text.vTaskSwitchContext
                0x080048b4       0x98 CMakeFiles/Autobot_basement1_0.elf.dir/Middlewares/Third_Party/FreeRTOS/Source/tasks.c.obj
                0x080048b4                vTaskSwitchContext
 .text.MX_USB_DEVICE_Init
                0x0800494c       0x54 CMakeFiles/Autobot_basement1_0.elf.dir/USB_DEVICE/App/usb_device.c.obj
                0x0800494c                MX_USB_DEVICE_Init
 .text.CDC_DeInit_FS
                0x080049a0        0x4 CMakeFiles/Autobot_basement1_0.elf.dir/USB_DEVICE/App/usbd_cdc_if.c.obj
 .text.CDC_Control_FS
                0x080049a4        0x4 CMakeFiles/Autobot_basement1_0.elf.dir/USB_DEVICE/App/usbd_cdc_if.c.obj
 .text.CDC_TransmitCplt_FS
                0x080049a8        0x4 CMakeFiles/Autobot_basement1_0.elf.dir/USB_DEVICE/App/usbd_cdc_if.c.obj
 .text.CDC_Receive_FS
                0x080049ac       0x1c CMakeFiles/Autobot_basement1_0.elf.dir/USB_DEVICE/App/usbd_cdc_if.c.obj
 .text.CDC_Init_FS
                0x080049c8       0x28 CMakeFiles/Autobot_basement1_0.elf.dir/USB_DEVICE/App/usbd_cdc_if.c.obj
 .text.USBD_FS_DeviceDescriptor
                0x080049f0        0xc CMakeFiles/Autobot_basement1_0.elf.dir/USB_DEVICE/App/usbd_desc.c.obj
                0x080049f0                USBD_FS_DeviceDescriptor
 .text.USBD_FS_LangIDStrDescriptor
                0x080049fc        0xc CMakeFiles/Autobot_basement1_0.elf.dir/USB_DEVICE/App/usbd_desc.c.obj
                0x080049fc                USBD_FS_LangIDStrDescriptor
 .text.IntToUnicode
                0x08004a08       0x46 CMakeFiles/Autobot_basement1_0.elf.dir/USB_DEVICE/App/usbd_desc.c.obj
 *fill*         0x08004a4e        0x2 
 .text.Get_SerialNum
                0x08004a50       0x38 CMakeFiles/Autobot_basement1_0.elf.dir/USB_DEVICE/App/usbd_desc.c.obj
 .text.USBD_FS_SerialStrDescriptor
                0x08004a88       0x14 CMakeFiles/Autobot_basement1_0.elf.dir/USB_DEVICE/App/usbd_desc.c.obj
                0x08004a88                USBD_FS_SerialStrDescriptor
 .text.USBD_FS_ProductStrDescriptor
                0x08004a9c       0x24 CMakeFiles/Autobot_basement1_0.elf.dir/USB_DEVICE/App/usbd_desc.c.obj
                0x08004a9c                USBD_FS_ProductStrDescriptor
 .text.USBD_FS_ManufacturerStrDescriptor
                0x08004ac0       0x1c CMakeFiles/Autobot_basement1_0.elf.dir/USB_DEVICE/App/usbd_desc.c.obj
                0x08004ac0                USBD_FS_ManufacturerStrDescriptor
 .text.USBD_FS_ConfigStrDescriptor
                0x08004adc       0x24 CMakeFiles/Autobot_basement1_0.elf.dir/USB_DEVICE/App/usbd_desc.c.obj
                0x08004adc                USBD_FS_ConfigStrDescriptor
 .text.USBD_FS_InterfaceStrDescriptor
                0x08004b00       0x24 CMakeFiles/Autobot_basement1_0.elf.dir/USB_DEVICE/App/usbd_desc.c.obj
                0x08004b00                USBD_FS_InterfaceStrDescriptor
 .text.HAL_PCD_MspInit
                0x08004b24       0x84 CMakeFiles/Autobot_basement1_0.elf.dir/USB_DEVICE/Target/usbd_conf.c.obj
                0x08004b24                HAL_PCD_MspInit
 .text.HAL_PCD_SetupStageCallback
                0x08004ba8       0x10 CMakeFiles/Autobot_basement1_0.elf.dir/USB_DEVICE/Target/usbd_conf.c.obj
                0x08004ba8                HAL_PCD_SetupStageCallback
 .text.HAL_PCD_DataOutStageCallback
                0x08004bb8       0x18 CMakeFiles/Autobot_basement1_0.elf.dir/USB_DEVICE/Target/usbd_conf.c.obj
                0x08004bb8                HAL_PCD_DataOutStageCallback
 .text.HAL_PCD_DataInStageCallback
                0x08004bd0       0x16 CMakeFiles/Autobot_basement1_0.elf.dir/USB_DEVICE/Target/usbd_conf.c.obj
                0x08004bd0                HAL_PCD_DataInStageCallback
 .text.HAL_PCD_SOFCallback
                0x08004be6        0xc CMakeFiles/Autobot_basement1_0.elf.dir/USB_DEVICE/Target/usbd_conf.c.obj
                0x08004be6                HAL_PCD_SOFCallback
 .text.HAL_PCD_ResetCallback
                0x08004bf2       0x2c CMakeFiles/Autobot_basement1_0.elf.dir/USB_DEVICE/Target/usbd_conf.c.obj
                0x08004bf2                HAL_PCD_ResetCallback
 *fill*         0x08004c1e        0x2 
 .text.HAL_PCD_SuspendCallback
                0x08004c20       0x30 CMakeFiles/Autobot_basement1_0.elf.dir/USB_DEVICE/Target/usbd_conf.c.obj
                0x08004c20                HAL_PCD_SuspendCallback
 .text.HAL_PCD_ResumeCallback
                0x08004c50        0xc CMakeFiles/Autobot_basement1_0.elf.dir/USB_DEVICE/Target/usbd_conf.c.obj
                0x08004c50                HAL_PCD_ResumeCallback
 .text.HAL_PCD_ISOOUTIncompleteCallback
                0x08004c5c        0xc CMakeFiles/Autobot_basement1_0.elf.dir/USB_DEVICE/Target/usbd_conf.c.obj
                0x08004c5c                HAL_PCD_ISOOUTIncompleteCallback
 .text.HAL_PCD_ISOINIncompleteCallback
                0x08004c68        0xc CMakeFiles/Autobot_basement1_0.elf.dir/USB_DEVICE/Target/usbd_conf.c.obj
                0x08004c68                HAL_PCD_ISOINIncompleteCallback
 .text.HAL_PCD_ConnectCallback
                0x08004c74        0xc CMakeFiles/Autobot_basement1_0.elf.dir/USB_DEVICE/Target/usbd_conf.c.obj
                0x08004c74                HAL_PCD_ConnectCallback
 .text.HAL_PCD_DisconnectCallback
                0x08004c80        0xc CMakeFiles/Autobot_basement1_0.elf.dir/USB_DEVICE/Target/usbd_conf.c.obj
                0x08004c80                HAL_PCD_DisconnectCallback
 .text.USBD_LL_Init
                0x08004c8c       0x68 CMakeFiles/Autobot_basement1_0.elf.dir/USB_DEVICE/Target/usbd_conf.c.obj
                0x08004c8c                USBD_LL_Init
 .text.USBD_LL_IsStallEP
                0x08004cf4       0x2e CMakeFiles/Autobot_basement1_0.elf.dir/USB_DEVICE/Target/usbd_conf.c.obj
                0x08004cf4                USBD_LL_IsStallEP
 .text.USBD_LL_GetRxDataSize
                0x08004d22        0xc CMakeFiles/Autobot_basement1_0.elf.dir/USB_DEVICE/Target/usbd_conf.c.obj
                0x08004d22                USBD_LL_GetRxDataSize
 *fill*         0x08004d2e        0x2 
 .text.USBD_static_malloc
                0x08004d30        0x8 CMakeFiles/Autobot_basement1_0.elf.dir/USB_DEVICE/Target/usbd_conf.c.obj
                0x08004d30                USBD_static_malloc
 .text.USBD_static_free
                0x08004d38        0x2 CMakeFiles/Autobot_basement1_0.elf.dir/USB_DEVICE/Target/usbd_conf.c.obj
                0x08004d38                USBD_static_free
 .text.USBD_Get_USB_Status
                0x08004d3a       0x14 CMakeFiles/Autobot_basement1_0.elf.dir/USB_DEVICE/Target/usbd_conf.c.obj
                0x08004d3a                USBD_Get_USB_Status
 .text.USBD_LL_Start
                0x08004d4e       0x10 CMakeFiles/Autobot_basement1_0.elf.dir/USB_DEVICE/Target/usbd_conf.c.obj
                0x08004d4e                USBD_LL_Start
 .text.USBD_LL_OpenEP
                0x08004d5e       0x16 CMakeFiles/Autobot_basement1_0.elf.dir/USB_DEVICE/Target/usbd_conf.c.obj
                0x08004d5e                USBD_LL_OpenEP
 .text.USBD_LL_CloseEP
                0x08004d74       0x10 CMakeFiles/Autobot_basement1_0.elf.dir/USB_DEVICE/Target/usbd_conf.c.obj
                0x08004d74                USBD_LL_CloseEP
 .text.USBD_LL_StallEP
                0x08004d84       0x10 CMakeFiles/Autobot_basement1_0.elf.dir/USB_DEVICE/Target/usbd_conf.c.obj
                0x08004d84                USBD_LL_StallEP
 .text.USBD_LL_ClearStallEP
                0x08004d94       0x10 CMakeFiles/Autobot_basement1_0.elf.dir/USB_DEVICE/Target/usbd_conf.c.obj
                0x08004d94                USBD_LL_ClearStallEP
 .text.USBD_LL_SetUSBAddress
                0x08004da4       0x10 CMakeFiles/Autobot_basement1_0.elf.dir/USB_DEVICE/Target/usbd_conf.c.obj
                0x08004da4                USBD_LL_SetUSBAddress
 .text.USBD_LL_Transmit
                0x08004db4       0x10 CMakeFiles/Autobot_basement1_0.elf.dir/USB_DEVICE/Target/usbd_conf.c.obj
                0x08004db4                USBD_LL_Transmit
 .text.USBD_LL_PrepareReceive
                0x08004dc4       0x10 CMakeFiles/Autobot_basement1_0.elf.dir/USB_DEVICE/Target/usbd_conf.c.obj
                0x08004dc4                USBD_LL_PrepareReceive
 .text.Reset_Handler
                0x08004dd4       0x50 CMakeFiles/Autobot_basement1_0.elf.dir/startup/startup_stm32f407xx.s.obj
                0x08004dd4                Reset_Handler
 .text.Default_Handler
                0x08004e24        0x2 CMakeFiles/Autobot_basement1_0.elf.dir/startup/startup_stm32f407xx.s.obj
                0x08004e24                RTC_Alarm_IRQHandler
                0x08004e24                HASH_RNG_IRQHandler
                0x08004e24                EXTI2_IRQHandler
                0x08004e24                TIM8_CC_IRQHandler
                0x08004e24                TIM1_CC_IRQHandler
                0x08004e24                DMA2_Stream5_IRQHandler
                0x08004e24                DMA1_Stream5_IRQHandler
                0x08004e24                PVD_IRQHandler
                0x08004e24                SDIO_IRQHandler
                0x08004e24                TAMP_STAMP_IRQHandler
                0x08004e24                CAN2_RX1_IRQHandler
                0x08004e24                EXTI3_IRQHandler
                0x08004e24                TIM1_UP_TIM10_IRQHandler
                0x08004e24                TIM8_UP_TIM13_IRQHandler
                0x08004e24                I2C3_ER_IRQHandler
                0x08004e24                EXTI0_IRQHandler
                0x08004e24                I2C2_EV_IRQHandler
                0x08004e24                DMA1_Stream2_IRQHandler
                0x08004e24                CAN1_RX0_IRQHandler
                0x08004e24                FPU_IRQHandler
                0x08004e24                OTG_HS_WKUP_IRQHandler
                0x08004e24                CAN2_SCE_IRQHandler
                0x08004e24                DMA2_Stream2_IRQHandler
                0x08004e24                SPI1_IRQHandler
                0x08004e24                TIM6_DAC_IRQHandler
                0x08004e24                TIM1_BRK_TIM9_IRQHandler
                0x08004e24                DCMI_IRQHandler
                0x08004e24                CAN2_RX0_IRQHandler
                0x08004e24                DMA2_Stream3_IRQHandler
                0x08004e24                USART6_IRQHandler
                0x08004e24                USART3_IRQHandler
                0x08004e24                CAN1_RX1_IRQHandler
                0x08004e24                UART5_IRQHandler
                0x08004e24                DMA2_Stream0_IRQHandler
                0x08004e24                TIM4_IRQHandler
                0x08004e24                I2C1_EV_IRQHandler
                0x08004e24                DMA1_Stream6_IRQHandler
                0x08004e24                DMA1_Stream1_IRQHandler
                0x08004e24                UART4_IRQHandler
                0x08004e24                TIM3_IRQHandler
                0x08004e24                RCC_IRQHandler
                0x08004e24                TIM8_BRK_TIM12_IRQHandler
                0x08004e24                Default_Handler
                0x08004e24                EXTI15_10_IRQHandler
                0x08004e24                ADC_IRQHandler
                0x08004e24                DMA1_Stream7_IRQHandler
                0x08004e24                TIM7_IRQHandler
                0x08004e24                CAN2_TX_IRQHandler
                0x08004e24                TIM5_IRQHandler
                0x08004e24                DMA2_Stream7_IRQHandler
                0x08004e24                I2C3_EV_IRQHandler
                0x08004e24                EXTI9_5_IRQHandler
                0x08004e24                RTC_WKUP_IRQHandler
                0x08004e24                ETH_WKUP_IRQHandler
                0x08004e24                SPI2_IRQHandler
                0x08004e24                OTG_HS_EP1_IN_IRQHandler
                0x08004e24                DMA1_Stream0_IRQHandler
                0x08004e24                CAN1_TX_IRQHandler
                0x08004e24                EXTI4_IRQHandler
                0x08004e24                FSMC_IRQHandler
                0x08004e24                ETH_IRQHandler
                0x08004e24                OTG_HS_EP1_OUT_IRQHandler
                0x08004e24                WWDG_IRQHandler
                0x08004e24                TIM2_IRQHandler
                0x08004e24                OTG_FS_WKUP_IRQHandler
                0x08004e24                TIM1_TRG_COM_TIM11_IRQHandler
                0x08004e24                OTG_HS_IRQHandler
                0x08004e24                EXTI1_IRQHandler
                0x08004e24                USART2_IRQHandler
                0x08004e24                I2C2_ER_IRQHandler
                0x08004e24                DMA2_Stream1_IRQHandler
                0x08004e24                CAN1_SCE_IRQHandler
                0x08004e24                FLASH_IRQHandler
                0x08004e24                DMA2_Stream4_IRQHandler
                0x08004e24                USART1_IRQHandler
                0x08004e24                SPI3_IRQHandler
                0x08004e24                DMA1_Stream4_IRQHandler
                0x08004e24                I2C1_ER_IRQHandler
                0x08004e24                DMA2_Stream6_IRQHandler
                0x08004e24                DMA1_Stream3_IRQHandler
 *fill*         0x08004e26        0x2 
 .text.__libc_init_array
                0x08004e28       0x48 d:/053-gcc-arm-none-eabi/bin/../lib/gcc/arm-none-eabi/10.2.1/../../../../arm-none-eabi/lib/thumb/v7e-m+fp/hard\libg.a(lib_a-init.o)
                0x08004e28                __libc_init_array
 .text.memset   0x08004e70       0xa4 d:/053-gcc-arm-none-eabi/bin/../lib/gcc/arm-none-eabi/10.2.1/../../../../arm-none-eabi/lib/thumb/v7e-m+fp/hard\libg.a(lib_a-memset.o)
                0x08004e70                memset
 .text.startup.register_fini
                0x08004f14       0x14 d:/053-gcc-arm-none-eabi/bin/../lib/gcc/arm-none-eabi/10.2.1/../../../../arm-none-eabi/lib/thumb/v7e-m+fp/hard\libg.a(lib_a-__call_atexit.o)
 .text.atexit   0x08004f28        0xc d:/053-gcc-arm-none-eabi/bin/../lib/gcc/arm-none-eabi/10.2.1/../../../../arm-none-eabi/lib/thumb/v7e-m+fp/hard\libg.a(lib_a-atexit.o)
                0x08004f28                atexit
 .text.__libc_fini_array
                0x08004f34       0x2c d:/053-gcc-arm-none-eabi/bin/../lib/gcc/arm-none-eabi/10.2.1/../../../../arm-none-eabi/lib/thumb/v7e-m+fp/hard\libg.a(lib_a-fini.o)
                0x08004f34                __libc_fini_array
 .text.__retarget_lock_acquire_recursive
                0x08004f60        0x4 d:/053-gcc-arm-none-eabi/bin/../lib/gcc/arm-none-eabi/10.2.1/../../../../arm-none-eabi/lib/thumb/v7e-m+fp/hard\libg.a(lib_a-lock.o)
                0x08004f60                __retarget_lock_acquire_recursive
 .text.__retarget_lock_release_recursive
                0x08004f64        0x4 d:/053-gcc-arm-none-eabi/bin/../lib/gcc/arm-none-eabi/10.2.1/../../../../arm-none-eabi/lib/thumb/v7e-m+fp/hard\libg.a(lib_a-lock.o)
                0x08004f64                __retarget_lock_release_recursive
 .text.__register_exitproc
                0x08004f68       0x8c d:/053-gcc-arm-none-eabi/bin/../lib/gcc/arm-none-eabi/10.2.1/../../../../arm-none-eabi/lib/thumb/v7e-m+fp/hard\libg.a(lib_a-__atexit.o)
                0x08004f68                __register_exitproc
 *(.glue_7)
 .glue_7        0x08004ff4        0x0 linker stubs
 *(.glue_7t)
 .glue_7t       0x08004ff4        0x0 linker stubs
 *(.eh_frame)
 .eh_frame      0x08004ff4        0x0 d:/053-gcc-arm-none-eabi/bin/../lib/gcc/arm-none-eabi/10.2.1/thumb/v7e-m+fp/hard/crtbegin.o
 *(.init)
 .init          0x08004ff4        0x4 d:/053-gcc-arm-none-eabi/bin/../lib/gcc/arm-none-eabi/10.2.1/thumb/v7e-m+fp/hard/crti.o
                0x08004ff4                _init
 .init          0x08004ff8        0x8 d:/053-gcc-arm-none-eabi/bin/../lib/gcc/arm-none-eabi/10.2.1/thumb/v7e-m+fp/hard/crtn.o
 *(.fini)
 .fini          0x08005000        0x4 d:/053-gcc-arm-none-eabi/bin/../lib/gcc/arm-none-eabi/10.2.1/thumb/v7e-m+fp/hard/crti.o
                0x08005000                _fini
 .fini          0x08005004        0x8 d:/053-gcc-arm-none-eabi/bin/../lib/gcc/arm-none-eabi/10.2.1/thumb/v7e-m+fp/hard/crtn.o
                0x0800500c                . = ALIGN (0x4)
                0x0800500c                _etext = .

.vfp11_veneer   0x0800500c        0x0
 .vfp11_veneer  0x0800500c        0x0 linker stubs

.v4_bx          0x0800500c        0x0
 .v4_bx         0x0800500c        0x0 linker stubs

.iplt           0x0800500c        0x0
 .iplt          0x0800500c        0x0 d:/053-gcc-arm-none-eabi/bin/../lib/gcc/arm-none-eabi/10.2.1/thumb/v7e-m+fp/hard/crtbegin.o

.rodata         0x0800500c       0x94
                0x0800500c                . = ALIGN (0x4)
 *(.rodata)
 .rodata        0x0800500c       0x1c CMakeFiles/Autobot_basement1_0.elf.dir/Core/Src/main.c.obj
 *(.rodata*)
 .rodata.str1.4
                0x08005028        0xc CMakeFiles/Autobot_basement1_0.elf.dir/Core/Src/main.c.obj
 .rodata.AHBPrescTable
                0x08005034       0x10 CMakeFiles/Autobot_basement1_0.elf.dir/Core/Src/system_stm32f4xx.c.obj
                0x08005034                AHBPrescTable
 .rodata.APBPrescTable
                0x08005044        0x8 CMakeFiles/Autobot_basement1_0.elf.dir/Core/Src/system_stm32f4xx.c.obj
                0x08005044                APBPrescTable
 .rodata.vTaskStartScheduler.str1.4
                0x0800504c        0x5 CMakeFiles/Autobot_basement1_0.elf.dir/Middlewares/Third_Party/FreeRTOS/Source/tasks.c.obj
 *fill*         0x08005051        0x3 
 .rodata.USBD_FS_ProductStrDescriptor.str1.4
                0x08005054       0x16 CMakeFiles/Autobot_basement1_0.elf.dir/USB_DEVICE/App/usbd_desc.c.obj
 *fill*         0x0800506a        0x2 
 .rodata.USBD_FS_ManufacturerStrDescriptor.str1.4
                0x0800506c       0x13 CMakeFiles/Autobot_basement1_0.elf.dir/USB_DEVICE/App/usbd_desc.c.obj
 *fill*         0x0800507f        0x1 
 .rodata.USBD_FS_ConfigStrDescriptor.str1.4
                0x08005080        0xb CMakeFiles/Autobot_basement1_0.elf.dir/USB_DEVICE/App/usbd_desc.c.obj
 *fill*         0x0800508b        0x1 
 .rodata.USBD_FS_InterfaceStrDescriptor.str1.4
                0x0800508c        0xe CMakeFiles/Autobot_basement1_0.elf.dir/USB_DEVICE/App/usbd_desc.c.obj
 *fill*         0x0800509a        0x2 
 .rodata._global_impure_ptr
                0x0800509c        0x4 d:/053-gcc-arm-none-eabi/bin/../lib/gcc/arm-none-eabi/10.2.1/../../../../arm-none-eabi/lib/thumb/v7e-m+fp/hard\libg.a(lib_a-impure.o)
                0x0800509c                _global_impure_ptr
                0x080050a0                . = ALIGN (0x4)

.ARM.extab
 *(.ARM.extab* .gnu.linkonce.armextab.*)

.ARM            0x080050a0        0x8
                0x080050a0                __exidx_start = .
 *(.ARM.exidx*)
 .ARM.exidx     0x080050a0        0x8 d:/053-gcc-arm-none-eabi/bin/../lib/gcc/arm-none-eabi/10.2.1/thumb/v7e-m+fp/hard\libgcc.a(_udivmoddi4.o)
                0x080050a8                __exidx_end = .

.rel.dyn        0x080050a8        0x0
 .rel.iplt      0x080050a8        0x0 d:/053-gcc-arm-none-eabi/bin/../lib/gcc/arm-none-eabi/10.2.1/thumb/v7e-m+fp/hard/crtbegin.o

.preinit_array  0x080050a8        0x0
                0x080050a8                PROVIDE (__preinit_array_start = .)
 *(.preinit_array*)
                0x080050a8                PROVIDE (__preinit_array_end = .)

.init_array     0x080050a8        0x8
                0x080050a8                PROVIDE (__init_array_start = .)
 *(SORT_BY_NAME(.init_array.*))
 .init_array.00000
                0x080050a8        0x4 d:/053-gcc-arm-none-eabi/bin/../lib/gcc/arm-none-eabi/10.2.1/../../../../arm-none-eabi/lib/thumb/v7e-m+fp/hard\libg.a(lib_a-__call_atexit.o)
 *(.init_array*)
 .init_array    0x080050ac        0x4 d:/053-gcc-arm-none-eabi/bin/../lib/gcc/arm-none-eabi/10.2.1/thumb/v7e-m+fp/hard/crtbegin.o
                0x080050b0                PROVIDE (__init_array_end = .)

.fini_array     0x080050b0        0x4
                0x080050b0                PROVIDE (__fini_array_start = .)
 *(SORT_BY_NAME(.fini_array.*))
 *(.fini_array*)
 .fini_array    0x080050b0        0x4 d:/053-gcc-arm-none-eabi/bin/../lib/gcc/arm-none-eabi/10.2.1/thumb/v7e-m+fp/hard/crtbegin.o
                0x080050b4                PROVIDE (__fini_array_end = .)
                0x080050b4                _sidata = LOADADDR (.data)

.data           0x20000000      0x5b4 load address 0x080050b4
                0x20000000                . = ALIGN (0x4)
                0x20000000                _sdata = .
 *(.data)
 *(.data*)
 .data.SystemCoreClock
                0x20000000        0x4 CMakeFiles/Autobot_basement1_0.elf.dir/Core/Src/system_stm32f4xx.c.obj
                0x20000000                SystemCoreClock
 .data.uwTickFreq
                0x20000004        0x1 CMakeFiles/Autobot_basement1_0.elf.dir/Drivers/STM32F4xx_HAL_Driver/Src/stm32f4xx_hal.c.obj
                0x20000004                uwTickFreq
 *fill*         0x20000005        0x3 
 .data.uwTickPrio
                0x20000008        0x4 CMakeFiles/Autobot_basement1_0.elf.dir/Drivers/STM32F4xx_HAL_Driver/Src/stm32f4xx_hal.c.obj
                0x20000008                uwTickPrio
 .data.USBD_CDC
                0x2000000c       0x38 CMakeFiles/Autobot_basement1_0.elf.dir/Middlewares/ST/STM32_USB_Device_Library/Class/CDC/Src/usbd_cdc.c.obj
                0x2000000c                USBD_CDC
 .data.USBD_CDC_CfgFSDesc
                0x20000044       0x43 CMakeFiles/Autobot_basement1_0.elf.dir/Middlewares/ST/STM32_USB_Device_Library/Class/CDC/Src/usbd_cdc.c.obj
 *fill*         0x20000087        0x1 
 .data.USBD_CDC_CfgHSDesc
                0x20000088       0x43 CMakeFiles/Autobot_basement1_0.elf.dir/Middlewares/ST/STM32_USB_Device_Library/Class/CDC/Src/usbd_cdc.c.obj
 *fill*         0x200000cb        0x1 
 .data.USBD_CDC_DeviceQualifierDesc
                0x200000cc        0xa CMakeFiles/Autobot_basement1_0.elf.dir/Middlewares/ST/STM32_USB_Device_Library/Class/CDC/Src/usbd_cdc.c.obj
 *fill*         0x200000d6        0x2 
 .data.USBD_CDC_OtherSpeedCfgDesc
                0x200000d8       0x43 CMakeFiles/Autobot_basement1_0.elf.dir/Middlewares/ST/STM32_USB_Device_Library/Class/CDC/Src/usbd_cdc.c.obj
 *fill*         0x2000011b        0x1 
 .data.uxCriticalNesting
                0x2000011c        0x4 CMakeFiles/Autobot_basement1_0.elf.dir/Middlewares/Third_Party/FreeRTOS/Source/portable/GCC/ARM_CM4F/port.c.obj
 .data.USBD_Interface_fops_FS
                0x20000120       0x14 CMakeFiles/Autobot_basement1_0.elf.dir/USB_DEVICE/App/usbd_cdc_if.c.obj
                0x20000120                USBD_Interface_fops_FS
 .data.FS_Desc  0x20000134       0x1c CMakeFiles/Autobot_basement1_0.elf.dir/USB_DEVICE/App/usbd_desc.c.obj
                0x20000134                FS_Desc
 .data.USBD_FS_DeviceDesc
                0x20000150       0x12 CMakeFiles/Autobot_basement1_0.elf.dir/USB_DEVICE/App/usbd_desc.c.obj
                0x20000150                USBD_FS_DeviceDesc
 *fill*         0x20000162        0x2 
 .data.USBD_LangIDDesc
                0x20000164        0x4 CMakeFiles/Autobot_basement1_0.elf.dir/USB_DEVICE/App/usbd_desc.c.obj
                0x20000164                USBD_LangIDDesc
 .data.USBD_StringSerial
                0x20000168       0x1a CMakeFiles/Autobot_basement1_0.elf.dir/USB_DEVICE/App/usbd_desc.c.obj
                0x20000168                USBD_StringSerial
 *fill*         0x20000182        0x6 
 .data.impure_data
                0x20000188      0x428 d:/053-gcc-arm-none-eabi/bin/../lib/gcc/arm-none-eabi/10.2.1/../../../../arm-none-eabi/lib/thumb/v7e-m+fp/hard\libg.a(lib_a-impure.o)
 .data.__atexit_recursive_mutex
                0x200005b0        0x4 d:/053-gcc-arm-none-eabi/bin/../lib/gcc/arm-none-eabi/10.2.1/../../../../arm-none-eabi/lib/thumb/v7e-m+fp/hard\libg.a(lib_a-__call_atexit.o)
                0x200005b0                __atexit_recursive_mutex
                0x200005b4                . = ALIGN (0x4)
                0x200005b4                _edata = .
                0x08005668                _siccmram = LOADADDR (.ccmram)

.igot.plt       0x200005b4        0x0 load address 0x08005668
 .igot.plt      0x200005b4        0x0 d:/053-gcc-arm-none-eabi/bin/../lib/gcc/arm-none-eabi/10.2.1/thumb/v7e-m+fp/hard/crtbegin.o

.ccmram         0x10000000        0x0 load address 0x08005668
                0x10000000                . = ALIGN (0x4)
                0x10000000                _sccmram = .
 *(.ccmram)
 *(.ccmram*)
                0x10000000                . = ALIGN (0x4)
                0x10000000                _eccmram = .
                0x10000000                . = ALIGN (0x4)

.bss            0x200005b4     0x5b54
                0x200005b4                _sbss = .
                0x200005b4                __bss_start__ = _sbss
 *(.bss)
 .bss           0x200005b4       0x1c d:/053-gcc-arm-none-eabi/bin/../lib/gcc/arm-none-eabi/10.2.1/thumb/v7e-m+fp/hard/crtbegin.o
 *(.bss*)
 .bss.xIdleStack
                0x200005d0      0x200 CMakeFiles/Autobot_basement1_0.elf.dir/Core/Src/freertos.c.obj
 .bss.xIdleTaskTCBBuffer
                0x200007d0       0x54 CMakeFiles/Autobot_basement1_0.elf.dir/Core/Src/freertos.c.obj
 .bss.defaultTaskHandle
                0x20000824        0x4 CMakeFiles/Autobot_basement1_0.elf.dir/Core/Src/main.c.obj
                0x20000824                defaultTaskHandle
 .bss.huart1    0x20000828       0x44 CMakeFiles/Autobot_basement1_0.elf.dir/Core/Src/main.c.obj
                0x20000828                huart1
 .bss.htim14    0x2000086c       0x48 CMakeFiles/Autobot_basement1_0.elf.dir/Core/Src/stm32f4xx_hal_timebase_tim.c.obj
                0x2000086c                htim14
 .bss.uwTick    0x200008b4        0x4 CMakeFiles/Autobot_basement1_0.elf.dir/Drivers/STM32F4xx_HAL_Driver/Src/stm32f4xx_hal.c.obj
                0x200008b4                uwTick
 .bss.cfgidx.0  0x200008b8        0x1 CMakeFiles/Autobot_basement1_0.elf.dir/Middlewares/ST/STM32_USB_Device_Library/Core/Src/usbd_ctlreq.c.obj
 .bss.ucMaxSysCallPriority
                0x200008b9        0x1 CMakeFiles/Autobot_basement1_0.elf.dir/Middlewares/Third_Party/FreeRTOS/Source/portable/GCC/ARM_CM4F/port.c.obj
 *fill*         0x200008ba        0x2 
 .bss.ulMaxPRIGROUPValue
                0x200008bc        0x4 CMakeFiles/Autobot_basement1_0.elf.dir/Middlewares/Third_Party/FreeRTOS/Source/portable/GCC/ARM_CM4F/port.c.obj
 .bss.pxEnd     0x200008c0        0x4 CMakeFiles/Autobot_basement1_0.elf.dir/Middlewares/Third_Party/FreeRTOS/Source/portable/MemMang/heap_4.c.obj
 .bss.ucHeap    0x200008c4     0x3c00 CMakeFiles/Autobot_basement1_0.elf.dir/Middlewares/Third_Party/FreeRTOS/Source/portable/MemMang/heap_4.c.obj
 .bss.xBlockAllocatedBit
                0x200044c4        0x4 CMakeFiles/Autobot_basement1_0.elf.dir/Middlewares/Third_Party/FreeRTOS/Source/portable/MemMang/heap_4.c.obj
 .bss.xFreeBytesRemaining
                0x200044c8        0x4 CMakeFiles/Autobot_basement1_0.elf.dir/Middlewares/Third_Party/FreeRTOS/Source/portable/MemMang/heap_4.c.obj
 .bss.xMinimumEverFreeBytesRemaining
                0x200044cc        0x4 CMakeFiles/Autobot_basement1_0.elf.dir/Middlewares/Third_Party/FreeRTOS/Source/portable/MemMang/heap_4.c.obj
 .bss.xNumberOfSuccessfulAllocations
                0x200044d0        0x4 CMakeFiles/Autobot_basement1_0.elf.dir/Middlewares/Third_Party/FreeRTOS/Source/portable/MemMang/heap_4.c.obj
 .bss.xNumberOfSuccessfulFrees
                0x200044d4        0x4 CMakeFiles/Autobot_basement1_0.elf.dir/Middlewares/Third_Party/FreeRTOS/Source/portable/MemMang/heap_4.c.obj
 .bss.xStart    0x200044d8        0x8 CMakeFiles/Autobot_basement1_0.elf.dir/Middlewares/Third_Party/FreeRTOS/Source/portable/MemMang/heap_4.c.obj
 .bss.pxCurrentTCB
                0x200044e0        0x4 CMakeFiles/Autobot_basement1_0.elf.dir/Middlewares/Third_Party/FreeRTOS/Source/tasks.c.obj
                0x200044e0                pxCurrentTCB
 .bss.pxDelayedTaskList
                0x200044e4        0x4 CMakeFiles/Autobot_basement1_0.elf.dir/Middlewares/Third_Party/FreeRTOS/Source/tasks.c.obj
 .bss.pxOverflowDelayedTaskList
                0x200044e8        0x4 CMakeFiles/Autobot_basement1_0.elf.dir/Middlewares/Third_Party/FreeRTOS/Source/tasks.c.obj
 .bss.pxReadyTasksLists
                0x200044ec       0x8c CMakeFiles/Autobot_basement1_0.elf.dir/Middlewares/Third_Party/FreeRTOS/Source/tasks.c.obj
 .bss.uxCurrentNumberOfTasks
                0x20004578        0x4 CMakeFiles/Autobot_basement1_0.elf.dir/Middlewares/Third_Party/FreeRTOS/Source/tasks.c.obj
 .bss.uxDeletedTasksWaitingCleanUp
                0x2000457c        0x4 CMakeFiles/Autobot_basement1_0.elf.dir/Middlewares/Third_Party/FreeRTOS/Source/tasks.c.obj
 .bss.uxSchedulerSuspended
                0x20004580        0x4 CMakeFiles/Autobot_basement1_0.elf.dir/Middlewares/Third_Party/FreeRTOS/Source/tasks.c.obj
 .bss.uxTaskNumber
                0x20004584        0x4 CMakeFiles/Autobot_basement1_0.elf.dir/Middlewares/Third_Party/FreeRTOS/Source/tasks.c.obj
 .bss.uxTopReadyPriority
                0x20004588        0x4 CMakeFiles/Autobot_basement1_0.elf.dir/Middlewares/Third_Party/FreeRTOS/Source/tasks.c.obj
 .bss.xDelayedTaskList1
                0x2000458c       0x14 CMakeFiles/Autobot_basement1_0.elf.dir/Middlewares/Third_Party/FreeRTOS/Source/tasks.c.obj
 .bss.xDelayedTaskList2
                0x200045a0       0x14 CMakeFiles/Autobot_basement1_0.elf.dir/Middlewares/Third_Party/FreeRTOS/Source/tasks.c.obj
 .bss.xIdleTaskHandle
                0x200045b4        0x4 CMakeFiles/Autobot_basement1_0.elf.dir/Middlewares/Third_Party/FreeRTOS/Source/tasks.c.obj
 .bss.xNextTaskUnblockTime
                0x200045b8        0x4 CMakeFiles/Autobot_basement1_0.elf.dir/Middlewares/Third_Party/FreeRTOS/Source/tasks.c.obj
 .bss.xNumOfOverflows
                0x200045bc        0x4 CMakeFiles/Autobot_basement1_0.elf.dir/Middlewares/Third_Party/FreeRTOS/Source/tasks.c.obj
 .bss.xPendedTicks
                0x200045c0        0x4 CMakeFiles/Autobot_basement1_0.elf.dir/Middlewares/Third_Party/FreeRTOS/Source/tasks.c.obj
 .bss.xPendingReadyList
                0x200045c4       0x14 CMakeFiles/Autobot_basement1_0.elf.dir/Middlewares/Third_Party/FreeRTOS/Source/tasks.c.obj
 .bss.xSchedulerRunning
                0x200045d8        0x4 CMakeFiles/Autobot_basement1_0.elf.dir/Middlewares/Third_Party/FreeRTOS/Source/tasks.c.obj
 .bss.xSuspendedTaskList
                0x200045dc       0x14 CMakeFiles/Autobot_basement1_0.elf.dir/Middlewares/Third_Party/FreeRTOS/Source/tasks.c.obj
 .bss.xTasksWaitingTermination
                0x200045f0       0x14 CMakeFiles/Autobot_basement1_0.elf.dir/Middlewares/Third_Party/FreeRTOS/Source/tasks.c.obj
 .bss.xTickCount
                0x20004604        0x4 CMakeFiles/Autobot_basement1_0.elf.dir/Middlewares/Third_Party/FreeRTOS/Source/tasks.c.obj
 .bss.xYieldPending
                0x20004608        0x4 CMakeFiles/Autobot_basement1_0.elf.dir/Middlewares/Third_Party/FreeRTOS/Source/tasks.c.obj
 .bss.hUsbDeviceFS
                0x2000460c      0x2d0 CMakeFiles/Autobot_basement1_0.elf.dir/USB_DEVICE/App/usb_device.c.obj
                0x2000460c                hUsbDeviceFS
 .bss.UserRxBufferFS
                0x200048dc      0x800 CMakeFiles/Autobot_basement1_0.elf.dir/USB_DEVICE/App/usbd_cdc_if.c.obj
                0x200048dc                UserRxBufferFS
 .bss.UserTxBufferFS
                0x200050dc      0x800 CMakeFiles/Autobot_basement1_0.elf.dir/USB_DEVICE/App/usbd_cdc_if.c.obj
                0x200050dc                UserTxBufferFS
 .bss.USBD_StrDesc
                0x200058dc      0x200 CMakeFiles/Autobot_basement1_0.elf.dir/USB_DEVICE/App/usbd_desc.c.obj
                0x200058dc                USBD_StrDesc
 .bss.hpcd_USB_OTG_FS
                0x20005adc      0x408 CMakeFiles/Autobot_basement1_0.elf.dir/USB_DEVICE/Target/usbd_conf.c.obj
                0x20005adc                hpcd_USB_OTG_FS
 .bss.mem.0     0x20005ee4      0x220 CMakeFiles/Autobot_basement1_0.elf.dir/USB_DEVICE/Target/usbd_conf.c.obj
 .bss.__lock___atexit_recursive_mutex
                0x20006104        0x1 d:/053-gcc-arm-none-eabi/bin/../lib/gcc/arm-none-eabi/10.2.1/../../../../arm-none-eabi/lib/thumb/v7e-m+fp/hard\libg.a(lib_a-lock.o)
                0x20006104                __lock___atexit_recursive_mutex
 *(COMMON)
                0x20006108                . = ALIGN (0x4)
 *fill*         0x20006105        0x3 
                0x20006108                _ebss = .
                0x20006108                __bss_end__ = _ebss

._user_heap_stack
                0x20006108      0x600
                0x20006108                . = ALIGN (0x8)
                0x20006108                PROVIDE (end = .)
                [!provide]                PROVIDE (_end = .)
                0x20006308                . = (. + _Min_Heap_Size)
 *fill*         0x20006108      0x200 
                0x20006708                . = (. + _Min_Stack_Size)
 *fill*         0x20006308      0x400 
                0x20006708                . = ALIGN (0x8)

/DISCARD/
 libc.a(*)
 libm.a(*)
 libgcc.a(*)

.ARM.attributes
                0x00000000       0x30
 *(.ARM.attributes)
 .ARM.attributes
                0x00000000       0x1e d:/053-gcc-arm-none-eabi/bin/../lib/gcc/arm-none-eabi/10.2.1/thumb/v7e-m+fp/hard/crti.o
 .ARM.attributes
                0x0000001e       0x34 d:/053-gcc-arm-none-eabi/bin/../lib/gcc/arm-none-eabi/10.2.1/thumb/v7e-m+fp/hard/crtbegin.o
 .ARM.attributes
                0x00000052       0x34 CMakeFiles/Autobot_basement1_0.elf.dir/Core/Src/freertos.c.obj
 .ARM.attributes
                0x00000086       0x34 CMakeFiles/Autobot_basement1_0.elf.dir/Core/Src/main.c.obj
 .ARM.attributes
                0x000000ba       0x34 CMakeFiles/Autobot_basement1_0.elf.dir/Core/Src/stm32f4xx_hal_msp.c.obj
 .ARM.attributes
                0x000000ee       0x34 CMakeFiles/Autobot_basement1_0.elf.dir/Core/Src/stm32f4xx_hal_timebase_tim.c.obj
 .ARM.attributes
                0x00000122       0x34 CMakeFiles/Autobot_basement1_0.elf.dir/Core/Src/stm32f4xx_it.c.obj
 .ARM.attributes
                0x00000156       0x34 CMakeFiles/Autobot_basement1_0.elf.dir/Core/Src/system_stm32f4xx.c.obj
 .ARM.attributes
                0x0000018a       0x34 CMakeFiles/Autobot_basement1_0.elf.dir/Drivers/STM32F4xx_HAL_Driver/Src/stm32f4xx_hal.c.obj
 .ARM.attributes
                0x000001be       0x34 CMakeFiles/Autobot_basement1_0.elf.dir/Drivers/STM32F4xx_HAL_Driver/Src/stm32f4xx_hal_cortex.c.obj
 .ARM.attributes
                0x000001f2       0x34 CMakeFiles/Autobot_basement1_0.elf.dir/Drivers/STM32F4xx_HAL_Driver/Src/stm32f4xx_hal_gpio.c.obj
 .ARM.attributes
                0x00000226       0x34 CMakeFiles/Autobot_basement1_0.elf.dir/Drivers/STM32F4xx_HAL_Driver/Src/stm32f4xx_hal_pcd.c.obj
 .ARM.attributes
                0x0000025a       0x34 CMakeFiles/Autobot_basement1_0.elf.dir/Drivers/STM32F4xx_HAL_Driver/Src/stm32f4xx_hal_pcd_ex.c.obj
 .ARM.attributes
                0x0000028e       0x34 CMakeFiles/Autobot_basement1_0.elf.dir/Drivers/STM32F4xx_HAL_Driver/Src/stm32f4xx_hal_rcc.c.obj
 .ARM.attributes
                0x000002c2       0x34 CMakeFiles/Autobot_basement1_0.elf.dir/Drivers/STM32F4xx_HAL_Driver/Src/stm32f4xx_hal_tim.c.obj
 .ARM.attributes
                0x000002f6       0x34 CMakeFiles/Autobot_basement1_0.elf.dir/Drivers/STM32F4xx_HAL_Driver/Src/stm32f4xx_hal_tim_ex.c.obj
 .ARM.attributes
                0x0000032a       0x34 CMakeFiles/Autobot_basement1_0.elf.dir/Drivers/STM32F4xx_HAL_Driver/Src/stm32f4xx_hal_uart.c.obj
 .ARM.attributes
                0x0000035e       0x34 CMakeFiles/Autobot_basement1_0.elf.dir/Drivers/STM32F4xx_HAL_Driver/Src/stm32f4xx_ll_usb.c.obj
 .ARM.attributes
                0x00000392       0x34 CMakeFiles/Autobot_basement1_0.elf.dir/Middlewares/ST/STM32_USB_Device_Library/Class/CDC/Src/usbd_cdc.c.obj
 .ARM.attributes
                0x000003c6       0x34 CMakeFiles/Autobot_basement1_0.elf.dir/Middlewares/ST/STM32_USB_Device_Library/Core/Src/usbd_core.c.obj
 .ARM.attributes
                0x000003fa       0x34 CMakeFiles/Autobot_basement1_0.elf.dir/Middlewares/ST/STM32_USB_Device_Library/Core/Src/usbd_ctlreq.c.obj
 .ARM.attributes
                0x0000042e       0x34 CMakeFiles/Autobot_basement1_0.elf.dir/Middlewares/ST/STM32_USB_Device_Library/Core/Src/usbd_ioreq.c.obj
 .ARM.attributes
                0x00000462       0x34 CMakeFiles/Autobot_basement1_0.elf.dir/Middlewares/Third_Party/FreeRTOS/Source/CMSIS_RTOS/cmsis_os.c.obj
 .ARM.attributes
                0x00000496       0x34 CMakeFiles/Autobot_basement1_0.elf.dir/Middlewares/Third_Party/FreeRTOS/Source/list.c.obj
 .ARM.attributes
                0x000004ca       0x34 CMakeFiles/Autobot_basement1_0.elf.dir/Middlewares/Third_Party/FreeRTOS/Source/portable/GCC/ARM_CM4F/port.c.obj
 .ARM.attributes
                0x000004fe       0x34 CMakeFiles/Autobot_basement1_0.elf.dir/Middlewares/Third_Party/FreeRTOS/Source/portable/MemMang/heap_4.c.obj
 .ARM.attributes
                0x00000532       0x34 CMakeFiles/Autobot_basement1_0.elf.dir/Middlewares/Third_Party/FreeRTOS/Source/tasks.c.obj
 .ARM.attributes
                0x00000566       0x34 CMakeFiles/Autobot_basement1_0.elf.dir/USB_DEVICE/App/usb_device.c.obj
 .ARM.attributes
                0x0000059a       0x34 CMakeFiles/Autobot_basement1_0.elf.dir/USB_DEVICE/App/usbd_cdc_if.c.obj
 .ARM.attributes
                0x000005ce       0x34 CMakeFiles/Autobot_basement1_0.elf.dir/USB_DEVICE/App/usbd_desc.c.obj
 .ARM.attributes
                0x00000602       0x34 CMakeFiles/Autobot_basement1_0.elf.dir/USB_DEVICE/Target/usbd_conf.c.obj
 .ARM.attributes
                0x00000636       0x21 CMakeFiles/Autobot_basement1_0.elf.dir/startup/startup_stm32f407xx.s.obj
 .ARM.attributes
                0x00000657       0x1e d:/053-gcc-arm-none-eabi/bin/../lib/gcc/arm-none-eabi/10.2.1/thumb/v7e-m+fp/hard\libgcc.a(_aeabi_uldivmod.o)
 .ARM.attributes
                0x00000675       0x34 d:/053-gcc-arm-none-eabi/bin/../lib/gcc/arm-none-eabi/10.2.1/thumb/v7e-m+fp/hard\libgcc.a(_udivmoddi4.o)
 .ARM.attributes
                0x000006a9       0x1e d:/053-gcc-arm-none-eabi/bin/../lib/gcc/arm-none-eabi/10.2.1/thumb/v7e-m+fp/hard\libgcc.a(_dvmd_tls.o)
 .ARM.attributes
                0x000006c7       0x32 d:/053-gcc-arm-none-eabi/bin/../lib/gcc/arm-none-eabi/10.2.1/../../../../arm-none-eabi/lib/thumb/v7e-m+fp/hard\libg.a(lib_a-impure.o)
 .ARM.attributes
                0x000006f9       0x34 d:/053-gcc-arm-none-eabi/bin/../lib/gcc/arm-none-eabi/10.2.1/../../../../arm-none-eabi/lib/thumb/v7e-m+fp/hard\libg.a(lib_a-init.o)
 .ARM.attributes
                0x0000072d       0x34 d:/053-gcc-arm-none-eabi/bin/../lib/gcc/arm-none-eabi/10.2.1/../../../../arm-none-eabi/lib/thumb/v7e-m+fp/hard\libg.a(lib_a-memset.o)
 .ARM.attributes
                0x00000761       0x34 d:/053-gcc-arm-none-eabi/bin/../lib/gcc/arm-none-eabi/10.2.1/../../../../arm-none-eabi/lib/thumb/v7e-m+fp/hard\libg.a(lib_a-__call_atexit.o)
 .ARM.attributes
                0x00000795       0x34 d:/053-gcc-arm-none-eabi/bin/../lib/gcc/arm-none-eabi/10.2.1/../../../../arm-none-eabi/lib/thumb/v7e-m+fp/hard\libg.a(lib_a-atexit.o)
 .ARM.attributes
                0x000007c9       0x34 d:/053-gcc-arm-none-eabi/bin/../lib/gcc/arm-none-eabi/10.2.1/../../../../arm-none-eabi/lib/thumb/v7e-m+fp/hard\libg.a(lib_a-fini.o)
 .ARM.attributes
                0x000007fd       0x34 d:/053-gcc-arm-none-eabi/bin/../lib/gcc/arm-none-eabi/10.2.1/../../../../arm-none-eabi/lib/thumb/v7e-m+fp/hard\libg.a(lib_a-lock.o)
 .ARM.attributes
                0x00000831       0x34 d:/053-gcc-arm-none-eabi/bin/../lib/gcc/arm-none-eabi/10.2.1/../../../../arm-none-eabi/lib/thumb/v7e-m+fp/hard\libg.a(lib_a-__atexit.o)
 .ARM.attributes
                0x00000865       0x1e d:/053-gcc-arm-none-eabi/bin/../lib/gcc/arm-none-eabi/10.2.1/thumb/v7e-m+fp/hard/crtn.o
OUTPUT(Autobot_basement1_0.elf elf32-littlearm)
LOAD linker stubs
LOAD d:/053-gcc-arm-none-eabi/bin/../lib/gcc/arm-none-eabi/10.2.1/../../../../arm-none-eabi/lib/thumb/v7e-m+fp/hard\libc.a
LOAD d:/053-gcc-arm-none-eabi/bin/../lib/gcc/arm-none-eabi/10.2.1/../../../../arm-none-eabi/lib/thumb/v7e-m+fp/hard\libm.a
LOAD d:/053-gcc-arm-none-eabi/bin/../lib/gcc/arm-none-eabi/10.2.1/thumb/v7e-m+fp/hard\libgcc.a

.debug_info     0x00000000    0x2134b
 .debug_info    0x00000000      0x28d CMakeFiles/Autobot_basement1_0.elf.dir/Core/Src/freertos.c.obj
 .debug_info    0x0000028d     0x1338 CMakeFiles/Autobot_basement1_0.elf.dir/Core/Src/main.c.obj
 .debug_info    0x000015c5      0xbcf CMakeFiles/Autobot_basement1_0.elf.dir/Core/Src/stm32f4xx_hal_msp.c.obj
 .debug_info    0x00002194      0xc62 CMakeFiles/Autobot_basement1_0.elf.dir/Core/Src/stm32f4xx_hal_timebase_tim.c.obj
 .debug_info    0x00002df6      0xbb9 CMakeFiles/Autobot_basement1_0.elf.dir/Core/Src/stm32f4xx_it.c.obj
 .debug_info    0x000039af      0x538 CMakeFiles/Autobot_basement1_0.elf.dir/Core/Src/system_stm32f4xx.c.obj
 .debug_info    0x00003ee7      0x9f0 CMakeFiles/Autobot_basement1_0.elf.dir/Drivers/STM32F4xx_HAL_Driver/Src/stm32f4xx_hal.c.obj
 .debug_info    0x000048d7     0x1098 CMakeFiles/Autobot_basement1_0.elf.dir/Drivers/STM32F4xx_HAL_Driver/Src/stm32f4xx_hal_cortex.c.obj
 .debug_info    0x0000596f      0x7b0 CMakeFiles/Autobot_basement1_0.elf.dir/Drivers/STM32F4xx_HAL_Driver/Src/stm32f4xx_hal_gpio.c.obj
 .debug_info    0x0000611f     0x19dc CMakeFiles/Autobot_basement1_0.elf.dir/Drivers/STM32F4xx_HAL_Driver/Src/stm32f4xx_hal_pcd.c.obj
 .debug_info    0x00007afb      0x6fe CMakeFiles/Autobot_basement1_0.elf.dir/Drivers/STM32F4xx_HAL_Driver/Src/stm32f4xx_hal_pcd_ex.c.obj
 .debug_info    0x000081f9      0xb03 CMakeFiles/Autobot_basement1_0.elf.dir/Drivers/STM32F4xx_HAL_Driver/Src/stm32f4xx_hal_rcc.c.obj
 .debug_info    0x00008cfc     0x3d5c CMakeFiles/Autobot_basement1_0.elf.dir/Drivers/STM32F4xx_HAL_Driver/Src/stm32f4xx_hal_tim.c.obj
 .debug_info    0x0000ca58     0x1ade CMakeFiles/Autobot_basement1_0.elf.dir/Drivers/STM32F4xx_HAL_Driver/Src/stm32f4xx_hal_tim_ex.c.obj
 .debug_info    0x0000e536     0x4233 CMakeFiles/Autobot_basement1_0.elf.dir/Drivers/STM32F4xx_HAL_Driver/Src/stm32f4xx_hal_uart.c.obj
 .debug_info    0x00012769     0x1ee6 CMakeFiles/Autobot_basement1_0.elf.dir/Drivers/STM32F4xx_HAL_Driver/Src/stm32f4xx_ll_usb.c.obj
 .debug_info    0x0001464f     0x13dc CMakeFiles/Autobot_basement1_0.elf.dir/Middlewares/ST/STM32_USB_Device_Library/Class/CDC/Src/usbd_cdc.c.obj
 .debug_info    0x00015a2b      0xe39 CMakeFiles/Autobot_basement1_0.elf.dir/Middlewares/ST/STM32_USB_Device_Library/Core/Src/usbd_core.c.obj
 .debug_info    0x00016864     0x12f2 CMakeFiles/Autobot_basement1_0.elf.dir/Middlewares/ST/STM32_USB_Device_Library/Core/Src/usbd_ctlreq.c.obj
 .debug_info    0x00017b56      0x871 CMakeFiles/Autobot_basement1_0.elf.dir/Middlewares/ST/STM32_USB_Device_Library/Core/Src/usbd_ioreq.c.obj
 .debug_info    0x000183c7     0x222b CMakeFiles/Autobot_basement1_0.elf.dir/Middlewares/Third_Party/FreeRTOS/Source/CMSIS_RTOS/cmsis_os.c.obj
 .debug_info    0x0001a5f2      0x2e0 CMakeFiles/Autobot_basement1_0.elf.dir/Middlewares/Third_Party/FreeRTOS/Source/list.c.obj
 .debug_info    0x0001a8d2      0x587 CMakeFiles/Autobot_basement1_0.elf.dir/Middlewares/Third_Party/FreeRTOS/Source/portable/GCC/ARM_CM4F/port.c.obj
 .debug_info    0x0001ae59      0x5d9 CMakeFiles/Autobot_basement1_0.elf.dir/Middlewares/Third_Party/FreeRTOS/Source/portable/MemMang/heap_4.c.obj
 .debug_info    0x0001b432     0x2971 CMakeFiles/Autobot_basement1_0.elf.dir/Middlewares/Third_Party/FreeRTOS/Source/tasks.c.obj
 .debug_info    0x0001dda3      0x747 CMakeFiles/Autobot_basement1_0.elf.dir/USB_DEVICE/App/usb_device.c.obj
 .debug_info    0x0001e4ea      0x98e CMakeFiles/Autobot_basement1_0.elf.dir/USB_DEVICE/App/usbd_cdc_if.c.obj
 .debug_info    0x0001ee78      0x5fd CMakeFiles/Autobot_basement1_0.elf.dir/USB_DEVICE/App/usbd_desc.c.obj
 .debug_info    0x0001f475     0x1eb4 CMakeFiles/Autobot_basement1_0.elf.dir/USB_DEVICE/Target/usbd_conf.c.obj
 .debug_info    0x00021329       0x22 CMakeFiles/Autobot_basement1_0.elf.dir/startup/startup_stm32f407xx.s.obj

.debug_abbrev   0x00000000     0x41a3
 .debug_abbrev  0x00000000       0xca CMakeFiles/Autobot_basement1_0.elf.dir/Core/Src/freertos.c.obj
 .debug_abbrev  0x000000ca      0x2a6 CMakeFiles/Autobot_basement1_0.elf.dir/Core/Src/main.c.obj
 .debug_abbrev  0x00000370      0x1a2 CMakeFiles/Autobot_basement1_0.elf.dir/Core/Src/stm32f4xx_hal_msp.c.obj
 .debug_abbrev  0x00000512      0x1ec CMakeFiles/Autobot_basement1_0.elf.dir/Core/Src/stm32f4xx_hal_timebase_tim.c.obj
 .debug_abbrev  0x000006fe      0x1ca CMakeFiles/Autobot_basement1_0.elf.dir/Core/Src/stm32f4xx_it.c.obj
 .debug_abbrev  0x000008c8      0x119 CMakeFiles/Autobot_basement1_0.elf.dir/Core/Src/system_stm32f4xx.c.obj
 .debug_abbrev  0x000009e1      0x206 CMakeFiles/Autobot_basement1_0.elf.dir/Drivers/STM32F4xx_HAL_Driver/Src/stm32f4xx_hal.c.obj
 .debug_abbrev  0x00000be7      0x36a CMakeFiles/Autobot_basement1_0.elf.dir/Drivers/STM32F4xx_HAL_Driver/Src/stm32f4xx_hal_cortex.c.obj
 .debug_abbrev  0x00000f51      0x1ef CMakeFiles/Autobot_basement1_0.elf.dir/Drivers/STM32F4xx_HAL_Driver/Src/stm32f4xx_hal_gpio.c.obj
 .debug_abbrev  0x00001140      0x2a6 CMakeFiles/Autobot_basement1_0.elf.dir/Drivers/STM32F4xx_HAL_Driver/Src/stm32f4xx_hal_pcd.c.obj
 .debug_abbrev  0x000013e6      0x1e5 CMakeFiles/Autobot_basement1_0.elf.dir/Drivers/STM32F4xx_HAL_Driver/Src/stm32f4xx_hal_pcd_ex.c.obj
 .debug_abbrev  0x000015cb      0x28a CMakeFiles/Autobot_basement1_0.elf.dir/Drivers/STM32F4xx_HAL_Driver/Src/stm32f4xx_hal_rcc.c.obj
 .debug_abbrev  0x00001855      0x22b CMakeFiles/Autobot_basement1_0.elf.dir/Drivers/STM32F4xx_HAL_Driver/Src/stm32f4xx_hal_tim.c.obj
 .debug_abbrev  0x00001a80      0x241 CMakeFiles/Autobot_basement1_0.elf.dir/Drivers/STM32F4xx_HAL_Driver/Src/stm32f4xx_hal_tim_ex.c.obj
 .debug_abbrev  0x00001cc1      0x2f6 CMakeFiles/Autobot_basement1_0.elf.dir/Drivers/STM32F4xx_HAL_Driver/Src/stm32f4xx_hal_uart.c.obj
 .debug_abbrev  0x00001fb7      0x2cb CMakeFiles/Autobot_basement1_0.elf.dir/Drivers/STM32F4xx_HAL_Driver/Src/stm32f4xx_ll_usb.c.obj
 .debug_abbrev  0x00002282      0x2de CMakeFiles/Autobot_basement1_0.elf.dir/Middlewares/ST/STM32_USB_Device_Library/Class/CDC/Src/usbd_cdc.c.obj
 .debug_abbrev  0x00002560      0x250 CMakeFiles/Autobot_basement1_0.elf.dir/Middlewares/ST/STM32_USB_Device_Library/Core/Src/usbd_core.c.obj
 .debug_abbrev  0x000027b0      0x33f CMakeFiles/Autobot_basement1_0.elf.dir/Middlewares/ST/STM32_USB_Device_Library/Core/Src/usbd_ctlreq.c.obj
 .debug_abbrev  0x00002aef      0x195 CMakeFiles/Autobot_basement1_0.elf.dir/Middlewares/ST/STM32_USB_Device_Library/Core/Src/usbd_ioreq.c.obj
 .debug_abbrev  0x00002c84      0x35b CMakeFiles/Autobot_basement1_0.elf.dir/Middlewares/Third_Party/FreeRTOS/Source/CMSIS_RTOS/cmsis_os.c.obj
 .debug_abbrev  0x00002fdf      0x106 CMakeFiles/Autobot_basement1_0.elf.dir/Middlewares/Third_Party/FreeRTOS/Source/list.c.obj
 .debug_abbrev  0x000030e5      0x26b CMakeFiles/Autobot_basement1_0.elf.dir/Middlewares/Third_Party/FreeRTOS/Source/portable/GCC/ARM_CM4F/port.c.obj
 .debug_abbrev  0x00003350      0x24b CMakeFiles/Autobot_basement1_0.elf.dir/Middlewares/Third_Party/FreeRTOS/Source/portable/MemMang/heap_4.c.obj
 .debug_abbrev  0x0000359b      0x313 CMakeFiles/Autobot_basement1_0.elf.dir/Middlewares/Third_Party/FreeRTOS/Source/tasks.c.obj
 .debug_abbrev  0x000038ae      0x1a7 CMakeFiles/Autobot_basement1_0.elf.dir/USB_DEVICE/App/usb_device.c.obj
 .debug_abbrev  0x00003a55      0x2b3 CMakeFiles/Autobot_basement1_0.elf.dir/USB_DEVICE/App/usbd_cdc_if.c.obj
 .debug_abbrev  0x00003d08      0x1ca CMakeFiles/Autobot_basement1_0.elf.dir/USB_DEVICE/App/usbd_desc.c.obj