Archive member included to satisfy reference by file (symbol)

d:/053-gcc-arm-none-eabi/bin/../lib/gcc/arm-none-eabi/10.2.1/thumb/v7e-m+fp/hard\libgcc.a(_aeabi_uldivmod.o)
                              CMakeFiles/Autobot_basement1_0.elf.dir/Drivers/STM32F4xx_HAL_Driver/Src/stm32f4xx_hal_rcc.c.obj (__aeabi_uldivmod)
d:/053-gcc-arm-none-eabi/bin/../lib/gcc/arm-none-eabi/10.2.1/thumb/v7e-m+fp/hard\libgcc.a(_udivmoddi4.o)
                              d:/053-gcc-arm-none-eabi/bin/../lib/gcc/arm-none-eabi/10.2.1/thumb/v7e-m+fp/hard\libgcc.a(_aeabi_uldivmod.o) (__udivmoddi4)
d:/053-gcc-arm-none-eabi/bin/../lib/gcc/arm-none-eabi/10.2.1/thumb/v7e-m+fp/hard\libgcc.a(_dvmd_tls.o)
                              d:/053-gcc-arm-none-eabi/bin/../lib/gcc/arm-none-eabi/10.2.1/thumb/v7e-m+fp/hard\libgcc.a(_aeabi_uldivmod.o) (__aeabi_ldiv0)
d:/053-gcc-arm-none-eabi/bin/../lib/gcc/arm-none-eabi/10.2.1/../../../../arm-none-eabi/lib/thumb/v7e-m+fp/hard\libg.a(lib_a-errno.o)
                              CMakeFiles/Autobot_basement1_0.elf.dir/Core/Src/syscalls.c.obj (__errno)
d:/053-gcc-arm-none-eabi/bin/../lib/gcc/arm-none-eabi/10.2.1/../../../../arm-none-eabi/lib/thumb/v7e-m+fp/hard\libg.a(lib_a-exit.o)
                              d:/053-gcc-arm-none-eabi/bin/../lib/gcc/arm-none-eabi/10.2.1/../../../../arm-none-eabi/lib/thumb/v7e-m+fp/hard/crt0.o (exit)
d:/053-gcc-arm-none-eabi/bin/../lib/gcc/arm-none-eabi/10.2.1/../../../../arm-none-eabi/lib/thumb/v7e-m+fp/hard\libg.a(lib_a-impure.o)
                              d:/053-gcc-arm-none-eabi/bin/../lib/gcc/arm-none-eabi/10.2.1/../../../../arm-none-eabi/lib/thumb/v7e-m+fp/hard\libg.a(lib_a-exit.o) (_global_impure_ptr)
d:/053-gcc-arm-none-eabi/bin/../lib/gcc/arm-none-eabi/10.2.1/../../../../arm-none-eabi/lib/thumb/v7e-m+fp/hard\libg.a(lib_a-init.o)
                              d:/053-gcc-arm-none-eabi/bin/../lib/gcc/arm-none-eabi/10.2.1/../../../../arm-none-eabi/lib/thumb/v7e-m+fp/hard/crt0.o (__libc_init_array)
d:/053-gcc-arm-none-eabi/bin/../lib/gcc/arm-none-eabi/10.2.1/../../../../arm-none-eabi/lib/thumb/v7e-m+fp/hard\libg.a(lib_a-memcpy.o)
                              CMakeFiles/Autobot_basement1_0.elf.dir/Middlewares/Third_Party/FreeRTOS/Source/queue.c.obj (memcpy)
d:/053-gcc-arm-none-eabi/bin/../lib/gcc/arm-none-eabi/10.2.1/../../../../arm-none-eabi/lib/thumb/v7e-m+fp/hard\libg.a(lib_a-memset.o)
                              d:/053-gcc-arm-none-eabi/bin/../lib/gcc/arm-none-eabi/10.2.1/../../../../arm-none-eabi/lib/thumb/v7e-m+fp/hard/crt0.o (memset)
d:/053-gcc-arm-none-eabi/bin/../lib/gcc/arm-none-eabi/10.2.1/../../../../arm-none-eabi/lib/thumb/v7e-m+fp/hard\libg.a(lib_a-__call_atexit.o)
                              d:/053-gcc-arm-none-eabi/bin/../lib/gcc/arm-none-eabi/10.2.1/../../../../arm-none-eabi/lib/thumb/v7e-m+fp/hard\libg.a(lib_a-exit.o) (__call_exitprocs)
d:/053-gcc-arm-none-eabi/bin/../lib/gcc/arm-none-eabi/10.2.1/../../../../arm-none-eabi/lib/thumb/v7e-m+fp/hard\libg.a(lib_a-atexit.o)
                              d:/053-gcc-arm-none-eabi/bin/../lib/gcc/arm-none-eabi/10.2.1/../../../../arm-none-eabi/lib/thumb/v7e-m+fp/hard\libg.a(lib_a-__call_atexit.o) (atexit)
d:/053-gcc-arm-none-eabi/bin/../lib/gcc/arm-none-eabi/10.2.1/../../../../arm-none-eabi/lib/thumb/v7e-m+fp/hard\libg.a(lib_a-fini.o)
                              d:/053-gcc-arm-none-eabi/bin/../lib/gcc/arm-none-eabi/10.2.1/../../../../arm-none-eabi/lib/thumb/v7e-m+fp/hard\libg.a(lib_a-__call_atexit.o) (__libc_fini_array)
d:/053-gcc-arm-none-eabi/bin/../lib/gcc/arm-none-eabi/10.2.1/../../../../arm-none-eabi/lib/thumb/v7e-m+fp/hard\libg.a(lib_a-lock.o)
                              d:/053-gcc-arm-none-eabi/bin/../lib/gcc/arm-none-eabi/10.2.1/../../../../arm-none-eabi/lib/thumb/v7e-m+fp/hard\libg.a(lib_a-__call_atexit.o) (__retarget_lock_acquire_recursive)
d:/053-gcc-arm-none-eabi/bin/../lib/gcc/arm-none-eabi/10.2.1/../../../../arm-none-eabi/lib/thumb/v7e-m+fp/hard\libg.a(lib_a-__atexit.o)
                              d:/053-gcc-arm-none-eabi/bin/../lib/gcc/arm-none-eabi/10.2.1/../../../../arm-none-eabi/lib/thumb/v7e-m+fp/hard\libg.a(lib_a-atexit.o) (__register_exitproc)

Discarded input sections

 .text          0x00000000        0x0 d:/053-gcc-arm-none-eabi/bin/../lib/gcc/arm-none-eabi/10.2.1/thumb/v7e-m+fp/hard/crti.o
 .data          0x00000000        0x0 d:/053-gcc-arm-none-eabi/bin/../lib/gcc/arm-none-eabi/10.2.1/thumb/v7e-m+fp/hard/crti.o
 .bss           0x00000000        0x0 d:/053-gcc-arm-none-eabi/bin/../lib/gcc/arm-none-eabi/10.2.1/thumb/v7e-m+fp/hard/crti.o
 .data          0x00000000        0x4 d:/053-gcc-arm-none-eabi/bin/../lib/gcc/arm-none-eabi/10.2.1/thumb/v7e-m+fp/hard/crtbegin.o
 .rodata        0x00000000       0x24 d:/053-gcc-arm-none-eabi/bin/../lib/gcc/arm-none-eabi/10.2.1/thumb/v7e-m+fp/hard/crtbegin.o
 .text          0x00000000       0x7c d:/053-gcc-arm-none-eabi/bin/../lib/gcc/arm-none-eabi/10.2.1/../../../../arm-none-eabi/lib/thumb/v7e-m+fp/hard/crt0.o
[...]
Memory Configuration

Name             Origin             Length             Attributes
RAM              0x20000000         0x00020000         xrw
CCMRAM           0x10000000         0x00010000         xrw
FLASH            0x08000000         0x00100000         xr
*default*        0x00000000         0xffffffff

Linker script and memory map

LOAD d:/053-gcc-arm-none-eabi/bin/../lib/gcc/arm-none-eabi/10.2.1/thumb/v7e-m+fp/hard/crti.o
LOAD d:/053-gcc-arm-none-eabi/bin/../lib/gcc/arm-none-eabi/10.2.1/thumb/v7e-m+fp/hard/crtbegin.o
LOAD d:/053-gcc-arm-none-eabi/bin/../lib/gcc/arm-none-eabi/10.2.1/../../../../arm-none-eabi/lib/thumb/v7e-m+fp/hard/crt0.o
LOAD CMakeFiles/Autobot_basement1_0.elf.dir/Core/Src/freertos.c.obj
LOAD CMakeFiles/Autobot_basement1_0.elf.dir/Core/Src/main.c.obj
LOAD CMakeFiles/Autobot_basement1_0.elf.dir/Core/Src/stm32f4xx_hal_msp.c.obj
LOAD CMakeFiles/Autobot_basement1_0.elf.dir/Core/Src/stm32f4xx_hal_timebase_tim.c.obj
LOAD CMakeFiles/Autobot_basement1_0.elf.dir/Core/Src/stm32f4xx_it.c.obj
LOAD CMakeFiles/Autobot_basement1_0.elf.dir/Core/Src/syscalls.c.obj
LOAD CMakeFiles/Autobot_basement1_0.elf.dir/Core/Src/system_stm32f4xx.c.obj
LOAD CMakeFiles/Autobot_basement1_0.elf.dir/Drivers/STM32F4xx_HAL_Driver/Src/stm32f4xx_hal.c.obj
LOAD CMakeFiles/Autobot_basement1_0.elf.dir/Drivers/STM32F4xx_HAL_Driver/Src/stm32f4xx_hal_cortex.c.obj
LOAD CMakeFiles/Autobot_basement1_0.elf.dir/Drivers/STM32F4xx_HAL_Driver/Src/stm32f4xx_hal_dma.c.obj
LOAD CMakeFiles/Autobot_basement1_0.elf.dir/Drivers/STM32F4xx_HAL_Driver/Src/stm32f4xx_hal_dma_ex.c.obj
LOAD CMakeFiles/Autobot_basement1_0.elf.dir/Drivers/STM32F4xx_HAL_Driver/Src/stm32f4xx_hal_exti.c.obj
LOAD CMakeFiles/Autobot_basement1_0.elf.dir/Drivers/STM32F4xx_HAL_Driver/Src/stm32f4xx_hal_flash.c.obj
LOAD CMakeFiles/Autobot_basement1_0.elf.dir/Drivers/STM32F4xx_HAL_Driver/Src/stm32f4xx_hal_flash_ex.c.obj
LOAD CMakeFiles/Autobot_basement1_0.elf.dir/Drivers/STM32F4xx_HAL_Driver/Src/stm32f4xx_hal_flash_ramfunc.c.obj
LOAD CMakeFiles/Autobot_basement1_0.elf.dir/Drivers/STM32F4xx_HAL_Driver/Src/stm32f4xx_hal_gpio.c.obj
LOAD CMakeFiles/Autobot_basement1_0.elf.dir/Drivers/STM32F4xx_HAL_Driver/Src/stm32f4xx_hal_pcd.c.obj
LOAD CMakeFiles/Autobot_basement1_0.elf.dir/Drivers/STM32F4xx_HAL_Driver/Src/stm32f4xx_hal_pcd_ex.c.obj
LOAD CMakeFiles/Autobot_basement1_0.elf.dir/Drivers/STM32F4xx_HAL_Driver/Src/stm32f4xx_hal_pwr.c.obj
LOAD CMakeFiles/Autobot_basement1_0.elf.dir/Drivers/STM32F4xx_HAL_Driver/Src/stm32f4xx_hal_pwr_ex.c.obj
LOAD CMakeFiles/Autobot_basement1_0.elf.dir/Drivers/STM32F4xx_HAL_Driver/Src/stm32f4xx_hal_rcc.c.obj
LOAD CMakeFiles/Autobot_basement1_0.elf.dir/Drivers/STM32F4xx_HAL_Driver/Src/stm32f4xx_hal_rcc_ex.c.obj
LOAD CMakeFiles/Autobot_basement1_0.elf.dir/Drivers/STM32F4xx_HAL_Driver/Src/stm32f4xx_hal_tim.c.obj
LOAD CMakeFiles/Autobot_basement1_0.elf.dir/Drivers/STM32F4xx_HAL_Driver/Src/stm32f4xx_hal_tim_ex.c.obj
LOAD CMakeFiles/Autobot_basement1_0.elf.dir/Drivers/STM32F4xx_HAL_Driver/Src/stm32f4xx_ll_usb.c.obj
LOAD CMakeFiles/Autobot_basement1_0.elf.dir/Middlewares/ST/STM32_USB_Device_Library/Class/CDC/Src/usbd_cdc.c.obj
LOAD CMakeFiles/Autobot_basement1_0.elf.dir/Middlewares/ST/STM32_USB_Device_Library/Core/Src/usbd_core.c.obj
LOAD CMakeFiles/Autobot_basement1_0.elf.dir/Middlewares/ST/STM32_USB_Device_Library/Core/Src/usbd_ctlreq.c.obj
LOAD CMakeFiles/Autobot_basement1_0.elf.dir/Middlewares/ST/STM32_USB_Device_Library/Core/Src/usbd_ioreq.c.obj
LOAD CMakeFiles/Autobot_basement1_0.elf.dir/Middlewares/Third_Party/FreeRTOS/Source/CMSIS_RTOS/cmsis_os.c.obj
LOAD CMakeFiles/Autobot_basement1_0.elf.dir/Middlewares/Third_Party/FreeRTOS/Source/croutine.c.obj
LOAD CMakeFiles/Autobot_basement1_0.elf.dir/Middlewares/Third_Party/FreeRTOS/Source/event_groups.c.obj
LOAD CMakeFiles/Autobot_basement1_0.elf.dir/Middlewares/Third_Party/FreeRTOS/Source/list.c.obj
LOAD CMakeFiles/Autobot_basement1_0.elf.dir/Middlewares/Third_Party/FreeRTOS/Source/portable/GCC/ARM_CM4F/port.c.obj
LOAD CMakeFiles/Autobot_basement1_0.elf.dir/Middlewares/Third_Party/FreeRTOS/Source/portable/MemMang/heap_4.c.obj
LOAD CMakeFiles/Autobot_basement1_0.elf.dir/Middlewares/Third_Party/FreeRTOS/Source/queue.c.obj
LOAD CMakeFiles/Autobot_basement1_0.elf.dir/Middlewares/Third_Party/FreeRTOS/Source/stream_buffer.c.obj
LOAD CMakeFiles/Autobot_basement1_0.elf.dir/Middlewares/Third_Party/FreeRTOS/Source/tasks.c.obj
LOAD CMakeFiles/Autobot_basement1_0.elf.dir/Middlewares/Third_Party/FreeRTOS/Source/timers.c.obj
LOAD CMakeFiles/Autobot_basement1_0.elf.dir/USB_DEVICE/App/usb_device.c.obj
LOAD CMakeFiles/Autobot_basement1_0.elf.dir/USB_DEVICE/App/usbd_cdc_if.c.obj
LOAD CMakeFiles/Autobot_basement1_0.elf.dir/USB_DEVICE/App/usbd_desc.c.obj
LOAD CMakeFiles/Autobot_basement1_0.elf.dir/USB_DEVICE/Target/usbd_conf.c.obj
LOAD CMakeFiles/Autobot_basement1_0.elf.dir/startup/startup_stm32f407xx.s.obj
START GROUP
LOAD d:/053-gcc-arm-none-eabi/bin/../lib/gcc/arm-none-eabi/10.2.1/thumb/v7e-m+fp/hard\libgcc.a
LOAD d:/053-gcc-arm-none-eabi/bin/../lib/gcc/arm-none-eabi/10.2.1/../../../../arm-none-eabi/lib/thumb/v7e-m+fp/hard\libg.a
LOAD d:/053-gcc-arm-none-eabi/bin/../lib/gcc/arm-none-eabi/10.2.1/../../../../arm-none-eabi/lib/thumb/v7e-m+fp/hard\libc.a
END GROUP
LOAD d:/053-gcc-arm-none-eabi/bin/../lib/gcc/arm-none-eabi/10.2.1/thumb/v7e-m+fp/hard/crtend.o
LOAD d:/053-gcc-arm-none-eabi/bin/../lib/gcc/arm-none-eabi/10.2.1/thumb/v7e-m+fp/hard/crtn.o
                0x20020000                _estack = 0x20020000
                0x00000200                _Min_Heap_Size = 0x200
                0x00000400                _Min_Stack_Size = 0x400

.isr_vector     0x08000000      0x188
                0x08000000                . = ALIGN (0x4)
 *(.isr_vector)
 .isr_vector    0x08000000      0x188 CMakeFiles/Autobot_basement1_0.elf.dir/startup/startup_stm32f407xx.s.obj
                0x08000000                g_pfnVectors
                0x08000188                . = ALIGN (0x4)

.text           0x08000190     0x4c3c
                0x08000190                . = ALIGN (0x4)
 *(.text)
 .text          0x08000190       0x40 d:/053-gcc-arm-none-eabi/bin/../lib/gcc/arm-none-eabi/10.2.1/thumb/v7e-m+fp/hard/crtbegin.o
 .text          0x080001d0       0x30 d:/053-gcc-arm-none-eabi/bin/../lib/gcc/arm-none-eabi/10.2.1/thumb/v7e-m+fp/hard\libgcc.a(_aeabi_uldivmod.o)
                0x080001d0                __aeabi_uldivmod
 .text          0x08000200      0x2d0 d:/053-gcc-arm-none-eabi/bin/../lib/gcc/arm-none-eabi/10.2.1/thumb/v7e-m+fp/hard\libgcc.a(_udivmoddi4.o)
                0x08000200                __udivmoddi4
 .text          0x080004d0        0x4 d:/053-gcc-arm-none-eabi/bin/../lib/gcc/arm-none-eabi/10.2.1/thumb/v7e-m+fp/hard\libgcc.a(_dvmd_tls.o)
                0x080004d0                __aeabi_idiv0
                0x080004d0                __aeabi_ldiv0
 *(.text*)
 .text.vApplicationGetIdleTaskMemory
                0x080004d4       0x18 CMakeFiles/Autobot_basement1_0.elf.dir/Core/Src/freertos.c.obj
                0x080004d4                vApplicationGetIdleTaskMemory
 .text.MX_GPIO_Init
                0x080004ec       0x68 CMakeFiles/Autobot_basement1_0.elf.dir/Core/Src/main.c.obj
 .text.StartDefaultTask
                0x08000554       0x1c CMakeFiles/Autobot_basement1_0.elf.dir/Core/Src/main.c.obj
                0x08000554                StartDefaultTask
 .text.HAL_TIM_PeriodElapsedCallback
                0x08000570       0x18 CMakeFiles/Autobot_basement1_0.elf.dir/Core/Src/main.c.obj
                0x08000570                HAL_TIM_PeriodElapsedCallback
 .text.Error_Handler
                0x08000588        0x4 CMakeFiles/Autobot_basement1_0.elf.dir/Core/Src/main.c.obj
                0x08000588                Error_Handler
 .text.SystemClock_Config
                0x0800058c       0xa8 CMakeFiles/Autobot_basement1_0.elf.dir/Core/Src/main.c.obj
                0x0800058c                SystemClock_Config
 .text.main     0x08000634       0x40 CMakeFiles/Autobot_basement1_0.elf.dir/Core/Src/main.c.obj
                0x08000634                main
 .text.HAL_MspInit
                0x08000674       0x44 CMakeFiles/Autobot_basement1_0.elf.dir/Core/Src/stm32f4xx_hal_msp.c.obj
                0x08000674                HAL_MspInit
 .text.HAL_InitTick
                0x080006b8       0x7c CMakeFiles/Autobot_basement1_0.elf.dir/Core/Src/stm32f4xx_hal_timebase_tim.c.obj
                0x080006b8                HAL_InitTick
 .text.NMI_Handler
                0x08000734        0x2 CMakeFiles/Autobot_basement1_0.elf.dir/Core/Src/stm32f4xx_it.c.obj
                0x08000734                NMI_Handler
 .text.HardFault_Handler
                0x08000736        0x2 CMakeFiles/Autobot_basement1_0.elf.dir/Core/Src/stm32f4xx_it.c.obj
                0x08000736                HardFault_Handler
 .text.MemManage_Handler
                0x08000738        0x2 CMakeFiles/Autobot_basement1_0.elf.dir/Core/Src/stm32f4xx_it.c.obj
                0x08000738                MemManage_Handler
 .text.BusFault_Handler
                0x0800073a        0x2 CMakeFiles/Autobot_basement1_0.elf.dir/Core/Src/stm32f4xx_it.c.obj
                0x0800073a                BusFault_Handler
 .text.UsageFault_Handler
                0x0800073c        0x2 CMakeFiles/Autobot_basement1_0.elf.dir/Core/Src/stm32f4xx_it.c.obj
                0x0800073c                UsageFault_Handler
 .text.DebugMon_Handler
                0x0800073e        0x2 CMakeFiles/Autobot_basement1_0.elf.dir/Core/Src/stm32f4xx_it.c.obj
                0x0800073e                DebugMon_Handler
 .text.TIM8_TRG_COM_TIM14_IRQHandler
                0x08000740       0x10 CMakeFiles/Autobot_basement1_0.elf.dir/Core/Src/stm32f4xx_it.c.obj
                0x08000740                TIM8_TRG_COM_TIM14_IRQHandler
 .text.OTG_FS_IRQHandler
                0x08000750       0x10 CMakeFiles/Autobot_basement1_0.elf.dir/Core/Src/stm32f4xx_it.c.obj
                0x08000750                OTG_FS_IRQHandler
 .text.SystemInit
                0x08000760       0x14 CMakeFiles/Autobot_basement1_0.elf.dir/Core/Src/system_stm32f4xx.c.obj
                0x08000760                SystemInit
 .text.HAL_Init
                0x08000774       0x34 CMakeFiles/Autobot_basement1_0.elf.dir/Drivers/STM32F4xx_HAL_Driver/Src/stm32f4xx_hal.c.obj
                0x08000774                HAL_Init
 .text.HAL_IncTick
                0x080007a8       0x18 CMakeFiles/Autobot_basement1_0.elf.dir/Drivers/STM32F4xx_HAL_Driver/Src/stm32f4xx_hal.c.obj
                0x080007a8                HAL_IncTick
 .text.HAL_GetTick
                0x080007c0        0xc CMakeFiles/Autobot_basement1_0.elf.dir/Drivers/STM32F4xx_HAL_Driver/Src/stm32f4xx_hal.c.obj
                0x080007c0                HAL_GetTick
 .text.HAL_Delay
                0x080007cc       0x28 CMakeFiles/Autobot_basement1_0.elf.dir/Drivers/STM32F4xx_HAL_Driver/Src/stm32f4xx_hal.c.obj
                0x080007cc                HAL_Delay
 .text.HAL_NVIC_SetPriorityGrouping
                0x080007f4       0x24 CMakeFiles/Autobot_basement1_0.elf.dir/Drivers/STM32F4xx_HAL_Driver/Src/stm32f4xx_hal_cortex.c.obj
                0x080007f4                HAL_NVIC_SetPriorityGrouping
 .text.HAL_NVIC_SetPriority
                0x08000818       0x70 CMakeFiles/Autobot_basement1_0.elf.dir/Drivers/STM32F4xx_HAL_Driver/Src/stm32f4xx_hal_cortex.c.obj
                0x08000818                HAL_NVIC_SetPriority
 .text.HAL_NVIC_EnableIRQ
                0x08000888       0x1c CMakeFiles/Autobot_basement1_0.elf.dir/Drivers/STM32F4xx_HAL_Driver/Src/stm32f4xx_hal_cortex.c.obj
                0x08000888                HAL_NVIC_EnableIRQ
 .text.HAL_GPIO_Init
                0x080008a4      0x1e4 CMakeFiles/Autobot_basement1_0.elf.dir/Drivers/STM32F4xx_HAL_Driver/Src/stm32f4xx_hal_gpio.c.obj
                0x080008a4                HAL_GPIO_Init
 .text.HAL_GPIO_WritePin
                0x08000a88        0xc CMakeFiles/Autobot_basement1_0.elf.dir/Drivers/STM32F4xx_HAL_Driver/Src/stm32f4xx_hal_gpio.c.obj
                0x08000a88                HAL_GPIO_WritePin
 .text.HAL_GPIO_TogglePin
                0x08000a94       0x12 CMakeFiles/Autobot_basement1_0.elf.dir/Drivers/STM32F4xx_HAL_Driver/Src/stm32f4xx_hal_gpio.c.obj
                0x08000a94                HAL_GPIO_TogglePin
 .text.PCD_WriteEmptyTxFifo
                0x08000aa6       0xd0 CMakeFiles/Autobot_basement1_0.elf.dir/Drivers/STM32F4xx_HAL_Driver/Src/stm32f4xx_hal_pcd.c.obj
 .text.HAL_PCD_Init
                0x08000b76      0x12e CMakeFiles/Autobot_basement1_0.elf.dir/Drivers/STM32F4xx_HAL_Driver/Src/stm32f4xx_hal_pcd.c.obj
                0x08000b76                HAL_PCD_Init
 .text.HAL_PCD_Start
                0x08000ca4       0x42 CMakeFiles/Autobot_basement1_0.elf.dir/Drivers/STM32F4xx_HAL_Driver/Src/stm32f4xx_hal_pcd.c.obj
                0x08000ca4                HAL_PCD_Start
 *fill*         0x08000ce6        0x2 
 .text.PCD_EP_OutXfrComplete_int
                0x08000ce8       0xf4 CMakeFiles/Autobot_basement1_0.elf.dir/Drivers/STM32F4xx_HAL_Driver/Src/stm32f4xx_hal_pcd.c.obj
 .text.PCD_EP_OutSetupPacket_int
                0x08000ddc       0x50 CMakeFiles/Autobot_basement1_0.elf.dir/Drivers/STM32F4xx_HAL_Driver/Src/stm32f4xx_hal_pcd.c.obj
 .text.HAL_PCD_IRQHandler
                0x08000e2c      0x476 CMakeFiles/Autobot_basement1_0.elf.dir/Drivers/STM32F4xx_HAL_Driver/Src/stm32f4xx_hal_pcd.c.obj
                0x08000e2c                HAL_PCD_IRQHandler
 .text.HAL_PCD_SetAddress
                0x080012a2       0x28 CMakeFiles/Autobot_basement1_0.elf.dir/Drivers/STM32F4xx_HAL_Driver/Src/stm32f4xx_hal_pcd.c.obj
                0x080012a2                HAL_PCD_SetAddress
 .text.HAL_PCD_EP_Open
                0x080012ca       0x8a CMakeFiles/Autobot_basement1_0.elf.dir/Drivers/STM32F4xx_HAL_Driver/Src/stm32f4xx_hal_pcd.c.obj
                0x080012ca                HAL_PCD_EP_Open
 .text.HAL_PCD_EP_Close
                0x08001354       0x72 CMakeFiles/Autobot_basement1_0.elf.dir/Drivers/STM32F4xx_HAL_Driver/Src/stm32f4xx_hal_pcd.c.obj
                0x08001354                HAL_PCD_EP_Close
 .text.HAL_PCD_EP_Receive
                0x080013c6       0x5e CMakeFiles/Autobot_basement1_0.elf.dir/Drivers/STM32F4xx_HAL_Driver/Src/stm32f4xx_hal_pcd.c.obj
                0x080013c6                HAL_PCD_EP_Receive
 .text.HAL_PCD_EP_GetRxCount
                0x08001424       0x12 CMakeFiles/Autobot_basement1_0.elf.dir/Drivers/STM32F4xx_HAL_Driver/Src/stm32f4xx_hal_pcd.c.obj
                0x08001424                HAL_PCD_EP_GetRxCount
 .text.HAL_PCD_EP_Transmit
                0x08001436       0x5e CMakeFiles/Autobot_basement1_0.elf.dir/Drivers/STM32F4xx_HAL_Driver/Src/stm32f4xx_hal_pcd.c.obj
                0x08001436                HAL_PCD_EP_Transmit
 .text.HAL_PCD_EP_SetStall
                0x08001494       0x88 CMakeFiles/Autobot_basement1_0.elf.dir/Drivers/STM32F4xx_HAL_Driver/Src/stm32f4xx_hal_pcd.c.obj
                0x08001494                HAL_PCD_EP_SetStall
 .text.HAL_PCD_EP_ClrStall
                0x0800151c       0x76 CMakeFiles/Autobot_basement1_0.elf.dir/Drivers/STM32F4xx_HAL_Driver/Src/stm32f4xx_hal_pcd.c.obj
                0x0800151c                HAL_PCD_EP_ClrStall
 .text.HAL_PCDEx_SetTxFiFo
                0x08001592       0x4c CMakeFiles/Autobot_basement1_0.elf.dir/Drivers/STM32F4xx_HAL_Driver/Src/stm32f4xx_hal_pcd_ex.c.obj
                0x08001592                HAL_PCDEx_SetTxFiFo
 .text.HAL_PCDEx_SetRxFiFo
                0x080015de        0x8 CMakeFiles/Autobot_basement1_0.elf.dir/Drivers/STM32F4xx_HAL_Driver/Src/stm32f4xx_hal_pcd_ex.c.obj
                0x080015de                HAL_PCDEx_SetRxFiFo
 .text.HAL_PCDEx_LPM_Callback
                0x080015e6        0x2 CMakeFiles/Autobot_basement1_0.elf.dir/Drivers/STM32F4xx_HAL_Driver/Src/stm32f4xx_hal_pcd_ex.c.obj
                0x080015e6                HAL_PCDEx_LPM_Callback
 .text.HAL_RCC_OscConfig
                0x080015e8      0x3f8 CMakeFiles/Autobot_basement1_0.elf.dir/Drivers/STM32F4xx_HAL_Driver/Src/stm32f4xx_hal_rcc.c.obj
                0x080015e8                HAL_RCC_OscConfig
 .text.HAL_RCC_GetSysClockFreq
                0x080019e0       0xd4 CMakeFiles/Autobot_basement1_0.elf.dir/Drivers/STM32F4xx_HAL_Driver/Src/stm32f4xx_hal_rcc.c.obj
                0x080019e0                HAL_RCC_GetSysClockFreq
 .text.HAL_RCC_ClockConfig
                0x08001ab4      0x160 CMakeFiles/Autobot_basement1_0.elf.dir/Drivers/STM32F4xx_HAL_Driver/Src/stm32f4xx_hal_rcc.c.obj
                0x08001ab4                HAL_RCC_ClockConfig
 .text.HAL_RCC_GetHCLKFreq
                0x08001c14        0xc CMakeFiles/Autobot_basement1_0.elf.dir/Drivers/STM32F4xx_HAL_Driver/Src/stm32f4xx_hal_rcc.c.obj
                0x08001c14                HAL_RCC_GetHCLKFreq
 .text.HAL_RCC_GetPCLK1Freq
                0x08001c20       0x20 CMakeFiles/Autobot_basement1_0.elf.dir/Drivers/STM32F4xx_HAL_Driver/Src/stm32f4xx_hal_rcc.c.obj
                0x08001c20                HAL_RCC_GetPCLK1Freq
 .text.HAL_RCC_GetClockConfig
                0x08001c40       0x3c CMakeFiles/Autobot_basement1_0.elf.dir/Drivers/STM32F4xx_HAL_Driver/Src/stm32f4xx_hal_rcc.c.obj
                0x08001c40                HAL_RCC_GetClockConfig
 .text.HAL_TIM_Base_MspInit
                0x08001c7c        0x2 CMakeFiles/Autobot_basement1_0.elf.dir/Drivers/STM32F4xx_HAL_Driver/Src/stm32f4xx_hal_tim.c.obj
                0x08001c7c                HAL_TIM_Base_MspInit
 *fill*         0x08001c7e        0x2 
 .text.HAL_TIM_Base_Start_IT
                0x08001c80       0x88 CMakeFiles/Autobot_basement1_0.elf.dir/Drivers/STM32F4xx_HAL_Driver/Src/stm32f4xx_hal_tim.c.obj
                0x08001c80                HAL_TIM_Base_Start_IT
 .text.HAL_TIM_OC_DelayElapsedCallback
                0x08001d08        0x2 CMakeFiles/Autobot_basement1_0.elf.dir/Drivers/STM32F4xx_HAL_Driver/Src/stm32f4xx_hal_tim.c.obj
                0x08001d08                HAL_TIM_OC_DelayElapsedCallback
 .text.HAL_TIM_IC_CaptureCallback
                0x08001d0a        0x2 CMakeFiles/Autobot_basement1_0.elf.dir/Drivers/STM32F4xx_HAL_Driver/Src/stm32f4xx_hal_tim.c.obj
                0x08001d0a                HAL_TIM_IC_CaptureCallback
 .text.HAL_TIM_PWM_PulseFinishedCallback
                0x08001d0c        0x2 CMakeFiles/Autobot_basement1_0.elf.dir/Drivers/STM32F4xx_HAL_Driver/Src/stm32f4xx_hal_tim.c.obj
                0x08001d0c                HAL_TIM_PWM_PulseFinishedCallback
 .text.HAL_TIM_TriggerCallback
                0x08001d0e        0x2 CMakeFiles/Autobot_basement1_0.elf.dir/Drivers/STM32F4xx_HAL_Driver/Src/stm32f4xx_hal_tim.c.obj
                0x08001d0e                HAL_TIM_TriggerCallback
 .text.HAL_TIM_IRQHandler
                0x08001d10      0x17a CMakeFiles/Autobot_basement1_0.elf.dir/Drivers/STM32F4xx_HAL_Driver/Src/stm32f4xx_hal_tim.c.obj
                0x08001d10                HAL_TIM_IRQHandler
 *fill*         0x08001e8a        0x2 
 .text.TIM_Base_SetConfig
                0x08001e8c       0xc8 CMakeFiles/Autobot_basement1_0.elf.dir/Drivers/STM32F4xx_HAL_Driver/Src/stm32f4xx_hal_tim.c.obj
                0x08001e8c                TIM_Base_SetConfig
 .text.HAL_TIM_Base_Init
                0x08001f54       0x58 CMakeFiles/Autobot_basement1_0.elf.dir/Drivers/STM32F4xx_HAL_Driver/Src/stm32f4xx_hal_tim.c.obj
                0x08001f54                HAL_TIM_Base_Init
 .text.HAL_TIMEx_CommutCallback
                0x08001fac        0x2 CMakeFiles/Autobot_basement1_0.elf.dir/Drivers/STM32F4xx_HAL_Driver/Src/stm32f4xx_hal_tim_ex.c.obj
                0x08001fac                HAL_TIMEx_CommutCallback
 .text.HAL_TIMEx_BreakCallback
                0x08001fae        0x2 CMakeFiles/Autobot_basement1_0.elf.dir/Drivers/STM32F4xx_HAL_Driver/Src/stm32f4xx_hal_tim_ex.c.obj
                0x08001fae                HAL_TIMEx_BreakCallback
 .text.USB_CoreReset
                0x08001fb0       0x4c CMakeFiles/Autobot_basement1_0.elf.dir/Drivers/STM32F4xx_HAL_Driver/Src/stm32f4xx_ll_usb.c.obj
 .text.USB_CoreInit
                0x08001ffc       0x8a CMakeFiles/Autobot_basement1_0.elf.dir/Drivers/STM32F4xx_HAL_Driver/Src/stm32f4xx_ll_usb.c.obj
                0x08001ffc                USB_CoreInit
 *fill*         0x08002086        0x2 
 .text.USB_SetTurnaroundTime
                0x08002088       0xe4 CMakeFiles/Autobot_basement1_0.elf.dir/Drivers/STM32F4xx_HAL_Driver/Src/stm32f4xx_ll_usb.c.obj
                0x08002088                USB_SetTurnaroundTime
 .text.USB_EnableGlobalInt
                0x0800216c        0xc CMakeFiles/Autobot_basement1_0.elf.dir/Drivers/STM32F4xx_HAL_Driver/Src/stm32f4xx_ll_usb.c.obj
                0x0800216c                USB_EnableGlobalInt
 .text.USB_DisableGlobalInt
                0x08002178        0xc CMakeFiles/Autobot_basement1_0.elf.dir/Drivers/STM32F4xx_HAL_Driver/Src/stm32f4xx_ll_usb.c.obj
                0x08002178                USB_DisableGlobalInt
 .text.USB_FlushTxFifo
                0x08002184       0x30 CMakeFiles/Autobot_basement1_0.elf.dir/Drivers/STM32F4xx_HAL_Driver/Src/stm32f4xx_ll_usb.c.obj
                0x08002184                USB_FlushTxFifo
 .text.USB_FlushRxFifo
                0x080021b4       0x2c CMakeFiles/Autobot_basement1_0.elf.dir/Drivers/STM32F4xx_HAL_Driver/Src/stm32f4xx_ll_usb.c.obj
                0x080021b4                USB_FlushRxFifo
 .text.USB_SetDevSpeed
                0x080021e0        0xe CMakeFiles/Autobot_basement1_0.elf.dir/Drivers/STM32F4xx_HAL_Driver/Src/stm32f4xx_ll_usb.c.obj
                0x080021e0                USB_SetDevSpeed
 *fill*         0x080021ee        0x2 
 .text.USB_DevInit
                0x080021f0      0x190 CMakeFiles/Autobot_basement1_0.elf.dir/Drivers/STM32F4xx_HAL_Driver/Src/stm32f4xx_ll_usb.c.obj
                0x080021f0                USB_DevInit
 .text.USB_GetDevSpeed
                0x08002380       0x22 CMakeFiles/Autobot_basement1_0.elf.dir/Drivers/STM32F4xx_HAL_Driver/Src/stm32f4xx_ll_usb.c.obj
                0x08002380                USB_GetDevSpeed
 .text.USB_ActivateEndpoint
                0x080023a2       0x9c CMakeFiles/Autobot_basement1_0.elf.dir/Drivers/STM32F4xx_HAL_Driver/Src/stm32f4xx_ll_usb.c.obj
                0x080023a2                USB_ActivateEndpoint
 *fill*         0x0800243e        0x2 
 .text.USB_DeactivateEndpoint
                0x08002440       0xe0 CMakeFiles/Autobot_basement1_0.elf.dir/Drivers/STM32F4xx_HAL_Driver/Src/stm32f4xx_ll_usb.c.obj
                0x08002440                USB_DeactivateEndpoint
 .text.USB_EP0StartXfer
                0x08002520      0x120 CMakeFiles/Autobot_basement1_0.elf.dir/Drivers/STM32F4xx_HAL_Driver/Src/stm32f4xx_ll_usb.c.obj
                0x08002520                USB_EP0StartXfer
 .text.USB_WritePacket
                0x08002640       0x2e CMakeFiles/Autobot_basement1_0.elf.dir/Drivers/STM32F4xx_HAL_Driver/Src/stm32f4xx_ll_usb.c.obj
                0x08002640                USB_WritePacket
 *fill*         0x0800266e        0x2 
 .text.USB_EPStartXfer
                0x08002670      0x238 CMakeFiles/Autobot_basement1_0.elf.dir/Drivers/STM32F4xx_HAL_Driver/Src/stm32f4xx_ll_usb.c.obj
                0x08002670                USB_EPStartXfer
 .text.USB_ReadPacket
                0x080028a8       0x54 CMakeFiles/Autobot_basement1_0.elf.dir/Drivers/STM32F4xx_HAL_Driver/Src/stm32f4xx_ll_usb.c.obj
                0x080028a8                USB_ReadPacket
 .text.USB_EPSetStall
                0x080028fc       0x5a CMakeFiles/Autobot_basement1_0.elf.dir/Drivers/STM32F4xx_HAL_Driver/Src/stm32f4xx_ll_usb.c.obj
                0x080028fc                USB_EPSetStall
 .text.USB_EPClearStall
                0x08002956       0x5c CMakeFiles/Autobot_basement1_0.elf.dir/Drivers/STM32F4xx_HAL_Driver/Src/stm32f4xx_ll_usb.c.obj
                0x08002956                USB_EPClearStall
 .text.USB_SetDevAddress
                0x080029b2       0x20 CMakeFiles/Autobot_basement1_0.elf.dir/Drivers/STM32F4xx_HAL_Driver/Src/stm32f4xx_ll_usb.c.obj
                0x080029b2                USB_SetDevAddress
 .text.USB_DevConnect
                0x080029d2       0x1c CMakeFiles/Autobot_basement1_0.elf.dir/Drivers/STM32F4xx_HAL_Driver/Src/stm32f4xx_ll_usb.c.obj
                0x080029d2                USB_DevConnect
 .text.USB_DevDisconnect
                0x080029ee       0x1c CMakeFiles/Autobot_basement1_0.elf.dir/Drivers/STM32F4xx_HAL_Driver/Src/stm32f4xx_ll_usb.c.obj
                0x080029ee                USB_DevDisconnect
 .text.USB_ReadInterrupts
                0x08002a0a        0x8 CMakeFiles/Autobot_basement1_0.elf.dir/Drivers/STM32F4xx_HAL_Driver/Src/stm32f4xx_ll_usb.c.obj
                0x08002a0a                USB_ReadInterrupts
 .text.USB_ReadDevAllOutEpInterrupt
                0x08002a12       0x10 CMakeFiles/Autobot_basement1_0.elf.dir/Drivers/STM32F4xx_HAL_Driver/Src/stm32f4xx_ll_usb.c.obj
                0x08002a12                USB_ReadDevAllOutEpInterrupt
 .text.USB_ReadDevAllInEpInterrupt
                0x08002a22       0x10 CMakeFiles/Autobot_basement1_0.elf.dir/Drivers/STM32F4xx_HAL_Driver/Src/stm32f4xx_ll_usb.c.obj
                0x08002a22                USB_ReadDevAllInEpInterrupt
 .text.USB_ReadDevOutEPInterrupt
                0x08002a32       0x12 CMakeFiles/Autobot_basement1_0.elf.dir/Drivers/STM32F4xx_HAL_Driver/Src/stm32f4xx_ll_usb.c.obj
                0x08002a32                USB_ReadDevOutEPInterrupt
 .text.USB_ReadDevInEPInterrupt
                0x08002a44       0x28 CMakeFiles/Autobot_basement1_0.elf.dir/Drivers/STM32F4xx_HAL_Driver/Src/stm32f4xx_ll_usb.c.obj
                0x08002a44                USB_ReadDevInEPInterrupt
 .text.USB_GetMode
                0x08002a6c        0x8 CMakeFiles/Autobot_basement1_0.elf.dir/Drivers/STM32F4xx_HAL_Driver/Src/stm32f4xx_ll_usb.c.obj
                0x08002a6c                USB_GetMode
 .text.USB_SetCurrentMode
                0x08002a74       0x62 CMakeFiles/Autobot_basement1_0.elf.dir/Drivers/STM32F4xx_HAL_Driver/Src/stm32f4xx_ll_usb.c.obj
                0x08002a74                USB_SetCurrentMode
 .text.USB_ActivateSetup
                0x08002ad6       0x20 CMakeFiles/Autobot_basement1_0.elf.dir/Drivers/STM32F4xx_HAL_Driver/Src/stm32f4xx_ll_usb.c.obj
                0x08002ad6                USB_ActivateSetup
 *fill*         0x08002af6        0x2 
 .text.USB_EP0_OutStart
                0x08002af8       0x60 CMakeFiles/Autobot_basement1_0.elf.dir/Drivers/STM32F4xx_HAL_Driver/Src/stm32f4xx_ll_usb.c.obj
                0x08002af8                USB_EP0_OutStart
 .text.USBD_CDC_EP0_RxReady
                0x08002b58       0x36 CMakeFiles/Autobot_basement1_0.elf.dir/Middlewares/ST/STM32_USB_Device_Library/Class/CDC/Src/usbd_cdc.c.obj
 *fill*         0x08002b8e        0x2 
 .text.USBD_CDC_GetFSCfgDesc
                0x08002b90        0xc CMakeFiles/Autobot_basement1_0.elf.dir/Middlewares/ST/STM32_USB_Device_Library/Class/CDC/Src/usbd_cdc.c.obj
 .text.USBD_CDC_GetHSCfgDesc
                0x08002b9c        0xc CMakeFiles/Autobot_basement1_0.elf.dir/Middlewares/ST/STM32_USB_Device_Library/Class/CDC/Src/usbd_cdc.c.obj
 .text.USBD_CDC_GetOtherSpeedCfgDesc
                0x08002ba8        0xc CMakeFiles/Autobot_basement1_0.elf.dir/Middlewares/ST/STM32_USB_Device_Library/Class/CDC/Src/usbd_cdc.c.obj
 .text.USBD_CDC_GetDeviceQualifierDescriptor
                0x08002bb4        0xc CMakeFiles/Autobot_basement1_0.elf.dir/Middlewares/ST/STM32_USB_Device_Library/Class/CDC/Src/usbd_cdc.c.obj
                0x08002bb4                USBD_CDC_GetDeviceQualifierDescriptor
 .text.USBD_CDC_DataOut
                0x08002bc0       0x2a CMakeFiles/Autobot_basement1_0.elf.dir/Middlewares/ST/STM32_USB_Device_Library/Class/CDC/Src/usbd_cdc.c.obj
 .text.USBD_CDC_DataIn
                0x08002bea       0x6a CMakeFiles/Autobot_basement1_0.elf.dir/Middlewares/ST/STM32_USB_Device_Library/Class/CDC/Src/usbd_cdc.c.obj
 .text.USBD_CDC_Setup
                0x08002c54       0xf4 CMakeFiles/Autobot_basement1_0.elf.dir/Middlewares/ST/STM32_USB_Device_Library/Class/CDC/Src/usbd_cdc.c.obj
 .text.USBD_CDC_DeInit
                0x08002d48       0x48 CMakeFiles/Autobot_basement1_0.elf.dir/Middlewares/ST/STM32_USB_Device_Library/Class/CDC/Src/usbd_cdc.c.obj
 .text.USBD_CDC_Init
                0x08002d90       0xc2 CMakeFiles/Autobot_basement1_0.elf.dir/Middlewares/ST/STM32_USB_Device_Library/Class/CDC/Src/usbd_cdc.c.obj
 .text.USBD_CDC_RegisterInterface
                0x08002e52        0xe CMakeFiles/Autobot_basement1_0.elf.dir/Middlewares/ST/STM32_USB_Device_Library/Class/CDC/Src/usbd_cdc.c.obj
                0x08002e52                USBD_CDC_RegisterInterface
 .text.USBD_CDC_SetTxBuffer
                0x08002e60       0x16 CMakeFiles/Autobot_basement1_0.elf.dir/Middlewares/ST/STM32_USB_Device_Library/Class/CDC/Src/usbd_cdc.c.obj
                0x08002e60                USBD_CDC_SetTxBuffer
 .text.USBD_CDC_SetRxBuffer
                0x08002e76       0x12 CMakeFiles/Autobot_basement1_0.elf.dir/Middlewares/ST/STM32_USB_Device_Library/Class/CDC/Src/usbd_cdc.c.obj
                0x08002e76                USBD_CDC_SetRxBuffer
 .text.USBD_CDC_ReceivePacket
                0x08002e88       0x32 CMakeFiles/Autobot_basement1_0.elf.dir/Middlewares/ST/STM32_USB_Device_Library/Class/CDC/Src/usbd_cdc.c.obj
                0x08002e88                USBD_CDC_ReceivePacket
 .text.USBD_Init
                0x08002eba       0x2e CMakeFiles/Autobot_basement1_0.elf.dir/Middlewares/ST/STM32_USB_Device_Library/Core/Src/usbd_core.c.obj
                0x08002eba                USBD_Init
 .text.USBD_RegisterClass
                0x08002ee8       0x2e CMakeFiles/Autobot_basement1_0.elf.dir/Middlewares/ST/STM32_USB_Device_Library/Core/Src/usbd_core.c.obj
                0x08002ee8                USBD_RegisterClass
 .text.USBD_Start
                0x08002f16        0x8 CMakeFiles/Autobot_basement1_0.elf.dir/Middlewares/ST/STM32_USB_Device_Library/Core/Src/usbd_core.c.obj
                0x08002f16                USBD_Start
 .text.USBD_SetClassConfig
                0x08002f1e       0x12 CMakeFiles/Autobot_basement1_0.elf.dir/Middlewares/ST/STM32_USB_Device_Library/Core/Src/usbd_core.c.obj
                0x08002f1e                USBD_SetClassConfig
 .text.USBD_ClrClassConfig
                0x08002f30       0x10 CMakeFiles/Autobot_basement1_0.elf.dir/Middlewares/ST/STM32_USB_Device_Library/Core/Src/usbd_core.c.obj
                0x08002f30                USBD_ClrClassConfig
 .text.USBD_LL_SetupStage
                0x08002f40       0x58 CMakeFiles/Autobot_basement1_0.elf.dir/Middlewares/ST/STM32_USB_Device_Library/Core/Src/usbd_core.c.obj
                0x08002f40                USBD_LL_SetupStage
 .text.USBD_LL_DataOutStage
                0x08002f98       0x78 CMakeFiles/Autobot_basement1_0.elf.dir/Middlewares/ST/STM32_USB_Device_Library/Core/Src/usbd_core.c.obj
                0x08002f98                USBD_LL_DataOutStage
 .text.USBD_LL_DataInStage
                0x08003010       0xbe CMakeFiles/Autobot_basement1_0.elf.dir/Middlewares/ST/STM32_USB_Device_Library/Core/Src/usbd_core.c.obj
                0x08003010                USBD_LL_DataInStage
 .text.USBD_LL_Reset
                0x080030ce       0x5a CMakeFiles/Autobot_basement1_0.elf.dir/Middlewares/ST/STM32_USB_Device_Library/Core/Src/usbd_core.c.obj
                0x080030ce                USBD_LL_Reset
 .text.USBD_LL_SetSpeed
                0x08003128        0x6 CMakeFiles/Autobot_basement1_0.elf.dir/Middlewares/ST/STM32_USB_Device_Library/Core/Src/usbd_core.c.obj
                0x08003128                USBD_LL_SetSpeed
 .text.USBD_LL_Suspend
                0x0800312e       0x14 CMakeFiles/Autobot_basement1_0.elf.dir/Middlewares/ST/STM32_USB_Device_Library/Core/Src/usbd_core.c.obj
                0x0800312e                USBD_LL_Suspend
 .text.USBD_LL_Resume
                0x08003142       0x1a CMakeFiles/Autobot_basement1_0.elf.dir/Middlewares/ST/STM32_USB_Device_Library/Core/Src/usbd_core.c.obj
                0x08003142                USBD_LL_Resume
 .text.USBD_LL_SOF
                0x0800315c       0x28 CMakeFiles/Autobot_basement1_0.elf.dir/Middlewares/ST/STM32_USB_Device_Library/Core/Src/usbd_core.c.obj
                0x0800315c                USBD_LL_SOF
 .text.USBD_LL_IsoINIncomplete
                0x08003184       0x28 CMakeFiles/Autobot_basement1_0.elf.dir/Middlewares/ST/STM32_USB_Device_Library/Core/Src/usbd_core.c.obj
                0x08003184                USBD_LL_IsoINIncomplete
 .text.USBD_LL_IsoOUTIncomplete
                0x080031ac       0x28 CMakeFiles/Autobot_basement1_0.elf.dir/Middlewares/ST/STM32_USB_Device_Library/Core/Src/usbd_core.c.obj
                0x080031ac                USBD_LL_IsoOUTIncomplete
 .text.USBD_LL_DevConnected
                0x080031d4        0x4 CMakeFiles/Autobot_basement1_0.elf.dir/Middlewares/ST/STM32_USB_Device_Library/Core/Src/usbd_core.c.obj
                0x080031d4                USBD_LL_DevConnected
 .text.USBD_LL_DevDisconnected
                0x080031d8       0x18 CMakeFiles/Autobot_basement1_0.elf.dir/Middlewares/ST/STM32_USB_Device_Library/Core/Src/usbd_core.c.obj
                0x080031d8                USBD_LL_DevDisconnected
 .text.USBD_GetLen
                0x080031f0       0x14 CMakeFiles/Autobot_basement1_0.elf.dir/Middlewares/ST/STM32_USB_Device_Library/Core/Src/usbd_ctlreq.c.obj
 .text.USBD_SetFeature
                0x08003204       0x14 CMakeFiles/Autobot_basement1_0.elf.dir/Middlewares/ST/STM32_USB_Device_Library/Core/Src/usbd_ctlreq.c.obj
 .text.USBD_ParseSetupRequest
                0x08003218       0x28 CMakeFiles/Autobot_basement1_0.elf.dir/Middlewares/ST/STM32_USB_Device_Library/Core/Src/usbd_ctlreq.c.obj
                0x08003218                USBD_ParseSetupRequest
 .text.USBD_CtlError
                0x08003240       0x14 CMakeFiles/Autobot_basement1_0.elf.dir/Middlewares/ST/STM32_USB_Device_Library/Core/Src/usbd_ctlreq.c.obj
                0x08003240                USBD_CtlError
 .text.USBD_GetDescriptor
                0x08003254      0x18a CMakeFiles/Autobot_basement1_0.elf.dir/Middlewares/ST/STM32_USB_Device_Library/Core/Src/usbd_ctlreq.c.obj
 .text.USBD_SetAddress
                0x080033de       0x50 CMakeFiles/Autobot_basement1_0.elf.dir/Middlewares/ST/STM32_USB_Device_Library/Core/Src/usbd_ctlreq.c.obj
 *fill*         0x0800342e        0x2 
 .text.USBD_SetConfig
                0x08003430       0xc8 CMakeFiles/Autobot_basement1_0.elf.dir/Middlewares/ST/STM32_USB_Device_Library/Core/Src/usbd_ctlreq.c.obj
 .text.USBD_GetConfig
                0x080034f8       0x40 CMakeFiles/Autobot_basement1_0.elf.dir/Middlewares/ST/STM32_USB_Device_Library/Core/Src/usbd_ctlreq.c.obj
 .text.USBD_GetStatus
                0x08003538       0x38 CMakeFiles/Autobot_basement1_0.elf.dir/Middlewares/ST/STM32_USB_Device_Library/Core/Src/usbd_ctlreq.c.obj
 .text.USBD_ClrFeature
                0x08003570       0x26 CMakeFiles/Autobot_basement1_0.elf.dir/Middlewares/ST/STM32_USB_Device_Library/Core/Src/usbd_ctlreq.c.obj
 .text.USBD_StdDevReq
                0x08003596       0x70 CMakeFiles/Autobot_basement1_0.elf.dir/Middlewares/ST/STM32_USB_Device_Library/Core/Src/usbd_ctlreq.c.obj
                0x08003596                USBD_StdDevReq
 .text.USBD_StdItfReq
                0x08003606       0x68 CMakeFiles/Autobot_basement1_0.elf.dir/Middlewares/ST/STM32_USB_Device_Library/Core/Src/usbd_ctlreq.c.obj
                0x08003606                USBD_StdItfReq
 .text.USBD_StdEPReq
                0x0800366e      0x1ec CMakeFiles/Autobot_basement1_0.elf.dir/Middlewares/ST/STM32_USB_Device_Library/Core/Src/usbd_ctlreq.c.obj
                0x0800366e                USBD_StdEPReq
 .text.USBD_GetString
                0x0800385a       0x3a CMakeFiles/Autobot_basement1_0.elf.dir/Middlewares/ST/STM32_USB_Device_Library/Core/Src/usbd_ctlreq.c.obj
                0x0800385a                USBD_GetString
 .text.USBD_CtlSendData
                0x08003894       0x1a CMakeFiles/Autobot_basement1_0.elf.dir/Middlewares/ST/STM32_USB_Device_Library/Core/Src/usbd_ioreq.c.obj
                0x08003894                USBD_CtlSendData
 .text.USBD_CtlContinueSendData
                0x080038ae       0x10 CMakeFiles/Autobot_basement1_0.elf.dir/Middlewares/ST/STM32_USB_Device_Library/Core/Src/usbd_ioreq.c.obj
                0x080038ae                USBD_CtlContinueSendData
 .text.USBD_CtlPrepareRx
                0x080038be       0x1e CMakeFiles/Autobot_basement1_0.elf.dir/Middlewares/ST/STM32_USB_Device_Library/Core/Src/usbd_ioreq.c.obj
                0x080038be                USBD_CtlPrepareRx
 .text.USBD_CtlContinueRx
                0x080038dc       0x10 CMakeFiles/Autobot_basement1_0.elf.dir/Middlewares/ST/STM32_USB_Device_Library/Core/Src/usbd_ioreq.c.obj
                0x080038dc                USBD_CtlContinueRx
 .text.USBD_CtlSendStatus
                0x080038ec       0x16 CMakeFiles/Autobot_basement1_0.elf.dir/Middlewares/ST/STM32_USB_Device_Library/Core/Src/usbd_ioreq.c.obj
                0x080038ec                USBD_CtlSendStatus
 .text.USBD_CtlReceiveStatus
                0x08003902       0x16 CMakeFiles/Autobot_basement1_0.elf.dir/Middlewares/ST/STM32_USB_Device_Library/Core/Src/usbd_ioreq.c.obj
                0x08003902                USBD_CtlReceiveStatus
 .text.makeFreeRtosPriority
                0x08003918        0xc CMakeFiles/Autobot_basement1_0.elf.dir/Middlewares/Third_Party/FreeRTOS/Source/CMSIS_RTOS/cmsis_os.c.obj
 .text.osKernelStart
                0x08003924        0xa CMakeFiles/Autobot_basement1_0.elf.dir/Middlewares/Third_Party/FreeRTOS/Source/CMSIS_RTOS/cmsis_os.c.obj
                0x08003924                osKernelStart
 .text.osThreadCreate
                0x0800392e       0x6a CMakeFiles/Autobot_basement1_0.elf.dir/Middlewares/Third_Party/FreeRTOS/Source/CMSIS_RTOS/cmsis_os.c.obj
                0x0800392e                osThreadCreate
 .text.osDelay  0x08003998        0xe CMakeFiles/Autobot_basement1_0.elf.dir/Middlewares/Third_Party/FreeRTOS/Source/CMSIS_RTOS/cmsis_os.c.obj
                0x08003998                osDelay
 .text.vListInitialise
                0x080039a6       0x16 CMakeFiles/Autobot_basement1_0.elf.dir/Middlewares/Third_Party/FreeRTOS/Source/list.c.obj
                0x080039a6                vListInitialise
 .text.vListInitialiseItem
                0x080039bc        0x6 CMakeFiles/Autobot_basement1_0.elf.dir/Middlewares/Third_Party/FreeRTOS/Source/list.c.obj
                0x080039bc                vListInitialiseItem
 .text.vListInsertEnd
                0x080039c2       0x16 CMakeFiles/Autobot_basement1_0.elf.dir/Middlewares/Third_Party/FreeRTOS/Source/list.c.obj
                0x080039c2                vListInsertEnd
 .text.vListInsert
                0x080039d8       0x32 CMakeFiles/Autobot_basement1_0.elf.dir/Middlewares/Third_Party/FreeRTOS/Source/list.c.obj
                0x080039d8                vListInsert
 .text.uxListRemove
                0x08003a0a       0x26 CMakeFiles/Autobot_basement1_0.elf.dir/Middlewares/Third_Party/FreeRTOS/Source/list.c.obj
                0x08003a0a                uxListRemove
 .text.prvTaskExitError
                0x08003a30       0x40 CMakeFiles/Autobot_basement1_0.elf.dir/Middlewares/Third_Party/FreeRTOS/Source/portable/GCC/ARM_CM4F/port.c.obj
 .text.prvPortStartFirstTask
                0x08003a70       0x28 CMakeFiles/Autobot_basement1_0.elf.dir/Middlewares/Third_Party/FreeRTOS/Source/portable/GCC/ARM_CM4F/port.c.obj
 .text.vPortEnableVFP
                0x08003a98       0x14 CMakeFiles/Autobot_basement1_0.elf.dir/Middlewares/Third_Party/FreeRTOS/Source/portable/GCC/ARM_CM4F/port.c.obj
 .text.pxPortInitialiseStack
                0x08003aac       0x2c CMakeFiles/Autobot_basement1_0.elf.dir/Middlewares/Third_Party/FreeRTOS/Source/portable/GCC/ARM_CM4F/port.c.obj
                0x08003aac                pxPortInitialiseStack
 *fill*         0x08003ad8        0x8 
 .text.SVC_Handler
                0x08003ae0       0x24 CMakeFiles/Autobot_basement1_0.elf.dir/Middlewares/Third_Party/FreeRTOS/Source/portable/GCC/ARM_CM4F/port.c.obj
                0x08003ae0                SVC_Handler
 .text.vPortEnterCritical
                0x08003b04       0x44 CMakeFiles/Autobot_basement1_0.elf.dir/Middlewares/Third_Party/FreeRTOS/Source/portable/GCC/ARM_CM4F/port.c.obj
                0x08003b04                vPortEnterCritical
 .text.vPortExitCritical
                0x08003b48       0x2c CMakeFiles/Autobot_basement1_0.elf.dir/Middlewares/Third_Party/FreeRTOS/Source/portable/GCC/ARM_CM4F/port.c.obj
                0x08003b48                vPortExitCritical
 *fill*         0x08003b74        0xc 
 .text.PendSV_Handler
                0x08003b80       0x64 CMakeFiles/Autobot_basement1_0.elf.dir/Middlewares/Third_Party/FreeRTOS/Source/portable/GCC/ARM_CM4F/port.c.obj
                0x08003b80                PendSV_Handler
 .text.SysTick_Handler
                0x08003be4       0x2c CMakeFiles/Autobot_basement1_0.elf.dir/Middlewares/Third_Party/FreeRTOS/Source/portable/GCC/ARM_CM4F/port.c.obj
                0x08003be4                SysTick_Handler
 .text.vPortSetupTimerInterrupt
                0x08003c10       0x28 CMakeFiles/Autobot_basement1_0.elf.dir/Middlewares/Third_Party/FreeRTOS/Source/portable/GCC/ARM_CM4F/port.c.obj
                0x08003c10                vPortSetupTimerInterrupt
 .text.xPortStartScheduler
                0x08003c38      0x118 CMakeFiles/Autobot_basement1_0.elf.dir/Middlewares/Third_Party/FreeRTOS/Source/portable/GCC/ARM_CM4F/port.c.obj
                0x08003c38                xPortStartScheduler
 .text.prvHeapInit
                0x08003d50       0x64 CMakeFiles/Autobot_basement1_0.elf.dir/Middlewares/Third_Party/FreeRTOS/Source/portable/MemMang/heap_4.c.obj
 .text.prvInsertBlockIntoFreeList
                0x08003db4       0x64 CMakeFiles/Autobot_basement1_0.elf.dir/Middlewares/Third_Party/FreeRTOS/Source/portable/MemMang/heap_4.c.obj
 .text.pvPortMalloc
                0x08003e18       0xfc CMakeFiles/Autobot_basement1_0.elf.dir/Middlewares/Third_Party/FreeRTOS/Source/portable/MemMang/heap_4.c.obj
                0x08003e18                pvPortMalloc
 .text.vPortFree
                0x08003f14       0x7c CMakeFiles/Autobot_basement1_0.elf.dir/Middlewares/Third_Party/FreeRTOS/Source/portable/MemMang/heap_4.c.obj
                0x08003f14                vPortFree
 .text.prvResetNextTaskUnblockTime
                0x08003f90       0x2c CMakeFiles/Autobot_basement1_0.elf.dir/Middlewares/Third_Party/FreeRTOS/Source/tasks.c.obj
 .text.prvInitialiseNewTask
                0x08003fbc       0xa2 CMakeFiles/Autobot_basement1_0.elf.dir/Middlewares/Third_Party/FreeRTOS/Source/tasks.c.obj
 *fill*         0x0800405e        0x2 
 .text.prvInitialiseTaskLists
                0x08004060       0x68 CMakeFiles/Autobot_basement1_0.elf.dir/Middlewares/Third_Party/FreeRTOS/Source/tasks.c.obj
 .text.prvAddNewTaskToReadyList
                0x080040c8       0xa8 CMakeFiles/Autobot_basement1_0.elf.dir/Middlewares/Third_Party/FreeRTOS/Source/tasks.c.obj
 .text.prvDeleteTCB
                0x08004170       0x38 CMakeFiles/Autobot_basement1_0.elf.dir/Middlewares/Third_Party/FreeRTOS/Source/tasks.c.obj
 .text.prvCheckTasksWaitingTermination
                0x080041a8       0x4c CMakeFiles/Autobot_basement1_0.elf.dir/Middlewares/Third_Party/FreeRTOS/Source/tasks.c.obj
 .text.prvIdleTask
                0x080041f4       0x28 CMakeFiles/Autobot_basement1_0.elf.dir/Middlewares/Third_Party/FreeRTOS/Source/tasks.c.obj
 .text.prvAddCurrentTaskToDelayedList
                0x0800421c       0x98 CMakeFiles/Autobot_basement1_0.elf.dir/Middlewares/Third_Party/FreeRTOS/Source/tasks.c.obj
 .text.xTaskCreateStatic
                0x080042b4       0x76 CMakeFiles/Autobot_basement1_0.elf.dir/Middlewares/Third_Party/FreeRTOS/Source/tasks.c.obj
                0x080042b4                xTaskCreateStatic
 .text.xTaskCreate
                0x0800432a       0x68 CMakeFiles/Autobot_basement1_0.elf.dir/Middlewares/Third_Party/FreeRTOS/Source/tasks.c.obj
                0x0800432a                xTaskCreate
 *fill*         0x08004392        0x2 
 .text.vTaskStartScheduler
                0x08004394       0x74 CMakeFiles/Autobot_basement1_0.elf.dir/Middlewares/Third_Party/FreeRTOS/Source/tasks.c.obj
                0x08004394                vTaskStartScheduler
 .text.vTaskSuspendAll
                0x08004408       0x10 CMakeFiles/Autobot_basement1_0.elf.dir/Middlewares/Third_Party/FreeRTOS/Source/tasks.c.obj
                0x08004408                vTaskSuspendAll
 .text.xTaskIncrementTick
                0x08004418      0x118 CMakeFiles/Autobot_basement1_0.elf.dir/Middlewares/Third_Party/FreeRTOS/Source/tasks.c.obj
                0x08004418                xTaskIncrementTick
 .text.xTaskResumeAll
                0x08004530       0xf8 CMakeFiles/Autobot_basement1_0.elf.dir/Middlewares/Third_Party/FreeRTOS/Source/tasks.c.obj
                0x08004530                xTaskResumeAll
 .text.vTaskDelay
                0x08004628       0x4c CMakeFiles/Autobot_basement1_0.elf.dir/Middlewares/Third_Party/FreeRTOS/Source/tasks.c.obj
                0x08004628                vTaskDelay
 .text.vTaskSwitchContext
                0x08004674       0x98 CMakeFiles/Autobot_basement1_0.elf.dir/Middlewares/Third_Party/FreeRTOS/Source/tasks.c.obj
                0x08004674                vTaskSwitchContext
 .text.MX_USB_DEVICE_Init
                0x0800470c       0x54 CMakeFiles/Autobot_basement1_0.elf.dir/USB_DEVICE/App/usb_device.c.obj
                0x0800470c                MX_USB_DEVICE_Init
 .text.CDC_DeInit_FS
                0x08004760        0x4 CMakeFiles/Autobot_basement1_0.elf.dir/USB_DEVICE/App/usbd_cdc_if.c.obj
 .text.CDC_Control_FS
                0x08004764        0x4 CMakeFiles/Autobot_basement1_0.elf.dir/USB_DEVICE/App/usbd_cdc_if.c.obj
 .text.CDC_TransmitCplt_FS
                0x08004768        0x4 CMakeFiles/Autobot_basement1_0.elf.dir/USB_DEVICE/App/usbd_cdc_if.c.obj
 .text.CDC_Receive_FS
                0x0800476c       0x1c CMakeFiles/Autobot_basement1_0.elf.dir/USB_DEVICE/App/usbd_cdc_if.c.obj
 .text.CDC_Init_FS
                0x08004788       0x28 CMakeFiles/Autobot_basement1_0.elf.dir/USB_DEVICE/App/usbd_cdc_if.c.obj
 .text.USBD_FS_DeviceDescriptor
                0x080047b0        0xc CMakeFiles/Autobot_basement1_0.elf.dir/USB_DEVICE/App/usbd_desc.c.obj
                0x080047b0                USBD_FS_DeviceDescriptor
 .text.USBD_FS_LangIDStrDescriptor
                0x080047bc        0xc CMakeFiles/Autobot_basement1_0.elf.dir/USB_DEVICE/App/usbd_desc.c.obj
                0x080047bc                USBD_FS_LangIDStrDescriptor
 .text.IntToUnicode
                0x080047c8       0x46 CMakeFiles/Autobot_basement1_0.elf.dir/USB_DEVICE/App/usbd_desc.c.obj
 *fill*         0x0800480e        0x2 
 .text.Get_SerialNum
                0x08004810       0x38 CMakeFiles/Autobot_basement1_0.elf.dir/USB_DEVICE/App/usbd_desc.c.obj
 .text.USBD_FS_SerialStrDescriptor
                0x08004848       0x14 CMakeFiles/Autobot_basement1_0.elf.dir/USB_DEVICE/App/usbd_desc.c.obj
                0x08004848                USBD_FS_SerialStrDescriptor
 .text.USBD_FS_ProductStrDescriptor
                0x0800485c       0x24 CMakeFiles/Autobot_basement1_0.elf.dir/USB_DEVICE/App/usbd_desc.c.obj
                0x0800485c                USBD_FS_ProductStrDescriptor
 .text.USBD_FS_ManufacturerStrDescriptor
                0x08004880       0x1c CMakeFiles/Autobot_basement1_0.elf.dir/USB_DEVICE/App/usbd_desc.c.obj
                0x08004880                USBD_FS_ManufacturerStrDescriptor
 .text.USBD_FS_ConfigStrDescriptor
                0x0800489c       0x24 CMakeFiles/Autobot_basement1_0.elf.dir/USB_DEVICE/App/usbd_desc.c.obj
                0x0800489c                USBD_FS_ConfigStrDescriptor
 .text.USBD_FS_InterfaceStrDescriptor
                0x080048c0       0x24 CMakeFiles/Autobot_basement1_0.elf.dir/USB_DEVICE/App/usbd_desc.c.obj
                0x080048c0                USBD_FS_InterfaceStrDescriptor
 .text.HAL_PCD_MspInit
                0x080048e4       0x84 CMakeFiles/Autobot_basement1_0.elf.dir/USB_DEVICE/Target/usbd_conf.c.obj
                0x080048e4                HAL_PCD_MspInit
 .text.HAL_PCD_SetupStageCallback
                0x08004968       0x10 CMakeFiles/Autobot_basement1_0.elf.dir/USB_DEVICE/Target/usbd_conf.c.obj
                0x08004968                HAL_PCD_SetupStageCallback
 .text.HAL_PCD_DataOutStageCallback
                0x08004978       0x18 CMakeFiles/Autobot_basement1_0.elf.dir/USB_DEVICE/Target/usbd_conf.c.obj
                0x08004978                HAL_PCD_DataOutStageCallback
 .text.HAL_PCD_DataInStageCallback
                0x08004990       0x16 CMakeFiles/Autobot_basement1_0.elf.dir/USB_DEVICE/Target/usbd_conf.c.obj
                0x08004990                HAL_PCD_DataInStageCallback
 .text.HAL_PCD_SOFCallback
                0x080049a6        0xc CMakeFiles/Autobot_basement1_0.elf.dir/USB_DEVICE/Target/usbd_conf.c.obj
                0x080049a6                HAL_PCD_SOFCallback
 .text.HAL_PCD_ResetCallback
                0x080049b2       0x2c CMakeFiles/Autobot_basement1_0.elf.dir/USB_DEVICE/Target/usbd_conf.c.obj
                0x080049b2                HAL_PCD_ResetCallback
 *fill*         0x080049de        0x2 
 .text.HAL_PCD_SuspendCallback
                0x080049e0       0x30 CMakeFiles/Autobot_basement1_0.elf.dir/USB_DEVICE/Target/usbd_conf.c.obj
                0x080049e0                HAL_PCD_SuspendCallback
 .text.HAL_PCD_ResumeCallback
                0x08004a10        0xc CMakeFiles/Autobot_basement1_0.elf.dir/USB_DEVICE/Target/usbd_conf.c.obj
                0x08004a10                HAL_PCD_ResumeCallback
 .text.HAL_PCD_ISOOUTIncompleteCallback
                0x08004a1c        0xc CMakeFiles/Autobot_basement1_0.elf.dir/USB_DEVICE/Target/usbd_conf.c.obj
                0x08004a1c                HAL_PCD_ISOOUTIncompleteCallback
 .text.HAL_PCD_ISOINIncompleteCallback
                0x08004a28        0xc CMakeFiles/Autobot_basement1_0.elf.dir/USB_DEVICE/Target/usbd_conf.c.obj
                0x08004a28                HAL_PCD_ISOINIncompleteCallback
 .text.HAL_PCD_ConnectCallback
                0x08004a34        0xc CMakeFiles/Autobot_basement1_0.elf.dir/USB_DEVICE/Target/usbd_conf.c.obj
                0x08004a34                HAL_PCD_ConnectCallback
 .text.HAL_PCD_DisconnectCallback
                0x08004a40        0xc CMakeFiles/Autobot_basement1_0.elf.dir/USB_DEVICE/Target/usbd_conf.c.obj
                0x08004a40                HAL_PCD_DisconnectCallback
 .text.USBD_LL_Init
                0x08004a4c       0x68 CMakeFiles/Autobot_basement1_0.elf.dir/USB_DEVICE/Target/usbd_conf.c.obj
                0x08004a4c                USBD_LL_Init
 .text.USBD_LL_IsStallEP
                0x08004ab4       0x2e CMakeFiles/Autobot_basement1_0.elf.dir/USB_DEVICE/Target/usbd_conf.c.obj
                0x08004ab4                USBD_LL_IsStallEP
 .text.USBD_LL_GetRxDataSize
                0x08004ae2        0xc CMakeFiles/Autobot_basement1_0.elf.dir/USB_DEVICE/Target/usbd_conf.c.obj
                0x08004ae2                USBD_LL_GetRxDataSize
 *fill*         0x08004aee        0x2 
 .text.USBD_static_malloc
                0x08004af0        0x8 CMakeFiles/Autobot_basement1_0.elf.dir/USB_DEVICE/Target/usbd_conf.c.obj
                0x08004af0                USBD_static_malloc
 .text.USBD_static_free
                0x08004af8        0x2 CMakeFiles/Autobot_basement1_0.elf.dir/USB_DEVICE/Target/usbd_conf.c.obj
                0x08004af8                USBD_static_free
 .text.USBD_Get_USB_Status
                0x08004afa       0x14 CMakeFiles/Autobot_basement1_0.elf.dir/USB_DEVICE/Target/usbd_conf.c.obj
                0x08004afa                USBD_Get_USB_Status
 .text.USBD_LL_Start
                0x08004b0e       0x10 CMakeFiles/Autobot_basement1_0.elf.dir/USB_DEVICE/Target/usbd_conf.c.obj
                0x08004b0e                USBD_LL_Start
 .text.USBD_LL_OpenEP
                0x08004b1e       0x16 CMakeFiles/Autobot_basement1_0.elf.dir/USB_DEVICE/Target/usbd_conf.c.obj
                0x08004b1e                USBD_LL_OpenEP
 .text.USBD_LL_CloseEP
                0x08004b34       0x10 CMakeFiles/Autobot_basement1_0.elf.dir/USB_DEVICE/Target/usbd_conf.c.obj
                0x08004b34                USBD_LL_CloseEP
 .text.USBD_LL_StallEP
                0x08004b44       0x10 CMakeFiles/Autobot_basement1_0.elf.dir/USB_DEVICE/Target/usbd_conf.c.obj
                0x08004b44                USBD_LL_StallEP
 .text.USBD_LL_ClearStallEP
                0x08004b54       0x10 CMakeFiles/Autobot_basement1_0.elf.dir/USB_DEVICE/Target/usbd_conf.c.obj
                0x08004b54                USBD_LL_ClearStallEP
 .text.USBD_LL_SetUSBAddress
                0x08004b64       0x10 CMakeFiles/Autobot_basement1_0.elf.dir/USB_DEVICE/Target/usbd_conf.c.obj
                0x08004b64                USBD_LL_SetUSBAddress
 .text.USBD_LL_Transmit
                0x08004b74       0x10 CMakeFiles/Autobot_basement1_0.elf.dir/USB_DEVICE/Target/usbd_conf.c.obj
                0x08004b74                USBD_LL_Transmit
 .text.USBD_LL_PrepareReceive
                0x08004b84       0x10 CMakeFiles/Autobot_basement1_0.elf.dir/USB_DEVICE/Target/usbd_conf.c.obj
                0x08004b84                USBD_LL_PrepareReceive
 .text.Reset_Handler
                0x08004b94       0x50 CMakeFiles/Autobot_basement1_0.elf.dir/startup/startup_stm32f407xx.s.obj
                0x08004b94                Reset_Handler
 .text.Default_Handler
                0x08004be4        0x2 CMakeFiles/Autobot_basement1_0.elf.dir/startup/startup_stm32f407xx.s.obj
                0x08004be4                RTC_Alarm_IRQHandler
                0x08004be4                HASH_RNG_IRQHandler
                0x08004be4                EXTI2_IRQHandler
                0x08004be4                TIM8_CC_IRQHandler
                0x08004be4                TIM1_CC_IRQHandler
                0x08004be4                DMA2_Stream5_IRQHandler
                0x08004be4                DMA1_Stream5_IRQHandler
                0x08004be4                PVD_IRQHandler
                0x08004be4                SDIO_IRQHandler
                0x08004be4                TAMP_STAMP_IRQHandler
                0x08004be4                CAN2_RX1_IRQHandler
                0x08004be4                EXTI3_IRQHandler
                0x08004be4                TIM1_UP_TIM10_IRQHandler
                0x08004be4                TIM8_UP_TIM13_IRQHandler
                0x08004be4                I2C3_ER_IRQHandler
                0x08004be4                EXTI0_IRQHandler
                0x08004be4                I2C2_EV_IRQHandler
                0x08004be4                DMA1_Stream2_IRQHandler
                0x08004be4                CAN1_RX0_IRQHandler
                0x08004be4                FPU_IRQHandler
                0x08004be4                OTG_HS_WKUP_IRQHandler
                0x08004be4                CAN2_SCE_IRQHandler
                0x08004be4                DMA2_Stream2_IRQHandler
                0x08004be4                SPI1_IRQHandler
                0x08004be4                TIM6_DAC_IRQHandler
                0x08004be4                TIM1_BRK_TIM9_IRQHandler
                0x08004be4                DCMI_IRQHandler
                0x08004be4                CAN2_RX0_IRQHandler
                0x08004be4                DMA2_Stream3_IRQHandler
                0x08004be4                USART6_IRQHandler
                0x08004be4                USART3_IRQHandler
                0x08004be4                CAN1_RX1_IRQHandler
                0x08004be4                UART5_IRQHandler
                0x08004be4                DMA2_Stream0_IRQHandler
                0x08004be4                TIM4_IRQHandler
                0x08004be4                I2C1_EV_IRQHandler
                0x08004be4                DMA1_Stream6_IRQHandler
                0x08004be4                DMA1_Stream1_IRQHandler
                0x08004be4                UART4_IRQHandler
                0x08004be4                TIM3_IRQHandler
                0x08004be4                RCC_IRQHandler
                0x08004be4                TIM8_BRK_TIM12_IRQHandler
                0x08004be4                Default_Handler
                0x08004be4                EXTI15_10_IRQHandler
                0x08004be4                ADC_IRQHandler
                0x08004be4                DMA1_Stream7_IRQHandler
                0x08004be4                TIM7_IRQHandler
                0x08004be4                CAN2_TX_IRQHandler
                0x08004be4                TIM5_IRQHandler
                0x08004be4                DMA2_Stream7_IRQHandler
                0x08004be4                I2C3_EV_IRQHandler
                0x08004be4                EXTI9_5_IRQHandler
                0x08004be4                RTC_WKUP_IRQHandler
                0x08004be4                ETH_WKUP_IRQHandler
                0x08004be4                SPI2_IRQHandler
                0x08004be4                OTG_HS_EP1_IN_IRQHandler
                0x08004be4                DMA1_Stream0_IRQHandler
                0x08004be4                CAN1_TX_IRQHandler
                0x08004be4                EXTI4_IRQHandler
                0x08004be4                FSMC_IRQHandler
                0x08004be4                ETH_IRQHandler
                0x08004be4                OTG_HS_EP1_OUT_IRQHandler
                0x08004be4                WWDG_IRQHandler
                0x08004be4                TIM2_IRQHandler
                0x08004be4                OTG_FS_WKUP_IRQHandler
                0x08004be4                TIM1_TRG_COM_TIM11_IRQHandler
                0x08004be4                OTG_HS_IRQHandler
                0x08004be4                EXTI1_IRQHandler
                0x08004be4                USART2_IRQHandler
                0x08004be4                I2C2_ER_IRQHandler
                0x08004be4                DMA2_Stream1_IRQHandler
                0x08004be4                CAN1_SCE_IRQHandler
                0x08004be4                FLASH_IRQHandler
                0x08004be4                DMA2_Stream4_IRQHandler
                0x08004be4                USART1_IRQHandler
                0x08004be4                SPI3_IRQHandler
                0x08004be4                DMA1_Stream4_IRQHandler
                0x08004be4                I2C1_ER_IRQHandler
                0x08004be4                DMA2_Stream6_IRQHandler
                0x08004be4                DMA1_Stream3_IRQHandler
 *fill*         0x08004be6        0x2 
 .text.__libc_init_array
                0x08004be8       0x48 d:/053-gcc-arm-none-eabi/bin/../lib/gcc/arm-none-eabi/10.2.1/../../../../arm-none-eabi/lib/thumb/v7e-m+fp/hard\libg.a(lib_a-init.o)
                0x08004be8                __libc_init_array
 .text.memset   0x08004c30       0xa4 d:/053-gcc-arm-none-eabi/bin/../lib/gcc/arm-none-eabi/10.2.1/../../../../arm-none-eabi/lib/thumb/v7e-m+fp/hard\libg.a(lib_a-memset.o)
                0x08004c30                memset
 .text.startup.register_fini
                0x08004cd4       0x14 d:/053-gcc-arm-none-eabi/bin/../lib/gcc/arm-none-eabi/10.2.1/../../../../arm-none-eabi/lib/thumb/v7e-m+fp/hard\libg.a(lib_a-__call_atexit.o)
 .text.atexit   0x08004ce8        0xc d:/053-gcc-arm-none-eabi/bin/../lib/gcc/arm-none-eabi/10.2.1/../../../../arm-none-eabi/lib/thumb/v7e-m+fp/hard\libg.a(lib_a-atexit.o)
                0x08004ce8                atexit
 .text.__libc_fini_array
                0x08004cf4       0x2c d:/053-gcc-arm-none-eabi/bin/../lib/gcc/arm-none-eabi/10.2.1/../../../../arm-none-eabi/lib/thumb/v7e-m+fp/hard\libg.a(lib_a-fini.o)
                0x08004cf4                __libc_fini_array
 .text.__retarget_lock_acquire_recursive
                0x08004d20        0x4 d:/053-gcc-arm-none-eabi/bin/../lib/gcc/arm-none-eabi/10.2.1/../../../../arm-none-eabi/lib/thumb/v7e-m+fp/hard\libg.a(lib_a-lock.o)
                0x08004d20                __retarget_lock_acquire_recursive
 .text.__retarget_lock_release_recursive
                0x08004d24        0x4 d:/053-gcc-arm-none-eabi/bin/../lib/gcc/arm-none-eabi/10.2.1/../../../../arm-none-eabi/lib/thumb/v7e-m+fp/hard\libg.a(lib_a-lock.o)
                0x08004d24                __retarget_lock_release_recursive
 .text.__register_exitproc
                0x08004d28       0x8c d:/053-gcc-arm-none-eabi/bin/../lib/gcc/arm-none-eabi/10.2.1/../../../../arm-none-eabi/lib/thumb/v7e-m+fp/hard\libg.a(lib_a-__atexit.o)
                0x08004d28                __register_exitproc
 *(.glue_7)
 .glue_7        0x08004db4        0x0 linker stubs
 *(.glue_7t)
 .glue_7t       0x08004db4        0x0 linker stubs
 *(.eh_frame)
 .eh_frame      0x08004db4        0x0 d:/053-gcc-arm-none-eabi/bin/../lib/gcc/arm-none-eabi/10.2.1/thumb/v7e-m+fp/hard/crtbegin.o
 *(.init)
 .init          0x08004db4        0x4 d:/053-gcc-arm-none-eabi/bin/../lib/gcc/arm-none-eabi/10.2.1/thumb/v7e-m+fp/hard/crti.o
                0x08004db4                _init
 .init          0x08004db8        0x8 d:/053-gcc-arm-none-eabi/bin/../lib/gcc/arm-none-eabi/10.2.1/thumb/v7e-m+fp/hard/crtn.o
 *(.fini)
 .fini          0x08004dc0        0x4 d:/053-gcc-arm-none-eabi/bin/../lib/gcc/arm-none-eabi/10.2.1/thumb/v7e-m+fp/hard/crti.o
                0x08004dc0                _fini
 .fini          0x08004dc4        0x8 d:/053-gcc-arm-none-eabi/bin/../lib/gcc/arm-none-eabi/10.2.1/thumb/v7e-m+fp/hard/crtn.o
                0x08004dcc                . = ALIGN (0x4)
                0x08004dcc                _etext = .

.vfp11_veneer   0x08004dcc        0x0
 .vfp11_veneer  0x08004dcc        0x0 linker stubs

.v4_bx          0x08004dcc        0x0
 .v4_bx         0x08004dcc        0x0 linker stubs

.iplt           0x08004dcc        0x0
 .iplt          0x08004dcc        0x0 d:/053-gcc-arm-none-eabi/bin/../lib/gcc/arm-none-eabi/10.2.1/thumb/v7e-m+fp/hard/crtbegin.o

.rodata         0x08004dcc       0x94
                0x08004dcc                . = ALIGN (0x4)
 *(.rodata)
 .rodata        0x08004dcc       0x1c CMakeFiles/Autobot_basement1_0.elf.dir/Core/Src/main.c.obj
 *(.rodata*)
 .rodata.str1.4
                0x08004de8        0xc CMakeFiles/Autobot_basement1_0.elf.dir/Core/Src/main.c.obj
 .rodata.AHBPrescTable
                0x08004df4       0x10 CMakeFiles/Autobot_basement1_0.elf.dir/Core/Src/system_stm32f4xx.c.obj
                0x08004df4                AHBPrescTable
 .rodata.APBPrescTable
                0x08004e04        0x8 CMakeFiles/Autobot_basement1_0.elf.dir/Core/Src/system_stm32f4xx.c.obj
                0x08004e04                APBPrescTable
 .rodata.vTaskStartScheduler.str1.4
                0x08004e0c        0x5 CMakeFiles/Autobot_basement1_0.elf.dir/Middlewares/Third_Party/FreeRTOS/Source/tasks.c.obj
 *fill*         0x08004e11        0x3 
 .rodata.USBD_FS_ProductStrDescriptor.str1.4
                0x08004e14       0x16 CMakeFiles/Autobot_basement1_0.elf.dir/USB_DEVICE/App/usbd_desc.c.obj
 *fill*         0x08004e2a        0x2 
 .rodata.USBD_FS_ManufacturerStrDescriptor.str1.4
                0x08004e2c       0x13 CMakeFiles/Autobot_basement1_0.elf.dir/USB_DEVICE/App/usbd_desc.c.obj
 *fill*         0x08004e3f        0x1 
 .rodata.USBD_FS_ConfigStrDescriptor.str1.4
                0x08004e40        0xb CMakeFiles/Autobot_basement1_0.elf.dir/USB_DEVICE/App/usbd_desc.c.obj
 *fill*         0x08004e4b        0x1 
 .rodata.USBD_FS_InterfaceStrDescriptor.str1.4
                0x08004e4c        0xe CMakeFiles/Autobot_basement1_0.elf.dir/USB_DEVICE/App/usbd_desc.c.obj
 *fill*         0x08004e5a        0x2 
 .rodata._global_impure_ptr
                0x08004e5c        0x4 d:/053-gcc-arm-none-eabi/bin/../lib/gcc/arm-none-eabi/10.2.1/../../../../arm-none-eabi/lib/thumb/v7e-m+fp/hard\libg.a(lib_a-impure.o)
                0x08004e5c                _global_impure_ptr
                0x08004e60                . = ALIGN (0x4)

.ARM.extab
 *(.ARM.extab* .gnu.linkonce.armextab.*)

.ARM            0x08004e60        0x8
                0x08004e60                __exidx_start = .
 *(.ARM.exidx*)
 .ARM.exidx     0x08004e60        0x8 d:/053-gcc-arm-none-eabi/bin/../lib/gcc/arm-none-eabi/10.2.1/thumb/v7e-m+fp/hard\libgcc.a(_udivmoddi4.o)
                0x08004e68                __exidx_end = .

.rel.dyn        0x08004e68        0x0
 .rel.iplt      0x08004e68        0x0 d:/053-gcc-arm-none-eabi/bin/../lib/gcc/arm-none-eabi/10.2.1/thumb/v7e-m+fp/hard/crtbegin.o

.preinit_array  0x08004e68        0x0
                0x08004e68                PROVIDE (__preinit_array_start = .)
 *(.preinit_array*)
                0x08004e68                PROVIDE (__preinit_array_end = .)

.init_array     0x08004e68        0x8
                0x08004e68                PROVIDE (__init_array_start = .)
 *(SORT_BY_NAME(.init_array.*))
 .init_array.00000
                0x08004e68        0x4 d:/053-gcc-arm-none-eabi/bin/../lib/gcc/arm-none-eabi/10.2.1/../../../../arm-none-eabi/lib/thumb/v7e-m+fp/hard\libg.a(lib_a-__call_atexit.o)
 *(.init_array*)
 .init_array    0x08004e6c        0x4 d:/053-gcc-arm-none-eabi/bin/../lib/gcc/arm-none-eabi/10.2.1/thumb/v7e-m+fp/hard/crtbegin.o
                0x08004e70                PROVIDE (__init_array_end = .)

.fini_array     0x08004e70        0x4
                0x08004e70                PROVIDE (__fini_array_start = .)
 *(SORT_BY_NAME(.fini_array.*))
 *(.fini_array*)
 .fini_array    0x08004e70        0x4 d:/053-gcc-arm-none-eabi/bin/../lib/gcc/arm-none-eabi/10.2.1/thumb/v7e-m+fp/hard/crtbegin.o
                0x08004e74                PROVIDE (__fini_array_end = .)
                0x08004e74                _sidata = LOADADDR (.data)

.data           0x20000000      0x5b4 load address 0x08004e74
                0x20000000                . = ALIGN (0x4)
                0x20000000                _sdata = .
 *(.data)
 *(.data*)
 .data.SystemCoreClock
                0x20000000        0x4 CMakeFiles/Autobot_basement1_0.elf.dir/Core/Src/system_stm32f4xx.c.obj
                0x20000000                SystemCoreClock
 .data.uwTickFreq
                0x20000004        0x1 CMakeFiles/Autobot_basement1_0.elf.dir/Drivers/STM32F4xx_HAL_Driver/Src/stm32f4xx_hal.c.obj
                0x20000004                uwTickFreq
 *fill*         0x20000005        0x3 
 .data.uwTickPrio
                0x20000008        0x4 CMakeFiles/Autobot_basement1_0.elf.dir/Drivers/STM32F4xx_HAL_Driver/Src/stm32f4xx_hal.c.obj
                0x20000008                uwTickPrio
 .data.USBD_CDC
                0x2000000c       0x38 CMakeFiles/Autobot_basement1_0.elf.dir/Middlewares/ST/STM32_USB_Device_Library/Class/CDC/Src/usbd_cdc.c.obj
                0x2000000c                USBD_CDC
 .data.USBD_CDC_CfgFSDesc
                0x20000044       0x43 CMakeFiles/Autobot_basement1_0.elf.dir/Middlewares/ST/STM32_USB_Device_Library/Class/CDC/Src/usbd_cdc.c.obj
 *fill*         0x20000087        0x1 
 .data.USBD_CDC_CfgHSDesc
                0x20000088       0x43 CMakeFiles/Autobot_basement1_0.elf.dir/Middlewares/ST/STM32_USB_Device_Library/Class/CDC/Src/usbd_cdc.c.obj
 *fill*         0x200000cb        0x1 
 .data.USBD_CDC_DeviceQualifierDesc
                0x200000cc        0xa CMakeFiles/Autobot_basement1_0.elf.dir/Middlewares/ST/STM32_USB_Device_Library/Class/CDC/Src/usbd_cdc.c.obj
 *fill*         0x200000d6        0x2 
 .data.USBD_CDC_OtherSpeedCfgDesc
                0x200000d8       0x43 CMakeFiles/Autobot_basement1_0.elf.dir/Middlewares/ST/STM32_USB_Device_Library/Class/CDC/Src/usbd_cdc.c.obj
 *fill*         0x2000011b        0x1 
 .data.uxCriticalNesting
                0x2000011c        0x4 CMakeFiles/Autobot_basement1_0.elf.dir/Middlewares/Third_Party/FreeRTOS/Source/portable/GCC/ARM_CM4F/port.c.obj
 .data.USBD_Interface_fops_FS
                0x20000120       0x14 CMakeFiles/Autobot_basement1_0.elf.dir/USB_DEVICE/App/usbd_cdc_if.c.obj
                0x20000120                USBD_Interface_fops_FS
 .data.FS_Desc  0x20000134       0x1c CMakeFiles/Autobot_basement1_0.elf.dir/USB_DEVICE/App/usbd_desc.c.obj
                0x20000134                FS_Desc
 .data.USBD_FS_DeviceDesc
                0x20000150       0x12 CMakeFiles/Autobot_basement1_0.elf.dir/USB_DEVICE/App/usbd_desc.c.obj
                0x20000150                USBD_FS_DeviceDesc
 *fill*         0x20000162        0x2 
 .data.USBD_LangIDDesc
                0x20000164        0x4 CMakeFiles/Autobot_basement1_0.elf.dir/USB_DEVICE/App/usbd_desc.c.obj
                0x20000164                USBD_LangIDDesc
 .data.USBD_StringSerial
                0x20000168       0x1a CMakeFiles/Autobot_basement1_0.elf.dir/USB_DEVICE/App/usbd_desc.c.obj
                0x20000168                USBD_StringSerial
 *fill*         0x20000182        0x6 
 .data.impure_data
                0x20000188      0x428 d:/053-gcc-arm-none-eabi/bin/../lib/gcc/arm-none-eabi/10.2.1/../../../../arm-none-eabi/lib/thumb/v7e-m+fp/hard\libg.a(lib_a-impure.o)
 .data.__atexit_recursive_mutex
                0x200005b0        0x4 d:/053-gcc-arm-none-eabi/bin/../lib/gcc/arm-none-eabi/10.2.1/../../../../arm-none-eabi/lib/thumb/v7e-m+fp/hard\libg.a(lib_a-__call_atexit.o)
                0x200005b0                __atexit_recursive_mutex
                0x200005b4                . = ALIGN (0x4)
                0x200005b4                _edata = .
                0x08005428                _siccmram = LOADADDR (.ccmram)

.igot.plt       0x200005b4        0x0 load address 0x08005428
 .igot.plt      0x200005b4        0x0 d:/053-gcc-arm-none-eabi/bin/../lib/gcc/arm-none-eabi/10.2.1/thumb/v7e-m+fp/hard/crtbegin.o

.ccmram         0x10000000        0x0 load address 0x08005428
                0x10000000                . = ALIGN (0x4)
                0x10000000                _sccmram = .
 *(.ccmram)
 *(.ccmram*)
                0x10000000                . = ALIGN (0x4)
                0x10000000                _eccmram = .
                0x10000000                . = ALIGN (0x4)

.bss            0x200005b4     0x5b10
                0x200005b4                _sbss = .
                0x200005b4                __bss_start__ = _sbss
 *(.bss)
 .bss           0x200005b4       0x1c d:/053-gcc-arm-none-eabi/bin/../lib/gcc/arm-none-eabi/10.2.1/thumb/v7e-m+fp/hard/crtbegin.o
 *(.bss*)
 .bss.xIdleStack
                0x200005d0      0x200 CMakeFiles/Autobot_basement1_0.elf.dir/Core/Src/freertos.c.obj
 .bss.xIdleTaskTCBBuffer
                0x200007d0       0x54 CMakeFiles/Autobot_basement1_0.elf.dir/Core/Src/freertos.c.obj
 .bss.defaultTaskHandle
                0x20000824        0x4 CMakeFiles/Autobot_basement1_0.elf.dir/Core/Src/main.c.obj
                0x20000824                defaultTaskHandle
 .bss.htim14    0x20000828       0x48 CMakeFiles/Autobot_basement1_0.elf.dir/Core/Src/stm32f4xx_hal_timebase_tim.c.obj
                0x20000828                htim14
 .bss.uwTick    0x20000870        0x4 CMakeFiles/Autobot_basement1_0.elf.dir/Drivers/STM32F4xx_HAL_Driver/Src/stm32f4xx_hal.c.obj
                0x20000870                uwTick
 .bss.cfgidx.0  0x20000874        0x1 CMakeFiles/Autobot_basement1_0.elf.dir/Middlewares/ST/STM32_USB_Device_Library/Core/Src/usbd_ctlreq.c.obj
 .bss.ucMaxSysCallPriority
                0x20000875        0x1 CMakeFiles/Autobot_basement1_0.elf.dir/Middlewares/Third_Party/FreeRTOS/Source/portable/GCC/ARM_CM4F/port.c.obj
 *fill*         0x20000876        0x2 
 .bss.ulMaxPRIGROUPValue
                0x20000878        0x4 CMakeFiles/Autobot_basement1_0.elf.dir/Middlewares/Third_Party/FreeRTOS/Source/portable/GCC/ARM_CM4F/port.c.obj
 .bss.pxEnd     0x2000087c        0x4 CMakeFiles/Autobot_basement1_0.elf.dir/Middlewares/Third_Party/FreeRTOS/Source/portable/MemMang/heap_4.c.obj
 .bss.ucHeap    0x20000880     0x3c00 CMakeFiles/Autobot_basement1_0.elf.dir/Middlewares/Third_Party/FreeRTOS/Source/portable/MemMang/heap_4.c.obj
 .bss.xBlockAllocatedBit
                0x20004480        0x4 CMakeFiles/Autobot_basement1_0.elf.dir/Middlewares/Third_Party/FreeRTOS/Source/portable/MemMang/heap_4.c.obj
 .bss.xFreeBytesRemaining
                0x20004484        0x4 CMakeFiles/Autobot_basement1_0.elf.dir/Middlewares/Third_Party/FreeRTOS/Source/portable/MemMang/heap_4.c.obj
 .bss.xMinimumEverFreeBytesRemaining
                0x20004488        0x4 CMakeFiles/Autobot_basement1_0.elf.dir/Middlewares/Third_Party/FreeRTOS/Source/portable/MemMang/heap_4.c.obj
 .bss.xNumberOfSuccessfulAllocations
                0x2000448c        0x4 CMakeFiles/Autobot_basement1_0.elf.dir/Middlewares/Third_Party/FreeRTOS/Source/portable/MemMang/heap_4.c.obj
 .bss.xNumberOfSuccessfulFrees
                0x20004490        0x4 CMakeFiles/Autobot_basement1_0.elf.dir/Middlewares/Third_Party/FreeRTOS/Source/portable/MemMang/heap_4.c.obj
 .bss.xStart    0x20004494        0x8 CMakeFiles/Autobot_basement1_0.elf.dir/Middlewares/Third_Party/FreeRTOS/Source/portable/MemMang/heap_4.c.obj
 .bss.pxCurrentTCB
                0x2000449c        0x4 CMakeFiles/Autobot_basement1_0.elf.dir/Middlewares/Third_Party/FreeRTOS/Source/tasks.c.obj
                0x2000449c                pxCurrentTCB
 .bss.pxDelayedTaskList
                0x200044a0        0x4 CMakeFiles/Autobot_basement1_0.elf.dir/Middlewares/Third_Party/FreeRTOS/Source/tasks.c.obj
 .bss.pxOverflowDelayedTaskList
                0x200044a4        0x4 CMakeFiles/Autobot_basement1_0.elf.dir/Middlewares/Third_Party/FreeRTOS/Source/tasks.c.obj
 .bss.pxReadyTasksLists
                0x200044a8       0x8c CMakeFiles/Autobot_basement1_0.elf.dir/Middlewares/Third_Party/FreeRTOS/Source/tasks.c.obj
 .bss.uxCurrentNumberOfTasks
                0x20004534        0x4 CMakeFiles/Autobot_basement1_0.elf.dir/Middlewares/Third_Party/FreeRTOS/Source/tasks.c.obj
 .bss.uxDeletedTasksWaitingCleanUp
                0x20004538        0x4 CMakeFiles/Autobot_basement1_0.elf.dir/Middlewares/Third_Party/FreeRTOS/Source/tasks.c.obj
 .bss.uxSchedulerSuspended
                0x2000453c        0x4 CMakeFiles/Autobot_basement1_0.elf.dir/Middlewares/Third_Party/FreeRTOS/Source/tasks.c.obj
 .bss.uxTaskNumber
                0x20004540        0x4 CMakeFiles/Autobot_basement1_0.elf.dir/Middlewares/Third_Party/FreeRTOS/Source/tasks.c.obj
 .bss.uxTopReadyPriority
                0x20004544        0x4 CMakeFiles/Autobot_basement1_0.elf.dir/Middlewares/Third_Party/FreeRTOS/Source/tasks.c.obj
 .bss.xDelayedTaskList1
                0x20004548       0x14 CMakeFiles/Autobot_basement1_0.elf.dir/Middlewares/Third_Party/FreeRTOS/Source/tasks.c.obj
 .bss.xDelayedTaskList2
                0x2000455c       0x14 CMakeFiles/Autobot_basement1_0.elf.dir/Middlewares/Third_Party/FreeRTOS/Source/tasks.c.obj
 .bss.xIdleTaskHandle
                0x20004570        0x4 CMakeFiles/Autobot_basement1_0.elf.dir/Middlewares/Third_Party/FreeRTOS/Source/tasks.c.obj
 .bss.xNextTaskUnblockTime
                0x20004574        0x4 CMakeFiles/Autobot_basement1_0.elf.dir/Middlewares/Third_Party/FreeRTOS/Source/tasks.c.obj
 .bss.xNumOfOverflows
                0x20004578        0x4 CMakeFiles/Autobot_basement1_0.elf.dir/Middlewares/Third_Party/FreeRTOS/Source/tasks.c.obj
 .bss.xPendedTicks
                0x2000457c        0x4 CMakeFiles/Autobot_basement1_0.elf.dir/Middlewares/Third_Party/FreeRTOS/Source/tasks.c.obj
 .bss.xPendingReadyList
                0x20004580       0x14 CMakeFiles/Autobot_basement1_0.elf.dir/Middlewares/Third_Party/FreeRTOS/Source/tasks.c.obj
 .bss.xSchedulerRunning
                0x20004594        0x4 CMakeFiles/Autobot_basement1_0.elf.dir/Middlewares/Third_Party/FreeRTOS/Source/tasks.c.obj
 .bss.xSuspendedTaskList
                0x20004598       0x14 CMakeFiles/Autobot_basement1_0.elf.dir/Middlewares/Third_Party/FreeRTOS/Source/tasks.c.obj
 .bss.xTasksWaitingTermination
                0x200045ac       0x14 CMakeFiles/Autobot_basement1_0.elf.dir/Middlewares/Third_Party/FreeRTOS/Source/tasks.c.obj
 .bss.xTickCount
                0x200045c0        0x4 CMakeFiles/Autobot_basement1_0.elf.dir/Middlewares/Third_Party/FreeRTOS/Source/tasks.c.obj
 .bss.xYieldPending
                0x200045c4        0x4 CMakeFiles/Autobot_basement1_0.elf.dir/Middlewares/Third_Party/FreeRTOS/Source/tasks.c.obj
 .bss.hUsbDeviceFS
                0x200045c8      0x2d0 CMakeFiles/Autobot_basement1_0.elf.dir/USB_DEVICE/App/usb_device.c.obj
                0x200045c8                hUsbDeviceFS
 .bss.UserRxBufferFS
                0x20004898      0x800 CMakeFiles/Autobot_basement1_0.elf.dir/USB_DEVICE/App/usbd_cdc_if.c.obj
                0x20004898                UserRxBufferFS
 .bss.UserTxBufferFS
                0x20005098      0x800 CMakeFiles/Autobot_basement1_0.elf.dir/USB_DEVICE/App/usbd_cdc_if.c.obj
                0x20005098                UserTxBufferFS
 .bss.USBD_StrDesc
                0x20005898      0x200 CMakeFiles/Autobot_basement1_0.elf.dir/USB_DEVICE/App/usbd_desc.c.obj
                0x20005898                USBD_StrDesc
 .bss.hpcd_USB_OTG_FS
                0x20005a98      0x408 CMakeFiles/Autobot_basement1_0.elf.dir/USB_DEVICE/Target/usbd_conf.c.obj
                0x20005a98                hpcd_USB_OTG_FS
 .bss.mem.0     0x20005ea0      0x220 CMakeFiles/Autobot_basement1_0.elf.dir/USB_DEVICE/Target/usbd_conf.c.obj
 .bss.__lock___atexit_recursive_mutex
                0x200060c0        0x1 d:/053-gcc-arm-none-eabi/bin/../lib/gcc/arm-none-eabi/10.2.1/../../../../arm-none-eabi/lib/thumb/v7e-m+fp/hard\libg.a(lib_a-lock.o)
                0x200060c0                __lock___atexit_recursive_mutex
 *(COMMON)
                0x200060c4                . = ALIGN (0x4)
 *fill*         0x200060c1        0x3 
                0x200060c4                _ebss = .
                0x200060c4                __bss_end__ = _ebss

._user_heap_stack
                0x200060c4      0x604
                0x200060c8                . = ALIGN (0x8)
 *fill*         0x200060c4        0x4 
                0x200060c8                PROVIDE (end = .)
                [!provide]                PROVIDE (_end = .)
                0x200062c8                . = (. + _Min_Heap_Size)
 *fill*         0x200060c8      0x200 
                0x200066c8                . = (. + _Min_Stack_Size)
 *fill*         0x200062c8      0x400 
                0x200066c8                . = ALIGN (0x8)

/DISCARD/
 libc.a(*)
 libm.a(*)
 libgcc.a(*)

.ARM.attributes
                0x00000000       0x30
 *(.ARM.attributes)
 .ARM.attributes
                0x00000000       0x1e d:/053-gcc-arm-none-eabi/bin/../lib/gcc/arm-none-eabi/10.2.1/thumb/v7e-m+fp/hard/crti.o
 .ARM.attributes
                0x0000001e       0x34 d:/053-gcc-arm-none-eabi/bin/../lib/gcc/arm-none-eabi/10.2.1/thumb/v7e-m+fp/hard/crtbegin.o
 .ARM.attributes
                0x00000052       0x34 CMakeFiles/Autobot_basement1_0.elf.dir/Core/Src/freertos.c.obj
 .ARM.attributes
                0x00000086       0x34 CMakeFiles/Autobot_basement1_0.elf.dir/Core/Src/main.c.obj
 .ARM.attributes
                0x000000ba       0x34 CMakeFiles/Autobot_basement1_0.elf.dir/Core/Src/stm32f4xx_hal_msp.c.obj
 .ARM.attributes
                0x000000ee       0x34 CMakeFiles/Autobot_basement1_0.elf.dir/Core/Src/stm32f4xx_hal_timebase_tim.c.obj
 .ARM.attributes
                0x00000122       0x34 CMakeFiles/Autobot_basement1_0.elf.dir/Core/Src/stm32f4xx_it.c.obj
 .ARM.attributes
                0x00000156       0x34 CMakeFiles/Autobot_basement1_0.elf.dir/Core/Src/system_stm32f4xx.c.obj
 .ARM.attributes
                0x0000018a       0x34 CMakeFiles/Autobot_basement1_0.elf.dir/Drivers/STM32F4xx_HAL_Driver/Src/stm32f4xx_hal.c.obj
 .ARM.attributes
                0x000001be       0x34 CMakeFiles/Autobot_basement1_0.elf.dir/Drivers/STM32F4xx_HAL_Driver/Src/stm32f4xx_hal_cortex.c.obj
 .ARM.attributes
                0x000001f2       0x34 CMakeFiles/Autobot_basement1_0.elf.dir/Drivers/STM32F4xx_HAL_Driver/Src/stm32f4xx_hal_gpio.c.obj
 .ARM.attributes
                0x00000226       0x34 CMakeFiles/Autobot_basement1_0.elf.dir/Drivers/STM32F4xx_HAL_Driver/Src/stm32f4xx_hal_pcd.c.obj
 .ARM.attributes
                0x0000025a       0x34 CMakeFiles/Autobot_basement1_0.elf.dir/Drivers/STM32F4xx_HAL_Driver/Src/stm32f4xx_hal_pcd_ex.c.obj
 .ARM.attributes
                0x0000028e       0x34 CMakeFiles/Autobot_basement1_0.elf.dir/Drivers/STM32F4xx_HAL_Driver/Src/stm32f4xx_hal_rcc.c.obj
 .ARM.attributes
                0x000002c2       0x34 CMakeFiles/Autobot_basement1_0.elf.dir/Drivers/STM32F4xx_HAL_Driver/Src/stm32f4xx_hal_tim.c.obj
 .ARM.attributes
                0x000002f6       0x34 CMakeFiles/Autobot_basement1_0.elf.dir/Drivers/STM32F4xx_HAL_Driver/Src/stm32f4xx_hal_tim_ex.c.obj
 .ARM.attributes
                0x0000032a       0x34 CMakeFiles/Autobot_basement1_0.elf.dir/Drivers/STM32F4xx_HAL_Driver/Src/stm32f4xx_ll_usb.c.obj
 .ARM.attributes
                0x0000035e       0x34 CMakeFiles/Autobot_basement1_0.elf.dir/Middlewares/ST/STM32_USB_Device_Library/Class/CDC/Src/usbd_cdc.c.obj
 .ARM.attributes
                0x00000392       0x34 CMakeFiles/Autobot_basement1_0.elf.dir/Middlewares/ST/STM32_USB_Device_Library/Core/Src/usbd_core.c.obj
 .ARM.attributes
                0x000003c6       0x34 CMakeFiles/Autobot_basement1_0.elf.dir/Middlewares/ST/STM32_USB_Device_Library/Core/Src/usbd_ctlreq.c.obj
 .ARM.attributes
                0x000003fa       0x34 CMakeFiles/Autobot_basement1_0.elf.dir/Middlewares/ST/STM32_USB_Device_Library/Core/Src/usbd_ioreq.c.obj
 .ARM.attributes
                0x0000042e       0x34 CMakeFiles/Autobot_basement1_0.elf.dir/Middlewares/Third_Party/FreeRTOS/Source/CMSIS_RTOS/cmsis_os.c.obj
 .ARM.attributes
                0x00000462       0x34 CMakeFiles/Autobot_basement1_0.elf.dir/Middlewares/Third_Party/FreeRTOS/Source/list.c.obj
 .ARM.attributes
                0x00000496       0x34 CMakeFiles/Autobot_basement1_0.elf.dir/Middlewares/Third_Party/FreeRTOS/Source/portable/GCC/ARM_CM4F/port.c.obj
 .ARM.attributes
                0x000004ca       0x34 CMakeFiles/Autobot_basement1_0.elf.dir/Middlewares/Third_Party/FreeRTOS/Source/portable/MemMang/heap_4.c.obj
 .ARM.attributes
                0x000004fe       0x34 CMakeFiles/Autobot_basement1_0.elf.dir/Middlewares/Third_Party/FreeRTOS/Source/tasks.c.obj
 .ARM.attributes
                0x00000532       0x34 CMakeFiles/Autobot_basement1_0.elf.dir/USB_DEVICE/App/usb_device.c.obj
 .ARM.attributes
                0x00000566       0x34 CMakeFiles/Autobot_basement1_0.elf.dir/USB_DEVICE/App/usbd_cdc_if.c.obj
 .ARM.attributes
                0x0000059a       0x34 CMakeFiles/Autobot_basement1_0.elf.dir/USB_DEVICE/App/usbd_desc.c.obj
 .ARM.attributes
                0x000005ce       0x34 CMakeFiles/Autobot_basement1_0.elf.dir/USB_DEVICE/Target/usbd_conf.c.obj
 .ARM.attributes
                0x00000602       0x21 CMakeFiles/Autobot_basement1_0.elf.dir/startup/startup_stm32f407xx.s.obj
 .ARM.attributes
                0x00000623       0x1e d:/053-gcc-arm-none-eabi/bin/../lib/gcc/arm-none-eabi/10.2.1/thumb/v7e-m+fp/hard\libgcc.a(_aeabi_uldivmod.o)
 .ARM.attributes
                0x00000641       0x34 d:/053-gcc-arm-none-eabi/bin/../lib/gcc/arm-none-eabi/10.2.1/thumb/v7e-m+fp/hard\libgcc.a(_udivmoddi4.o)
 .ARM.attributes
                0x00000675       0x1e d:/053-gcc-arm-none-eabi/bin/../lib/gcc/arm-none-eabi/10.2.1/thumb/v7e-m+fp/hard\libgcc.a(_dvmd_tls.o)
 .ARM.attributes
                0x00000693       0x32 d:/053-gcc-arm-none-eabi/bin/../lib/gcc/arm-none-eabi/10.2.1/../../../../arm-none-eabi/lib/thumb/v7e-m+fp/hard\libg.a(lib_a-impure.o)
 .ARM.attributes
                0x000006c5       0x34 d:/053-gcc-arm-none-eabi/bin/../lib/gcc/arm-none-eabi/10.2.1/../../../../arm-none-eabi/lib/thumb/v7e-m+fp/hard\libg.a(lib_a-init.o)
 .ARM.attributes
                0x000006f9       0x34 d:/053-gcc-arm-none-eabi/bin/../lib/gcc/arm-none-eabi/10.2.1/../../../../arm-none-eabi/lib/thumb/v7e-m+fp/hard\libg.a(lib_a-memset.o)
 .ARM.attributes
                0x0000072d       0x34 d:/053-gcc-arm-none-eabi/bin/../lib/gcc/arm-none-eabi/10.2.1/../../../../arm-none-eabi/lib/thumb/v7e-m+fp/hard\libg.a(lib_a-__call_atexit.o)
 .ARM.attributes
                0x00000761       0x34 d:/053-gcc-arm-none-eabi/bin/../lib/gcc/arm-none-eabi/10.2.1/../../../../arm-none-eabi/lib/thumb/v7e-m+fp/hard\libg.a(lib_a-atexit.o)
 .ARM.attributes
                0x00000795       0x34 d:/053-gcc-arm-none-eabi/bin/../lib/gcc/arm-none-eabi/10.2.1/../../../../arm-none-eabi/lib/thumb/v7e-m+fp/hard\libg.a(lib_a-fini.o)
 .ARM.attributes
                0x000007c9       0x34 d:/053-gcc-arm-none-eabi/bin/../lib/gcc/arm-none-eabi/10.2.1/../../../../arm-none-eabi/lib/thumb/v7e-m+fp/hard\libg.a(lib_a-lock.o)
 .ARM.attributes
                0x000007fd       0x34 d:/053-gcc-arm-none-eabi/bin/../lib/gcc/arm-none-eabi/10.2.1/../../../../arm-none-eabi/lib/thumb/v7e-m+fp/hard\libg.a(lib_a-__atexit.o)
 .ARM.attributes
                0x00000831       0x1e d:/053-gcc-arm-none-eabi/bin/../lib/gcc/arm-none-eabi/10.2.1/thumb/v7e-m+fp/hard/crtn.o
OUTPUT(Autobot_basement1_0.elf elf32-littlearm)
LOAD linker stubs
LOAD d:/053-gcc-arm-none-eabi/bin/../lib/gcc/arm-none-eabi/10.2.1/../../../../arm-none-eabi/lib/thumb/v7e-m+fp/hard\libc.a
LOAD d:/053-gcc-arm-none-eabi/bin/../lib/gcc/arm-none-eabi/10.2.1/../../../../arm-none-eabi/lib/thumb/v7e-m+fp/hard\libm.a
LOAD d:/053-gcc-arm-none-eabi/bin/../lib/gcc/arm-none-eabi/10.2.1/thumb/v7e-m+fp/hard\libgcc.a

.debug_info     0x00000000    0x1c79f
 .debug_info    0x00000000      0x28d CMakeFiles/Autobot_basement1_0.elf.dir/Core/Src/freertos.c.obj
 .debug_info    0x0000028d     0x1096 CMakeFiles/Autobot_basement1_0.elf.dir/Core/Src/main.c.obj
 .debug_info    0x00001323      0x4f8 CMakeFiles/Autobot_basement1_0.elf.dir/Core/Src/stm32f4xx_hal_msp.c.obj
 .debug_info    0x0000181b      0xc62 CMakeFiles/Autobot_basement1_0.elf.dir/Core/Src/stm32f4xx_hal_timebase_tim.c.obj
 .debug_info    0x0000247d      0xbb9 CMakeFiles/Autobot_basement1_0.elf.dir/Core/Src/stm32f4xx_it.c.obj
 .debug_info    0x00003036      0x538 CMakeFiles/Autobot_basement1_0.elf.dir/Core/Src/system_stm32f4xx.c.obj
 .debug_info    0x0000356e      0x9f0 CMakeFiles/Autobot_basement1_0.elf.dir/Drivers/STM32F4xx_HAL_Driver/Src/stm32f4xx_hal.c.obj
 .debug_info    0x00003f5e     0x1098 CMakeFiles/Autobot_basement1_0.elf.dir/Drivers/STM32F4xx_HAL_Driver/Src/stm32f4xx_hal_cortex.c.obj
 .debug_info    0x00004ff6      0x7b0 CMakeFiles/Autobot_basement1_0.elf.dir/Drivers/STM32F4xx_HAL_Driver/Src/stm32f4xx_hal_gpio.c.obj
 .debug_info    0x000057a6     0x19dc CMakeFiles/Autobot_basement1_0.elf.dir/Drivers/STM32F4xx_HAL_Driver/Src/stm32f4xx_hal_pcd.c.obj
 .debug_info    0x00007182      0x6fe CMakeFiles/Autobot_basement1_0.elf.dir/Drivers/STM32F4xx_HAL_Driver/Src/stm32f4xx_hal_pcd_ex.c.obj
 .debug_info    0x00007880      0xb03 CMakeFiles/Autobot_basement1_0.elf.dir/Drivers/STM32F4xx_HAL_Driver/Src/stm32f4xx_hal_rcc.c.obj
 .debug_info    0x00008383     0x3d5c CMakeFiles/Autobot_basement1_0.elf.dir/Drivers/STM32F4xx_HAL_Driver/Src/stm32f4xx_hal_tim.c.obj
 .debug_info    0x0000c0df     0x1ade CMakeFiles/Autobot_basement1_0.elf.dir/Drivers/STM32F4xx_HAL_Driver/Src/stm32f4xx_hal_tim_ex.c.obj
 .debug_info    0x0000dbbd     0x1ee6 CMakeFiles/Autobot_basement1_0.elf.dir/Drivers/STM32F4xx_HAL_Driver/Src/stm32f4xx_ll_usb.c.obj
 .debug_info    0x0000faa3     0x13dc CMakeFiles/Autobot_basement1_0.elf.dir/Middlewares/ST/STM32_USB_Device_Library/Class/CDC/Src/usbd_cdc.c.obj
 .debug_info    0x00010e7f      0xe39 CMakeFiles/Autobot_basement1_0.elf.dir/Middlewares/ST/STM32_USB_Device_Library/Core/Src/usbd_core.c.obj
 .debug_info    0x00011cb8     0x12f2 CMakeFiles/Autobot_basement1_0.elf.dir/Middlewares/ST/STM32_USB_Device_Library/Core/Src/usbd_ctlreq.c.obj
 .debug_info    0x00012faa      0x871 CMakeFiles/Autobot_basement1_0.elf.dir/Middlewares/ST/STM32_USB_Device_Library/Core/Src/usbd_ioreq.c.obj
 .debug_info    0x0001381b     0x222b CMakeFiles/Autobot_basement1_0.elf.dir/Middlewares/Third_Party/FreeRTOS/Source/CMSIS_RTOS/cmsis_os.c.obj
 .debug_info    0x00015a46      0x2e0 CMakeFiles/Autobot_basement1_0.elf.dir/Middlewares/Third_Party/FreeRTOS/Source/list.c.obj
 .debug_info    0x00015d26      0x587 CMakeFiles/Autobot_basement1_0.elf.dir/Middlewares/Third_Party/FreeRTOS/Source/portable/GCC/ARM_CM4F/port.c.obj
 .debug_info    0x000162ad      0x5d9 CMakeFiles/Autobot_basement1_0.elf.dir/Middlewares/Third_Party/FreeRTOS/Source/portable/MemMang/heap_4.c.obj
 .debug_info    0x00016886     0x2971 CMakeFiles/Autobot_basement1_0.elf.dir/Middlewares/Third_Party/FreeRTOS/Source/tasks.c.obj
 .debug_info    0x000191f7      0x747 CMakeFiles/Autobot_basement1_0.elf.dir/USB_DEVICE/App/usb_device.c.obj
 .debug_info    0x0001993e      0x98e CMakeFiles/Autobot_basement1_0.elf.dir/USB_DEVICE/App/usbd_cdc_if.c.obj
 .debug_info    0x0001a2cc      0x5fd CMakeFiles/Autobot_basement1_0.elf.dir/USB_DEVICE/App/usbd_desc.c.obj
 .debug_info    0x0001a8c9     0x1eb4 CMakeFiles/Autobot_basement1_0.elf.dir/USB_DEVICE/Target/usbd_conf.c.obj
 .debug_info    0x0001c77d       0x22 CMakeFiles/Autobot_basement1_0.elf.dir/startup/startup_stm32f407xx.s.obj

.debug_abbrev   0x00000000     0x3df4
 .debug_abbrev  0x00000000       0xca CMakeFiles/Autobot_basement1_0.elf.dir/Core/Src/freertos.c.obj
 .debug_abbrev  0x000000ca      0x276 CMakeFiles/Autobot_basement1_0.elf.dir/Core/Src/main.c.obj
 .debug_abbrev  0x00000340      0x119 CMakeFiles/Autobot_basement1_0.elf.dir/Core/Src/stm32f4xx_hal_msp.c.obj
 .debug_abbrev  0x00000459      0x1ec CMakeFiles/Autobot_basement1_0.elf.dir/Core/Src/stm32f4xx_hal_timebase_tim.c.obj
 .debug_abbrev  0x00000645      0x1ca CMakeFiles/Autobot_basement1_0.elf.dir/Core/Src/stm32f4xx_it.c.obj
 .debug_abbrev  0x0000080f      0x119 CMakeFiles/Autobot_basement1_0.elf.dir/Core/Src/system_stm32f4xx.c.obj
 .debug_abbrev  0x00000928      0x206 CMakeFiles/Autobot_basement1_0.elf.dir/Drivers/STM32F4xx_HAL_Driver/Src/stm32f4xx_hal.c.obj
 .debug_abbrev  0x00000b2e      0x36a CMakeFiles/Autobot_basement1_0.elf.dir/Drivers/STM32F4xx_HAL_Driver/Src/stm32f4xx_hal_cortex.c.obj
 .debug_abbrev  0x00000e98      0x1ef CMakeFiles/Autobot_basement1_0.elf.dir/Drivers/STM32F4xx_HAL_Driver/Src/stm32f4xx_hal_gpio.c.obj
 .debug_abbrev  0x00001087      0x2a6 CMakeFiles/Autobot_basement1_0.elf.dir/Drivers/STM32F4xx_HAL_Driver/Src/stm32f4xx_hal_pcd.c.obj
 .debug_abbrev  0x0000132d      0x1e5 CMakeFiles/Autobot_basement1_0.elf.dir/Drivers/STM32F4xx_HAL_Driver/Src/stm32f4xx_hal_pcd_ex.c.obj
 .debug_abbrev  0x00001512      0x28a CMakeFiles/Autobot_basement1_0.elf.dir/Drivers/STM32F4xx_HAL_Driver/Src/stm32f4xx_hal_rcc.c.obj
 .debug_abbrev  0x0000179c      0x22b CMakeFiles/Autobot_basement1_0.elf.dir/Drivers/STM32F4xx_HAL_Driver/Src/stm32f4xx_hal_tim.c.obj
 .debug_abbrev  0x000019c7      0x241 CMakeFiles/Autobot_basement1_0.elf.dir/Drivers/STM32F4xx_HAL_Driver/Src/stm32f4xx_hal_tim_ex.c.obj
 .debug_abbrev  0x00001c08      0x2cb CMakeFiles/Autobot_basement1_0.elf.dir/Drivers/STM32F4xx_HAL_Driver/Src/stm32f4xx_ll_usb.c.obj
 .debug_abbrev  0x00001ed3      0x2de CMakeFiles/Autobot_basement1_0.elf.dir/Middlewares/ST/STM32_USB_Device_Library/Class/CDC/Src/usbd_cdc.c.obj
 .debug_abbrev  0x000021b1      0x250 CMakeFiles/Autobot_basement1_0.elf.dir/Middlewares/ST/STM32_USB_Device_Library/Core/Src/usbd_core.c.obj
 .debug_abbrev  0x00002401      0x33f CMakeFiles/Autobot_basement1_0.elf.dir/Middlewares/ST/STM32_USB_Device_Library/Core/Src/usbd_ctlreq.c.obj
 .debug_abbrev  0x00002740      0x195 CMakeFiles/Autobot_basement1_0.elf.dir/Middlewares/ST/STM32_USB_Device_Library/Core/Src/usbd_ioreq.c.obj
 .debug_abbrev  0x000028d5      0x35b CMakeFiles/Autobot_basement1_0.elf.dir/Middlewares/Third_Party/FreeRTOS/Source/CMSIS_RTOS/cmsis_os.c.obj
 .debug_abbrev  0x00002c30      0x106 CMakeFiles/Autobot_basement1_0.elf.dir/Middlewares/Third_Party/FreeRTOS/Source/list.c.obj
 .debug_abbrev  0x00002d36      0x26b CMakeFiles/Autobot_basement1_0.elf.dir/Middlewares/Third_Party/FreeRTOS/Source/portable/GCC/ARM_CM4F/port.c.obj
 .debug_abbrev  0x00002fa1      0x24b CMakeFiles/Autobot_basement1_0.elf.dir/Middlewares/Third_Party/FreeRTOS/Source/portable/MemMang/heap_4.c.obj
 .debug_abbrev  0x000031ec      0x313 CMakeFiles/Autobot_basement1_0.elf.dir/Middlewares/Third_Party/FreeRTOS/Source/tasks.c.obj
 .debug_abbrev  0x000034ff      0x1a7 CMakeFiles/Autobot_basement1_0.elf.dir/USB_DEVICE/App/usb_device.c.obj
 .debug_abbrev  0x000036a6      0x2b3 CMakeFiles/Autobot_basement1_0.elf.dir/USB_DEVICE/App/usbd_cdc_if.c.obj
 .debug_abbrev  0x00003959      0x1ca CMakeFiles/Autobot_basement1_0.elf.dir/USB_DEVICE/App/usbd_desc.c.obj
 .debug_abbrev  0x00003b23      0x2bf CMakeFiles/Autobot_basement1_0.elf.dir/USB_DEVICE/Target/usbd_conf.c.obj
 .debug_abbrev  0x00003de2       0x12 CMakeFiles/Autobot_basement1_0.elf.dir/startup/startup_stm32f407xx.s.obj

.debug_aranges  0x00000000     0x14b8
 .debug_aranges
                0x00000000       0x20 CMakeFiles/Autobot_basement1_0.elf.dir/Core/Src/freertos.c.obj
 .debug_aranges
                0x00000020       0x48 CMakeFiles/Autobot_basement1_0.elf.dir/Core/Src/main.c.obj
 .debug_aranges
                0x00000068       0x20 CMakeFiles/Autobot_basement1_0.elf.dir/Core/Src/stm32f4xx_hal_msp.c.obj
 .debug_aranges
                0x00000088       0x30 CMakeFiles/Autobot_basement1_0.elf.dir/Core/Src/stm32f4xx_hal_timebase_tim.c.obj
 .debug_aranges
                0x000000b8       0x58 CMakeFiles/Autobot_basement1_0.elf.dir/Core/Src/stm32f4xx_it.c.obj
 .debug_aranges
                0x00000110       0x28 CMakeFiles/Autobot_basement1_0.elf.dir/Core/Src/system_stm32f4xx.c.obj
 .debug_aranges
                0x00000138       0xf0 CMakeFiles/Autobot_basement1_0.elf.dir/Drivers/STM32F4xx_HAL_Driver/Src/stm32f4xx_hal.c.obj
 .debug_aranges
                0x00000228       0xa8 CMakeFiles/Autobot_basement1_0.elf.dir/Drivers/STM32F4xx_HAL_Driver/Src/stm32f4xx_hal_cortex.c.obj
 .debug_aranges
                0x000002d0       0x58 CMakeFiles/Autobot_basement1_0.elf.dir/Drivers/STM32F4xx_HAL_Driver/Src/stm32f4xx_hal_gpio.c.obj
 .debug_aranges
                0x00000328      0x138 CMakeFiles/Autobot_basement1_0.elf.dir/Drivers/STM32F4xx_HAL_Driver/Src/stm32f4xx_hal_pcd.c.obj
 .debug_aranges
                0x00000460       0x38 CMakeFiles/Autobot_basement1_0.elf.dir/Drivers/STM32F4xx_HAL_Driver/Src/stm32f4xx_hal_pcd_ex.c.obj
 .debug_aranges
                0x00000498       0x88 CMakeFiles/Autobot_basement1_0.elf.dir/Drivers/STM32F4xx_HAL_Driver/Src/stm32f4xx_hal_rcc.c.obj
 .debug_aranges